错误发生！错误属于：2,Undefined variable $banner，所在文件 /Users/kaizhang/Documents/web/parse/mov/index.php，位于行 47
错误发生！错误属于：2,foreach() argument must be of type array|object, null given，所在文件 /Users/kaizhang/Documents/web/parse/mov/index.php，位于行 47
错误发生！错误属于：2,Undefined variable $data，所在文件 /Users/kaizhang/Documents/web/parse/mov/index.php，位于行 60
错误发生！错误属于：2,Trying to access array offset on null，所在文件 /Users/kaizhang/Documents/web/parse/mov/index.php，位于行 60
错误发生！错误属于：2,foreach() argument must be of type array|object, null given，所在文件 /Users/kaizhang/Documents/web/parse/mov/index.php，位于行 60
错误发生！错误属于：2,Undefined variable $data，所在文件 /Users/kaizhang/Documents/web/parse/mov/index.php，位于行 82
错误发生！错误属于：2,Trying to access array offset on null，所在文件 /Users/kaizhang/Documents/web/parse/mov/index.php，位于行 82
错误发生！错误属于：2,foreach() argument must be of type array|object, null given，所在文件 /Users/kaizhang/Documents/web/parse/mov/index.php，位于行 82
错误发生！错误属于：2,Undefined variable $data，所在文件 /Users/kaizhang/Documents/web/parse/mov/index.php，位于行 104
错误发生！错误属于：2,Trying to access array offset on null，所在文件 /Users/kaizhang/Documents/web/parse/mov/index.php，位于行 104
错误发生！错误属于：2,foreach() argument must be of type array|object, null given，所在文件 /Users/kaizhang/Documents/web/parse/mov/index.php，位于行 104
错误发生！错误属于：2,Undefined variable $data，所在文件 /Users/kaizhang/Documents/web/parse/mov/index.php，位于行 126
错误发生！错误属于：2,Trying to access array offset on null，所在文件 /Users/kaizhang/Documents/web/parse/mov/index.php，位于行 126
错误发生！错误属于：2,foreach() argument must be of type array|object, null given，所在文件 /Users/kaizhang/Documents/web/parse/mov/index.php，位于行 126
错误发生！错误属于：2,Undefined variable $banner，所在文件 /Users/kaizhang/Documents/web/parse/mov/index.php，位于行 47
错误发生！错误属于：2,foreach() argument must be of type array|object, null given，所在文件 /Users/kaizhang/Documents/web/parse/mov/index.php，位于行 47
错误发生！错误属于：2,Undefined variable $data，所在文件 /Users/kaizhang/Documents/web/parse/mov/index.php，位于行 60
错误发生！错误属于：2,Trying to access array offset on null，所在文件 /Users/kaizhang/Documents/web/parse/mov/index.php，位于行 60
错误发生！错误属于：2,foreach() argument must be of type array|object, null given，所在文件 /Users/kaizhang/Documents/web/parse/mov/index.php，位于行 60
错误发生！错误属于：2,Undefined variable $data，所在文件 /Users/kaizhang/Documents/web/parse/mov/index.php，位于行 82
错误发生！错误属于：2,Trying to access array offset on null，所在文件 /Users/kaizhang/Documents/web/parse/mov/index.php，位于行 82
错误发生！错误属于：2,foreach() argument must be of type array|object, null given，所在文件 /Users/kaizhang/Documents/web/parse/mov/index.php，位于行 82
错误发生！错误属于：2,Undefined variable $data，所在文件 /Users/kaizhang/Documents/web/parse/mov/index.php，位于行 104
错误发生！错误属于：2,Trying to access array offset on null，所在文件 /Users/kaizhang/Documents/web/parse/mov/index.php，位于行 104
错误发生！错误属于：2,foreach() argument must be of type array|object, null given，所在文件 /Users/kaizhang/Documents/web/parse/mov/index.php，位于行 104
错误发生！错误属于：2,Undefined variable $data，所在文件 /Users/kaizhang/Documents/web/parse/mov/index.php，位于行 126
错误发生！错误属于：2,Trying to access array offset on null，所在文件 /Users/kaizhang/Documents/web/parse/mov/index.php，位于行 126
错误发生！错误属于：2,foreach() argument must be of type array|object, null given，所在文件 /Users/kaizhang/Documents/web/parse/mov/index.php，位于行 126
错误发生！错误属于：2,Undefined variable $banner，所在文件 /Users/kaizhang/Documents/web/parse/mov/index.php，位于行 47
错误发生！错误属于：2,foreach() argument must be of type array|object, null given，所在文件 /Users/kaizhang/Documents/web/parse/mov/index.php，位于行 47
错误发生！错误属于：2,Undefined variable $data，所在文件 /Users/kaizhang/Documents/web/parse/mov/index.php，位于行 60
错误发生！错误属于：2,Trying to access array offset on null，所在文件 /Users/kaizhang/Documents/web/parse/mov/index.php，位于行 60
错误发生！错误属于：2,foreach() argument must be of type array|object, null given，所在文件 /Users/kaizhang/Documents/web/parse/mov/index.php，位于行 60
错误发生！错误属于：2,Undefined variable $data，所在文件 /Users/kaizhang/Documents/web/parse/mov/index.php，位于行 82
错误发生！错误属于：2,Trying to access array offset on null，所在文件 /Users/kaizhang/Documents/web/parse/mov/index.php，位于行 82
错误发生！错误属于：2,foreach() argument must be of type array|object, null given，所在文件 /Users/kaizhang/Documents/web/parse/mov/index.php，位于行 82
错误发生！错误属于：2,Undefined variable $data，所在文件 /Users/kaizhang/Documents/web/parse/mov/index.php，位于行 104
错误发生！错误属于：2,Trying to access array offset on null，所在文件 /Users/kaizhang/Documents/web/parse/mov/index.php，位于行 104
错误发生！错误属于：2,foreach() argument must be of type array|object, null given，所在文件 /Users/kaizhang/Documents/web/parse/mov/index.php，位于行 104
错误发生！错误属于：2,Undefined variable $data，所在文件 /Users/kaizhang/Documents/web/parse/mov/index.php，位于行 126
错误发生！错误属于：2,Trying to access array offset on null，所在文件 /Users/kaizhang/Documents/web/parse/mov/index.php，位于行 126
错误发生！错误属于：2,foreach() argument must be of type array|object, null given，所在文件 /Users/kaizhang/Documents/web/parse/mov/index.php，位于行 126
错误发生！错误属于：2,Undefined variable $banner，所在文件 /Users/kaizhang/Documents/web/parse/mov/index.php，位于行 47
错误发生！错误属于：2,foreach() argument must be of type array|object, null given，所在文件 /Users/kaizhang/Documents/web/parse/mov/index.php，位于行 47
错误发生！错误属于：2,Undefined variable $data，所在文件 /Users/kaizhang/Documents/web/parse/mov/index.php，位于行 60
错误发生！错误属于：2,Trying to access array offset on null，所在文件 /Users/kaizhang/Documents/web/parse/mov/index.php，位于行 60
错误发生！错误属于：2,foreach() argument must be of type array|object, null given，所在文件 /Users/kaizhang/Documents/web/parse/mov/index.php，位于行 60
错误发生！错误属于：2,Undefined variable $data，所在文件 /Users/kaizhang/Documents/web/parse/mov/index.php，位于行 82
错误发生！错误属于：2,Trying to access array offset on null，所在文件 /Users/kaizhang/Documents/web/parse/mov/index.php，位于行 82
错误发生！错误属于：2,foreach() argument must be of type array|object, null given，所在文件 /Users/kaizhang/Documents/web/parse/mov/index.php，位于行 82
错误发生！错误属于：2,Undefined variable $data，所在文件 /Users/kaizhang/Documents/web/parse/mov/index.php，位于行 104
错误发生！错误属于：2,Trying to access array offset on null，所在文件 /Users/kaizhang/Documents/web/parse/mov/index.php，位于行 104
错误发生！错误属于：2,foreach() argument must be of type array|object, null given，所在文件 /Users/kaizhang/Documents/web/parse/mov/index.php，位于行 104
错误发生！错误属于：2,Undefined variable $data，所在文件 /Users/kaizhang/Documents/web/parse/mov/index.php，位于行 126
错误发生！错误属于：2,Trying to access array offset on null，所在文件 /Users/kaizhang/Documents/web/parse/mov/index.php，位于行 126
错误发生！错误属于：2,foreach() argument must be of type array|object, null given，所在文件 /Users/kaizhang/Documents/web/parse/mov/index.php，位于行 126
错误发生！错误属于：2,Undefined variable $banner，所在文件 /Users/kaizhang/Documents/web/parse/mov/index.php，位于行 47
错误发生！错误属于：2,foreach() argument must be of type array|object, null given，所在文件 /Users/kaizhang/Documents/web/parse/mov/index.php，位于行 47
错误发生！错误属于：2,Undefined variable $data，所在文件 /Users/kaizhang/Documents/web/parse/mov/index.php，位于行 60
错误发生！错误属于：2,Trying to access array offset on null，所在文件 /Users/kaizhang/Documents/web/parse/mov/index.php，位于行 60
错误发生！错误属于：2,foreach() argument must be of type array|object, null given，所在文件 /Users/kaizhang/Documents/web/parse/mov/index.php，位于行 60
错误发生！错误属于：2,Undefined variable $data，所在文件 /Users/kaizhang/Documents/web/parse/mov/index.php，位于行 82
错误发生！错误属于：2,Trying to access array offset on null，所在文件 /Users/kaizhang/Documents/web/parse/mov/index.php，位于行 82
错误发生！错误属于：2,foreach() argument must be of type array|object, null given，所在文件 /Users/kaizhang/Documents/web/parse/mov/index.php，位于行 82
错误发生！错误属于：2,Undefined variable $data，所在文件 /Users/kaizhang/Documents/web/parse/mov/index.php，位于行 104
错误发生！错误属于：2,Trying to access array offset on null，所在文件 /Users/kaizhang/Documents/web/parse/mov/index.php，位于行 104
错误发生！错误属于：2,foreach() argument must be of type array|object, null given，所在文件 /Users/kaizhang/Documents/web/parse/mov/index.php，位于行 104
错误发生！错误属于：2,Undefined variable $data，所在文件 /Users/kaizhang/Documents/web/parse/mov/index.php，位于行 126
错误发生！错误属于：2,Trying to access array offset on null，所在文件 /Users/kaizhang/Documents/web/parse/mov/index.php，位于行 126
错误发生！错误属于：2,foreach() argument must be of type array|object, null given，所在文件 /Users/kaizhang/Documents/web/parse/mov/index.php，位于行 126
错误发生！错误属于：2,Undefined variable $banner，所在文件 /Users/kaizhang/Documents/web/parse/mov/index.php，位于行 47
错误发生！错误属于：2,foreach() argument must be of type array|object, null given，所在文件 /Users/kaizhang/Documents/web/parse/mov/index.php，位于行 47
错误发生！错误属于：2,Undefined variable $data，所在文件 /Users/kaizhang/Documents/web/parse/mov/index.php，位于行 60
错误发生！错误属于：2,Trying to access array offset on null，所在文件 /Users/kaizhang/Documents/web/parse/mov/index.php，位于行 60
错误发生！错误属于：2,foreach() argument must be of type array|object, null given，所在文件 /Users/kaizhang/Documents/web/parse/mov/index.php，位于行 60
错误发生！错误属于：2,Undefined variable $data，所在文件 /Users/kaizhang/Documents/web/parse/mov/index.php，位于行 82
错误发生！错误属于：2,Trying to access array offset on null，所在文件 /Users/kaizhang/Documents/web/parse/mov/index.php，位于行 82
错误发生！错误属于：2,foreach() argument must be of type array|object, null given，所在文件 /Users/kaizhang/Documents/web/parse/mov/index.php，位于行 82
错误发生！错误属于：2,Undefined variable $data，所在文件 /Users/kaizhang/Documents/web/parse/mov/index.php，位于行 104
错误发生！错误属于：2,Trying to access array offset on null，所在文件 /Users/kaizhang/Documents/web/parse/mov/index.php，位于行 104
错误发生！错误属于：2,foreach() argument must be of type array|object, null given，所在文件 /Users/kaizhang/Documents/web/parse/mov/index.php，位于行 104
错误发生！错误属于：2,Undefined variable $data，所在文件 /Users/kaizhang/Documents/web/parse/mov/index.php，位于行 126
错误发生！错误属于：2,Trying to access array offset on null，所在文件 /Users/kaizhang/Documents/web/parse/mov/index.php，位于行 126
错误发生！错误属于：2,foreach() argument must be of type array|object, null given，所在文件 /Users/kaizhang/Documents/web/parse/mov/index.php，位于行 126
错误发生！错误属于：2,Undefined variable $banner，所在文件 /Users/kaizhang/Documents/web/parse/mov/index.php，位于行 47
错误发生！错误属于：2,foreach() argument must be of type array|object, null given，所在文件 /Users/kaizhang/Documents/web/parse/mov/index.php，位于行 47
错误发生！错误属于：2,Undefined variable $data，所在文件 /Users/kaizhang/Documents/web/parse/mov/index.php，位于行 60
错误发生！错误属于：2,Trying to access array offset on null，所在文件 /Users/kaizhang/Documents/web/parse/mov/index.php，位于行 60
错误发生！错误属于：2,foreach() argument must be of type array|object, null given，所在文件 /Users/kaizhang/Documents/web/parse/mov/index.php，位于行 60
错误发生！错误属于：2,Undefined variable $data，所在文件 /Users/kaizhang/Documents/web/parse/mov/index.php，位于行 82
错误发生！错误属于：2,Trying to access array offset on null，所在文件 /Users/kaizhang/Documents/web/parse/mov/index.php，位于行 82
错误发生！错误属于：2,foreach() argument must be of type array|object, null given，所在文件 /Users/kaizhang/Documents/web/parse/mov/index.php，位于行 82
错误发生！错误属于：2,Undefined variable $data，所在文件 /Users/kaizhang/Documents/web/parse/mov/index.php，位于行 104
错误发生！错误属于：2,Trying to access array offset on null，所在文件 /Users/kaizhang/Documents/web/parse/mov/index.php，位于行 104
错误发生！错误属于：2,foreach() argument must be of type array|object, null given，所在文件 /Users/kaizhang/Documents/web/parse/mov/index.php，位于行 104
错误发生！错误属于：2,Undefined variable $data，所在文件 /Users/kaizhang/Documents/web/parse/mov/index.php，位于行 126
错误发生！错误属于：2,Trying to access array offset on null，所在文件 /Users/kaizhang/Documents/web/parse/mov/index.php，位于行 126
错误发生！错误属于：2,foreach() argument must be of type array|object, null given，所在文件 /Users/kaizhang/Documents/web/parse/mov/index.php，位于行 126
错误发生！错误属于：2,Undefined variable $banner，所在文件 /Users/kaizhang/Documents/web/parse/mov/index.php，位于行 47
错误发生！错误属于：2,foreach() argument must be of type array|object, null given，所在文件 /Users/kaizhang/Documents/web/parse/mov/index.php，位于行 47
错误发生！错误属于：2,Undefined variable $data，所在文件 /Users/kaizhang/Documents/web/parse/mov/index.php，位于行 60
错误发生！错误属于：2,Trying to access array offset on null，所在文件 /Users/kaizhang/Documents/web/parse/mov/index.php，位于行 60
错误发生！错误属于：2,foreach() argument must be of type array|object, null given，所在文件 /Users/kaizhang/Documents/web/parse/mov/index.php，位于行 60
错误发生！错误属于：2,Undefined variable $data，所在文件 /Users/kaizhang/Documents/web/parse/mov/index.php，位于行 82
错误发生！错误属于：2,Trying to access array offset on null，所在文件 /Users/kaizhang/Documents/web/parse/mov/index.php，位于行 82
错误发生！错误属于：2,foreach() argument must be of type array|object, null given，所在文件 /Users/kaizhang/Documents/web/parse/mov/index.php，位于行 82
错误发生！错误属于：2,Undefined variable $data，所在文件 /Users/kaizhang/Documents/web/parse/mov/index.php，位于行 104
错误发生！错误属于：2,Trying to access array offset on null，所在文件 /Users/kaizhang/Documents/web/parse/mov/index.php，位于行 104
错误发生！错误属于：2,foreach() argument must be of type array|object, null given，所在文件 /Users/kaizhang/Documents/web/parse/mov/index.php，位于行 104
错误发生！错误属于：2,Undefined variable $data，所在文件 /Users/kaizhang/Documents/web/parse/mov/index.php，位于行 126
错误发生！错误属于：2,Trying to access array offset on null，所在文件 /Users/kaizhang/Documents/web/parse/mov/index.php，位于行 126
错误发生！错误属于：2,foreach() argument must be of type array|object, null given，所在文件 /Users/kaizhang/Documents/web/parse/mov/index.php，位于行 126
错误发生！错误属于：2,Undefined variable $banner，所在文件 /Users/kaizhang/Documents/web/parse/mov/index.php，位于行 47
错误发生！错误属于：2,foreach() argument must be of type array|object, null given，所在文件 /Users/kaizhang/Documents/web/parse/mov/index.php，位于行 47
错误发生！错误属于：2,Undefined variable $data，所在文件 /Users/kaizhang/Documents/web/parse/mov/index.php，位于行 60
错误发生！错误属于：2,Trying to access array offset on null，所在文件 /Users/kaizhang/Documents/web/parse/mov/index.php，位于行 60
错误发生！错误属于：2,foreach() argument must be of type array|object, null given，所在文件 /Users/kaizhang/Documents/web/parse/mov/index.php，位于行 60
错误发生！错误属于：2,Undefined variable $data，所在文件 /Users/kaizhang/Documents/web/parse/mov/index.php，位于行 82
错误发生！错误属于：2,Trying to access array offset on null，所在文件 /Users/kaizhang/Documents/web/parse/mov/index.php，位于行 82
错误发生！错误属于：2,foreach() argument must be of type array|object, null given，所在文件 /Users/kaizhang/Documents/web/parse/mov/index.php，位于行 82
错误发生！错误属于：2,Undefined variable $data，所在文件 /Users/kaizhang/Documents/web/parse/mov/index.php，位于行 104
错误发生！错误属于：2,Trying to access array offset on null，所在文件 /Users/kaizhang/Documents/web/parse/mov/index.php，位于行 104
错误发生！错误属于：2,foreach() argument must be of type array|object, null given，所在文件 /Users/kaizhang/Documents/web/parse/mov/index.php，位于行 104
错误发生！错误属于：2,Undefined variable $data，所在文件 /Users/kaizhang/Documents/web/parse/mov/index.php，位于行 126
错误发生！错误属于：2,Trying to access array offset on null，所在文件 /Users/kaizhang/Documents/web/parse/mov/index.php，位于行 126
错误发生！错误属于：2,foreach() argument must be of type array|object, null given，所在文件 /Users/kaizhang/Documents/web/parse/mov/index.php，位于行 126
错误发生！错误属于：2,Undefined variable $banner，所在文件 /Users/kaizhang/Documents/web/parse/mov/index.php，位于行 47
错误发生！错误属于：2,foreach() argument must be of type array|object, null given，所在文件 /Users/kaizhang/Documents/web/parse/mov/index.php，位于行 47
错误发生！错误属于：2,Undefined variable $data，所在文件 /Users/kaizhang/Documents/web/parse/mov/index.php，位于行 60
错误发生！错误属于：2,Trying to access array offset on null，所在文件 /Users/kaizhang/Documents/web/parse/mov/index.php，位于行 60
错误发生！错误属于：2,foreach() argument must be of type array|object, null given，所在文件 /Users/kaizhang/Documents/web/parse/mov/index.php，位于行 60
错误发生！错误属于：2,Undefined variable $data，所在文件 /Users/kaizhang/Documents/web/parse/mov/index.php，位于行 82
错误发生！错误属于：2,Trying to access array offset on null，所在文件 /Users/kaizhang/Documents/web/parse/mov/index.php，位于行 82
错误发生！错误属于：2,foreach() argument must be of type array|object, null given，所在文件 /Users/kaizhang/Documents/web/parse/mov/index.php，位于行 82
错误发生！错误属于：2,Undefined variable $data，所在文件 /Users/kaizhang/Documents/web/parse/mov/index.php，位于行 104
错误发生！错误属于：2,Trying to access array offset on null，所在文件 /Users/kaizhang/Documents/web/parse/mov/index.php，位于行 104
错误发生！错误属于：2,foreach() argument must be of type array|object, null given，所在文件 /Users/kaizhang/Documents/web/parse/mov/index.php，位于行 104
错误发生！错误属于：2,Undefined variable $data，所在文件 /Users/kaizhang/Documents/web/parse/mov/index.php，位于行 126
错误发生！错误属于：2,Trying to access array offset on null，所在文件 /Users/kaizhang/Documents/web/parse/mov/index.php，位于行 126
错误发生！错误属于：2,foreach() argument must be of type array|object, null given，所在文件 /Users/kaizhang/Documents/web/parse/mov/index.php，位于行 126
错误发生！错误属于：2,Undefined variable $banner，所在文件 /Users/kaizhang/Documents/web/parse/mov/index.php，位于行 47
错误发生！错误属于：2,foreach() argument must be of type array|object, null given，所在文件 /Users/kaizhang/Documents/web/parse/mov/index.php，位于行 47
错误发生！错误属于：2,Undefined variable $data，所在文件 /Users/kaizhang/Documents/web/parse/mov/index.php，位于行 60
错误发生！错误属于：2,Trying to access array offset on null，所在文件 /Users/kaizhang/Documents/web/parse/mov/index.php，位于行 60
错误发生！错误属于：2,foreach() argument must be of type array|object, null given，所在文件 /Users/kaizhang/Documents/web/parse/mov/index.php，位于行 60
错误发生！错误属于：2,Undefined variable $data，所在文件 /Users/kaizhang/Documents/web/parse/mov/index.php，位于行 82
错误发生！错误属于：2,Trying to access array offset on null，所在文件 /Users/kaizhang/Documents/web/parse/mov/index.php，位于行 82
错误发生！错误属于：2,foreach() argument must be of type array|object, null given，所在文件 /Users/kaizhang/Documents/web/parse/mov/index.php，位于行 82
错误发生！错误属于：2,Undefined variable $data，所在文件 /Users/kaizhang/Documents/web/parse/mov/index.php，位于行 104
错误发生！错误属于：2,Trying to access array offset on null，所在文件 /Users/kaizhang/Documents/web/parse/mov/index.php，位于行 104
错误发生！错误属于：2,foreach() argument must be of type array|object, null given，所在文件 /Users/kaizhang/Documents/web/parse/mov/index.php，位于行 104
错误发生！错误属于：2,Undefined variable $data，所在文件 /Users/kaizhang/Documents/web/parse/mov/index.php，位于行 126
错误发生！错误属于：2,Trying to access array offset on null，所在文件 /Users/kaizhang/Documents/web/parse/mov/index.php，位于行 126
错误发生！错误属于：2,foreach() argument must be of type array|object, null given，所在文件 /Users/kaizhang/Documents/web/parse/mov/index.php，位于行 126
错误发生！错误属于：2,Undefined variable $banner，所在文件 /Users/kaizhang/Documents/web/parse/mov/index.php，位于行 47
错误发生！错误属于：2,foreach() argument must be of type array|object, null given，所在文件 /Users/kaizhang/Documents/web/parse/mov/index.php，位于行 47
错误发生！错误属于：2,Undefined variable $data，所在文件 /Users/kaizhang/Documents/web/parse/mov/index.php，位于行 60
错误发生！错误属于：2,Trying to access array offset on null，所在文件 /Users/kaizhang/Documents/web/parse/mov/index.php，位于行 60
错误发生！错误属于：2,foreach() argument must be of type array|object, null given，所在文件 /Users/kaizhang/Documents/web/parse/mov/index.php，位于行 60
错误发生！错误属于：2,Undefined variable $data，所在文件 /Users/kaizhang/Documents/web/parse/mov/index.php，位于行 82
错误发生！错误属于：2,Trying to access array offset on null，所在文件 /Users/kaizhang/Documents/web/parse/mov/index.php，位于行 82
错误发生！错误属于：2,foreach() argument must be of type array|object, null given，所在文件 /Users/kaizhang/Documents/web/parse/mov/index.php，位于行 82
错误发生！错误属于：2,Undefined variable $data，所在文件 /Users/kaizhang/Documents/web/parse/mov/index.php，位于行 104
错误发生！错误属于：2,Trying to access array offset on null，所在文件 /Users/kaizhang/Documents/web/parse/mov/index.php，位于行 104
错误发生！错误属于：2,foreach() argument must be of type array|object, null given，所在文件 /Users/kaizhang/Documents/web/parse/mov/index.php，位于行 104
错误发生！错误属于：2,Undefined variable $data，所在文件 /Users/kaizhang/Documents/web/parse/mov/index.php，位于行 126
错误发生！错误属于：2,Trying to access array offset on null，所在文件 /Users/kaizhang/Documents/web/parse/mov/index.php，位于行 126
错误发生！错误属于：2,foreach() argument must be of type array|object, null given，所在文件 /Users/kaizhang/Documents/web/parse/mov/index.php，位于行 126
错误发生！错误属于：2,Undefined variable $banner，所在文件 /Users/kaizhang/Documents/web/parse/mov/index.php，位于行 47
错误发生！错误属于：2,foreach() argument must be of type array|object, null given，所在文件 /Users/kaizhang/Documents/web/parse/mov/index.php，位于行 47
错误发生！错误属于：2,Undefined variable $data，所在文件 /Users/kaizhang/Documents/web/parse/mov/index.php，位于行 60
错误发生！错误属于：2,Trying to access array offset on null，所在文件 /Users/kaizhang/Documents/web/parse/mov/index.php，位于行 60
错误发生！错误属于：2,foreach() argument must be of type array|object, null given，所在文件 /Users/kaizhang/Documents/web/parse/mov/index.php，位于行 60
错误发生！错误属于：2,Undefined variable $data，所在文件 /Users/kaizhang/Documents/web/parse/mov/index.php，位于行 82
错误发生！错误属于：2,Trying to access array offset on null，所在文件 /Users/kaizhang/Documents/web/parse/mov/index.php，位于行 82
错误发生！错误属于：2,foreach() argument must be of type array|object, null given，所在文件 /Users/kaizhang/Documents/web/parse/mov/index.php，位于行 82
错误发生！错误属于：2,Undefined variable $data，所在文件 /Users/kaizhang/Documents/web/parse/mov/index.php，位于行 104
错误发生！错误属于：2,Trying to access array offset on null，所在文件 /Users/kaizhang/Documents/web/parse/mov/index.php，位于行 104
错误发生！错误属于：2,foreach() argument must be of type array|object, null given，所在文件 /Users/kaizhang/Documents/web/parse/mov/index.php，位于行 104
错误发生！错误属于：2,Undefined variable $data，所在文件 /Users/kaizhang/Documents/web/parse/mov/index.php，位于行 126
错误发生！错误属于：2,Trying to access array offset on null，所在文件 /Users/kaizhang/Documents/web/parse/mov/index.php，位于行 126
错误发生！错误属于：2,foreach() argument must be of type array|object, null given，所在文件 /Users/kaizhang/Documents/web/parse/mov/index.php，位于行 126
错误发生！错误属于：2,file_get_contents(): SSL operation failed with code 1. OpenSSL Error messages:
error:0A000086:SSL routines::certificate verify failed，所在文件 /Users/kaizhang/Documents/web/parse/mov/data/index.php，位于行 580
错误发生！错误属于：2,file_get_contents(): Failed to enable crypto，所在文件 /Users/kaizhang/Documents/web/parse/mov/data/index.php，位于行 580
错误发生！错误属于：2,file_get_contents(https://api.web.360kan.com/v1/block?blockid=522): Failed to open stream: operation failed，所在文件 /Users/kaizhang/Documents/web/parse/mov/data/index.php，位于行 580
错误发生！错误属于：2,Trying to access array offset on null，所在文件 /Users/kaizhang/Documents/web/parse/mov/data/index.php，位于行 100
错误发生！错误属于：2,Trying to access array offset on null，所在文件 /Users/kaizhang/Documents/web/parse/mov/data/index.php，位于行 100
错误发生！错误属于：2,foreach() argument must be of type array|object, null given，所在文件 /Users/kaizhang/Documents/web/parse/mov/data/index.php，位于行 100
错误发生！错误属于：2,file_get_contents(): SSL operation failed with code 1. OpenSSL Error messages:
error:0A000086:SSL routines::certificate verify failed，所在文件 /Users/kaizhang/Documents/web/parse/mov/data/index.php，位于行 580
错误发生！错误属于：2,file_get_contents(): Failed to enable crypto，所在文件 /Users/kaizhang/Documents/web/parse/mov/data/index.php，位于行 580
错误发生！错误属于：2,file_get_contents(https://api.web.360kan.com/v1/rank?cat=1&amp;size=24): Failed to open stream: operation failed，所在文件 /Users/kaizhang/Documents/web/parse/mov/data/index.php，位于行 580
错误发生！错误属于：2,file_get_contents(): SSL operation failed with code 1. OpenSSL Error messages:
error:0A000086:SSL routines::certificate verify failed，所在文件 /Users/kaizhang/Documents/web/parse/mov/data/index.php，位于行 580
错误发生！错误属于：2,file_get_contents(): Failed to enable crypto，所在文件 /Users/kaizhang/Documents/web/parse/mov/data/index.php，位于行 580
错误发生！错误属于：2,file_get_contents(https://api.web.360kan.com/v1/rank?cat=2&amp;size=24): Failed to open stream: operation failed，所在文件 /Users/kaizhang/Documents/web/parse/mov/data/index.php，位于行 580
错误发生！错误属于：2,file_get_contents(): SSL operation failed with code 1. OpenSSL Error messages:
error:0A000086:SSL routines::certificate verify failed，所在文件 /Users/kaizhang/Documents/web/parse/mov/data/index.php，位于行 580
错误发生！错误属于：2,file_get_contents(): Failed to enable crypto，所在文件 /Users/kaizhang/Documents/web/parse/mov/data/index.php，位于行 580
错误发生！错误属于：2,file_get_contents(https://api.web.360kan.com/v1/rank?cat=3&amp;size=24): Failed to open stream: operation failed，所在文件 /Users/kaizhang/Documents/web/parse/mov/data/index.php，位于行 580
错误发生！错误属于：2,file_get_contents(): SSL operation failed with code 1. OpenSSL Error messages:
error:0A000086:SSL routines::certificate verify failed，所在文件 /Users/kaizhang/Documents/web/parse/mov/data/index.php，位于行 580
错误发生！错误属于：2,file_get_contents(): Failed to enable crypto，所在文件 /Users/kaizhang/Documents/web/parse/mov/data/index.php，位于行 580
错误发生！错误属于：2,file_get_contents(https://api.web.360kan.com/v1/rank?cat=4&amp;size=24): Failed to open stream: operation failed，所在文件 /Users/kaizhang/Documents/web/parse/mov/data/index.php，位于行 580
错误发生！错误属于：2,file_get_contents(): SSL operation failed with code 1. OpenSSL Error messages:
error:0A000086:SSL routines::certificate verify failed，所在文件 /Users/kaizhang/Documents/web/parse/mov/data/index.php，位于行 580
错误发生！错误属于：2,file_get_contents(): Failed to enable crypto，所在文件 /Users/kaizhang/Documents/web/parse/mov/data/index.php，位于行 580
错误发生！错误属于：2,file_get_contents(https://api.web.360kan.com/v1/rank?cat=5&amp;size=24): Failed to open stream: operation failed，所在文件 /Users/kaizhang/Documents/web/parse/mov/data/index.php，位于行 580
错误发生！错误属于：2,foreach() argument must be of type array|object, false given，所在文件 /Users/kaizhang/Documents/web/parse/mov/index.php，位于行 60
错误发生！错误属于：2,foreach() argument must be of type array|object, false given，所在文件 /Users/kaizhang/Documents/web/parse/mov/index.php，位于行 82
错误发生！错误属于：2,foreach() argument must be of type array|object, false given，所在文件 /Users/kaizhang/Documents/web/parse/mov/index.php，位于行 104
错误发生！错误属于：2,foreach() argument must be of type array|object, false given，所在文件 /Users/kaizhang/Documents/web/parse/mov/index.php，位于行 126
错误发生！错误属于：2,foreach() argument must be of type array|object, false given，所在文件 /Users/kaizhang/Documents/web/parse/mov/index.php，位于行 60
错误发生！错误属于：2,foreach() argument must be of type array|object, false given，所在文件 /Users/kaizhang/Documents/web/parse/mov/index.php，位于行 82
错误发生！错误属于：2,foreach() argument must be of type array|object, false given，所在文件 /Users/kaizhang/Documents/web/parse/mov/index.php，位于行 104
错误发生！错误属于：2,foreach() argument must be of type array|object, false given，所在文件 /Users/kaizhang/Documents/web/parse/mov/index.php，位于行 126
错误发生！错误属于：2,foreach() argument must be of type array|object, false given，所在文件 /Users/kaizhang/Documents/web/parse/mov/index.php，位于行 60
错误发生！错误属于：2,foreach() argument must be of type array|object, false given，所在文件 /Users/kaizhang/Documents/web/parse/mov/index.php，位于行 82
错误发生！错误属于：2,foreach() argument must be of type array|object, false given，所在文件 /Users/kaizhang/Documents/web/parse/mov/index.php，位于行 104
错误发生！错误属于：2,foreach() argument must be of type array|object, false given，所在文件 /Users/kaizhang/Documents/web/parse/mov/index.php，位于行 126
错误发生！错误属于：2,foreach() argument must be of type array|object, false given，所在文件 /Users/kaizhang/Documents/web/parse/mov/index.php，位于行 60
错误发生！错误属于：2,foreach() argument must be of type array|object, false given，所在文件 /Users/kaizhang/Documents/web/parse/mov/index.php，位于行 82
错误发生！错误属于：2,foreach() argument must be of type array|object, false given，所在文件 /Users/kaizhang/Documents/web/parse/mov/index.php，位于行 104
错误发生！错误属于：2,foreach() argument must be of type array|object, false given，所在文件 /Users/kaizhang/Documents/web/parse/mov/index.php，位于行 126
错误发生！错误属于：2,foreach() argument must be of type array|object, false given，所在文件 /Users/kaizhang/Documents/web/parse/mov/index.php，位于行 60
错误发生！错误属于：2,foreach() argument must be of type array|object, false given，所在文件 /Users/kaizhang/Documents/web/parse/mov/index.php，位于行 82
错误发生！错误属于：2,foreach() argument must be of type array|object, false given，所在文件 /Users/kaizhang/Documents/web/parse/mov/index.php，位于行 104
错误发生！错误属于：2,foreach() argument must be of type array|object, false given，所在文件 /Users/kaizhang/Documents/web/parse/mov/index.php，位于行 126
错误发生！错误属于：2,foreach() argument must be of type array|object, false given，所在文件 /Users/kaizhang/Documents/web/parse/mov/index.php，位于行 60
错误发生！错误属于：2,foreach() argument must be of type array|object, false given，所在文件 /Users/kaizhang/Documents/web/parse/mov/index.php，位于行 82
错误发生！错误属于：2,foreach() argument must be of type array|object, false given，所在文件 /Users/kaizhang/Documents/web/parse/mov/index.php，位于行 104
错误发生！错误属于：2,foreach() argument must be of type array|object, false given，所在文件 /Users/kaizhang/Documents/web/parse/mov/index.php，位于行 126
错误发生！错误属于：2,foreach() argument must be of type array|object, false given，所在文件 /Users/kaizhang/Documents/web/parse/mov/index.php，位于行 60
错误发生！错误属于：2,foreach() argument must be of type array|object, false given，所在文件 /Users/kaizhang/Documents/web/parse/mov/index.php，位于行 82
错误发生！错误属于：2,foreach() argument must be of type array|object, false given，所在文件 /Users/kaizhang/Documents/web/parse/mov/index.php，位于行 104
错误发生！错误属于：2,foreach() argument must be of type array|object, false given，所在文件 /Users/kaizhang/Documents/web/parse/mov/index.php，位于行 126
错误发生！错误属于：2,foreach() argument must be of type array|object, false given，所在文件 /Users/kaizhang/Documents/web/parse/mov/index.php，位于行 60
错误发生！错误属于：2,foreach() argument must be of type array|object, false given，所在文件 /Users/kaizhang/Documents/web/parse/mov/index.php，位于行 82
错误发生！错误属于：2,foreach() argument must be of type array|object, false given，所在文件 /Users/kaizhang/Documents/web/parse/mov/index.php，位于行 104
错误发生！错误属于：2,foreach() argument must be of type array|object, false given，所在文件 /Users/kaizhang/Documents/web/parse/mov/index.php，位于行 126
错误发生！错误属于：2,foreach() argument must be of type array|object, false given，所在文件 /Users/kaizhang/Documents/web/parse/mov/index.php，位于行 60
错误发生！错误属于：2,foreach() argument must be of type array|object, false given，所在文件 /Users/kaizhang/Documents/web/parse/mov/index.php，位于行 82
错误发生！错误属于：2,foreach() argument must be of type array|object, false given，所在文件 /Users/kaizhang/Documents/web/parse/mov/index.php，位于行 104
错误发生！错误属于：2,foreach() argument must be of type array|object, false given，所在文件 /Users/kaizhang/Documents/web/parse/mov/index.php，位于行 126
错误发生！错误属于：2,foreach() argument must be of type array|object, false given，所在文件 /Users/kaizhang/Documents/web/parse/mov/index.php，位于行 60
错误发生！错误属于：2,foreach() argument must be of type array|object, false given，所在文件 /Users/kaizhang/Documents/web/parse/mov/index.php，位于行 82
错误发生！错误属于：2,foreach() argument must be of type array|object, false given，所在文件 /Users/kaizhang/Documents/web/parse/mov/index.php，位于行 104
错误发生！错误属于：2,foreach() argument must be of type array|object, false given，所在文件 /Users/kaizhang/Documents/web/parse/mov/index.php，位于行 126
错误发生！错误属于：2,foreach() argument must be of type array|object, false given，所在文件 /Users/kaizhang/Documents/web/parse/mov/index.php，位于行 60
错误发生！错误属于：2,foreach() argument must be of type array|object, false given，所在文件 /Users/kaizhang/Documents/web/parse/mov/index.php，位于行 82
错误发生！错误属于：2,foreach() argument must be of type array|object, false given，所在文件 /Users/kaizhang/Documents/web/parse/mov/index.php，位于行 104
错误发生！错误属于：2,foreach() argument must be of type array|object, false given，所在文件 /Users/kaizhang/Documents/web/parse/mov/index.php，位于行 126
错误发生！错误属于：2,foreach() argument must be of type array|object, false given，所在文件 /Users/kaizhang/Documents/web/parse/mov/index.php，位于行 60
错误发生！错误属于：2,foreach() argument must be of type array|object, false given，所在文件 /Users/kaizhang/Documents/web/parse/mov/index.php，位于行 82
错误发生！错误属于：2,foreach() argument must be of type array|object, false given，所在文件 /Users/kaizhang/Documents/web/parse/mov/index.php，位于行 104
错误发生！错误属于：2,foreach() argument must be of type array|object, false given，所在文件 /Users/kaizhang/Documents/web/parse/mov/index.php，位于行 126
错误发生！错误属于：2,foreach() argument must be of type array|object, false given，所在文件 /Users/kaizhang/Documents/web/parse/mov/index.php，位于行 60
错误发生！错误属于：2,foreach() argument must be of type array|object, false given，所在文件 /Users/kaizhang/Documents/web/parse/mov/index.php，位于行 82
错误发生！错误属于：2,foreach() argument must be of type array|object, false given，所在文件 /Users/kaizhang/Documents/web/parse/mov/index.php，位于行 104
错误发生！错误属于：2,foreach() argument must be of type array|object, false given，所在文件 /Users/kaizhang/Documents/web/parse/mov/index.php，位于行 126
错误发生！错误属于：2,foreach() argument must be of type array|object, false given，所在文件 /Users/kaizhang/Documents/web/parse/mov/index.php，位于行 60
错误发生！错误属于：2,foreach() argument must be of type array|object, false given，所在文件 /Users/kaizhang/Documents/web/parse/mov/index.php，位于行 82
错误发生！错误属于：2,foreach() argument must be of type array|object, false given，所在文件 /Users/kaizhang/Documents/web/parse/mov/index.php，位于行 104
错误发生！错误属于：2,foreach() argument must be of type array|object, false given，所在文件 /Users/kaizhang/Documents/web/parse/mov/index.php，位于行 126
错误发生！错误属于：2,foreach() argument must be of type array|object, false given，所在文件 /Users/kaizhang/Documents/web/parse/mov/index.php，位于行 62
错误发生！错误属于：2,foreach() argument must be of type array|object, false given，所在文件 /Users/kaizhang/Documents/web/parse/mov/index.php，位于行 84
错误发生！错误属于：2,foreach() argument must be of type array|object, false given，所在文件 /Users/kaizhang/Documents/web/parse/mov/index.php，位于行 106
错误发生！错误属于：2,foreach() argument must be of type array|object, false given，所在文件 /Users/kaizhang/Documents/web/parse/mov/index.php，位于行 128
错误发生！错误属于：2,foreach() argument must be of type array|object, false given，所在文件 /Users/kaizhang/Documents/web/parse/mov/index.php，位于行 62
错误发生！错误属于：2,foreach() argument must be of type array|object, false given，所在文件 /Users/kaizhang/Documents/web/parse/mov/index.php，位于行 84
错误发生！错误属于：2,foreach() argument must be of type array|object, false given，所在文件 /Users/kaizhang/Documents/web/parse/mov/index.php，位于行 106
错误发生！错误属于：2,foreach() argument must be of type array|object, false given，所在文件 /Users/kaizhang/Documents/web/parse/mov/index.php，位于行 128
错误发生！错误属于：2,file_get_contents(): SSL operation failed with code 1. OpenSSL Error messages:
error:0A000086:SSL routines::certificate verify failed，所在文件 /Users/kaizhang/Documents/web/parse/mov/data/index.php，位于行 599
错误发生！错误属于：2,file_get_contents(): Failed to enable crypto，所在文件 /Users/kaizhang/Documents/web/parse/mov/data/index.php，位于行 599
错误发生！错误属于：2,file_get_contents(https://api.web.360kan.com/v1/block?blockid=522): Failed to open stream: operation failed，所在文件 /Users/kaizhang/Documents/web/parse/mov/data/index.php，位于行 599
错误发生！错误属于：2,Trying to access array offset on null，所在文件 /Users/kaizhang/Documents/web/parse/mov/data/index.php，位于行 110
错误发生！错误属于：2,Trying to access array offset on null，所在文件 /Users/kaizhang/Documents/web/parse/mov/data/index.php，位于行 110
错误发生！错误属于：2,foreach() argument must be of type array|object, null given，所在文件 /Users/kaizhang/Documents/web/parse/mov/data/index.php，位于行 110
错误发生！错误属于：2,Undefined variable $banner，所在文件 /Users/kaizhang/Documents/web/parse/mov/data/index.php，位于行 122
错误发生！错误属于：2,file_get_contents(): SSL operation failed with code 1. OpenSSL Error messages:
error:0A000086:SSL routines::certificate verify failed，所在文件 /Users/kaizhang/Documents/web/parse/mov/data/index.php，位于行 599
错误发生！错误属于：2,file_get_contents(): Failed to enable crypto，所在文件 /Users/kaizhang/Documents/web/parse/mov/data/index.php，位于行 599
错误发生！错误属于：2,file_get_contents(https://api.web.360kan.com/v1/rank?cat=1&size=24): Failed to open stream: operation failed，所在文件 /Users/kaizhang/Documents/web/parse/mov/data/index.php，位于行 599
错误发生！错误属于：2,file_get_contents(): SSL operation failed with code 1. OpenSSL Error messages:
error:0A000086:SSL routines::certificate verify failed，所在文件 /Users/kaizhang/Documents/web/parse/mov/data/index.php，位于行 599
错误发生！错误属于：2,file_get_contents(): Failed to enable crypto，所在文件 /Users/kaizhang/Documents/web/parse/mov/data/index.php，位于行 599
错误发生！错误属于：2,file_get_contents(https://api.web.360kan.com/v1/rank?cat=2&size=24): Failed to open stream: operation failed，所在文件 /Users/kaizhang/Documents/web/parse/mov/data/index.php，位于行 599
错误发生！错误属于：2,file_get_contents(): SSL operation failed with code 1. OpenSSL Error messages:
error:0A000086:SSL routines::certificate verify failed，所在文件 /Users/kaizhang/Documents/web/parse/mov/data/index.php，位于行 599
错误发生！错误属于：2,file_get_contents(): Failed to enable crypto，所在文件 /Users/kaizhang/Documents/web/parse/mov/data/index.php，位于行 599
错误发生！错误属于：2,file_get_contents(https://api.web.360kan.com/v1/rank?cat=3&size=24): Failed to open stream: operation failed，所在文件 /Users/kaizhang/Documents/web/parse/mov/data/index.php，位于行 599
错误发生！错误属于：2,file_get_contents(): SSL operation failed with code 1. OpenSSL Error messages:
error:0A000086:SSL routines::certificate verify failed，所在文件 /Users/kaizhang/Documents/web/parse/mov/data/index.php，位于行 599
错误发生！错误属于：2,file_get_contents(): Failed to enable crypto，所在文件 /Users/kaizhang/Documents/web/parse/mov/data/index.php，位于行 599
错误发生！错误属于：2,file_get_contents(https://api.web.360kan.com/v1/rank?cat=4&size=24): Failed to open stream: operation failed，所在文件 /Users/kaizhang/Documents/web/parse/mov/data/index.php，位于行 599
错误发生！错误属于：2,file_get_contents(): SSL operation failed with code 1. OpenSSL Error messages:
error:0A000086:SSL routines::certificate verify failed，所在文件 /Users/kaizhang/Documents/web/parse/mov/data/index.php，位于行 599
错误发生！错误属于：2,file_get_contents(): Failed to enable crypto，所在文件 /Users/kaizhang/Documents/web/parse/mov/data/index.php，位于行 599
错误发生！错误属于：2,file_get_contents(https://api.web.360kan.com/v1/rank?cat=5&size=24): Failed to open stream: operation failed，所在文件 /Users/kaizhang/Documents/web/parse/mov/data/index.php，位于行 599
错误发生！错误属于：2,foreach() argument must be of type array|object, false given，所在文件 /Users/kaizhang/Documents/web/parse/mov/index.php，位于行 62
错误发生！错误属于：2,foreach() argument must be of type array|object, false given，所在文件 /Users/kaizhang/Documents/web/parse/mov/index.php，位于行 84
错误发生！错误属于：2,foreach() argument must be of type array|object, false given，所在文件 /Users/kaizhang/Documents/web/parse/mov/index.php，位于行 106
错误发生！错误属于：2,foreach() argument must be of type array|object, false given，所在文件 /Users/kaizhang/Documents/web/parse/mov/index.php，位于行 128
错误发生！错误属于：2,foreach() argument must be of type array|object, false given，所在文件 /Users/kaizhang/Documents/web/parse/mov/index.php，位于行 62
错误发生！错误属于：2,foreach() argument must be of type array|object, false given，所在文件 /Users/kaizhang/Documents/web/parse/mov/index.php，位于行 84
错误发生！错误属于：2,foreach() argument must be of type array|object, false given，所在文件 /Users/kaizhang/Documents/web/parse/mov/index.php，位于行 106
错误发生！错误属于：2,foreach() argument must be of type array|object, false given，所在文件 /Users/kaizhang/Documents/web/parse/mov/index.php，位于行 128
错误发生！错误属于：2,foreach() argument must be of type array|object, false given，所在文件 /Users/kaizhang/Documents/web/parse/mov/index.php，位于行 62
错误发生！错误属于：2,foreach() argument must be of type array|object, false given，所在文件 /Users/kaizhang/Documents/web/parse/mov/index.php，位于行 84
错误发生！错误属于：2,foreach() argument must be of type array|object, false given，所在文件 /Users/kaizhang/Documents/web/parse/mov/index.php，位于行 106
错误发生！错误属于：2,foreach() argument must be of type array|object, false given，所在文件 /Users/kaizhang/Documents/web/parse/mov/index.php，位于行 128
错误发生！错误属于：2,foreach() argument must be of type array|object, false given，所在文件 /Users/kaizhang/Documents/web/parse/mov/index.php，位于行 62
错误发生！错误属于：2,foreach() argument must be of type array|object, false given，所在文件 /Users/kaizhang/Documents/web/parse/mov/index.php，位于行 84
错误发生！错误属于：2,foreach() argument must be of type array|object, false given，所在文件 /Users/kaizhang/Documents/web/parse/mov/index.php，位于行 106
错误发生！错误属于：2,foreach() argument must be of type array|object, false given，所在文件 /Users/kaizhang/Documents/web/parse/mov/index.php，位于行 128
错误发生！错误属于：2,foreach() argument must be of type array|object, false given，所在文件 /Users/kaizhang/Documents/web/parse/mov/index.php，位于行 62
错误发生！错误属于：2,foreach() argument must be of type array|object, false given，所在文件 /Users/kaizhang/Documents/web/parse/mov/index.php，位于行 84
错误发生！错误属于：2,foreach() argument must be of type array|object, false given，所在文件 /Users/kaizhang/Documents/web/parse/mov/index.php，位于行 106
错误发生！错误属于：2,foreach() argument must be of type array|object, false given，所在文件 /Users/kaizhang/Documents/web/parse/mov/index.php，位于行 128
错误发生！错误属于：2,foreach() argument must be of type array|object, false given，所在文件 /Users/kaizhang/Documents/web/parse/mov/index.php，位于行 62
错误发生！错误属于：2,foreach() argument must be of type array|object, false given，所在文件 /Users/kaizhang/Documents/web/parse/mov/index.php，位于行 84
错误发生！错误属于：2,foreach() argument must be of type array|object, false given，所在文件 /Users/kaizhang/Documents/web/parse/mov/index.php，位于行 106
错误发生！错误属于：2,foreach() argument must be of type array|object, false given，所在文件 /Users/kaizhang/Documents/web/parse/mov/index.php，位于行 128
错误发生！错误属于：2,foreach() argument must be of type array|object, false given，所在文件 /Users/kaizhang/Documents/web/parse/mov/index.php，位于行 62
错误发生！错误属于：2,foreach() argument must be of type array|object, false given，所在文件 /Users/kaizhang/Documents/web/parse/mov/index.php，位于行 84
错误发生！错误属于：2,foreach() argument must be of type array|object, false given，所在文件 /Users/kaizhang/Documents/web/parse/mov/index.php，位于行 106
错误发生！错误属于：2,foreach() argument must be of type array|object, false given，所在文件 /Users/kaizhang/Documents/web/parse/mov/index.php，位于行 128
错误发生！错误属于：2,foreach() argument must be of type array|object, false given，所在文件 /Users/kaizhang/Documents/web/parse/mov/index.php，位于行 62
错误发生！错误属于：2,foreach() argument must be of type array|object, false given，所在文件 /Users/kaizhang/Documents/web/parse/mov/index.php，位于行 84
错误发生！错误属于：2,foreach() argument must be of type array|object, false given，所在文件 /Users/kaizhang/Documents/web/parse/mov/index.php，位于行 106
错误发生！错误属于：2,foreach() argument must be of type array|object, false given，所在文件 /Users/kaizhang/Documents/web/parse/mov/index.php，位于行 128
错误发生！错误属于：2,foreach() argument must be of type array|object, false given，所在文件 /Users/kaizhang/Documents/web/parse/mov/index.php，位于行 62
错误发生！错误属于：2,foreach() argument must be of type array|object, false given，所在文件 /Users/kaizhang/Documents/web/parse/mov/index.php，位于行 84
错误发生！错误属于：2,foreach() argument must be of type array|object, false given，所在文件 /Users/kaizhang/Documents/web/parse/mov/index.php，位于行 106
错误发生！错误属于：2,foreach() argument must be of type array|object, false given，所在文件 /Users/kaizhang/Documents/web/parse/mov/index.php，位于行 128
错误发生！错误属于：2,file_get_contents(): SSL operation failed with code 1. OpenSSL Error messages:
error:0A000086:SSL routines::certificate verify failed，所在文件 /Users/kaizhang/Documents/web/parse/mov/data/index.php，位于行 602
错误发生！错误属于：2,file_get_contents(): Failed to enable crypto，所在文件 /Users/kaizhang/Documents/web/parse/mov/data/index.php，位于行 602
错误发生！错误属于：2,file_get_contents(https://api.web.360kan.com/v1/block?blockid=522): Failed to open stream: operation failed，所在文件 /Users/kaizhang/Documents/web/parse/mov/data/index.php，位于行 602
错误发生！错误属于：2,Trying to access array offset on null，所在文件 /Users/kaizhang/Documents/web/parse/mov/data/index.php，位于行 110
错误发生！错误属于：2,Trying to access array offset on null，所在文件 /Users/kaizhang/Documents/web/parse/mov/data/index.php，位于行 110
错误发生！错误属于：2,foreach() argument must be of type array|object, null given，所在文件 /Users/kaizhang/Documents/web/parse/mov/data/index.php，位于行 110
错误发生！错误属于：2,file_get_contents(): SSL operation failed with code 1. OpenSSL Error messages:
error:0A000086:SSL routines::certificate verify failed，所在文件 /Users/kaizhang/Documents/web/parse/mov/data/index.php，位于行 602
错误发生！错误属于：2,file_get_contents(): Failed to enable crypto，所在文件 /Users/kaizhang/Documents/web/parse/mov/data/index.php，位于行 602
错误发生！错误属于：2,file_get_contents(https://api.web.360kan.com/v1/rank?cat=1&size=24): Failed to open stream: operation failed，所在文件 /Users/kaizhang/Documents/web/parse/mov/data/index.php，位于行 602
错误发生！错误属于：2,file_get_contents(): SSL operation failed with code 1. OpenSSL Error messages:
error:0A000086:SSL routines::certificate verify failed，所在文件 /Users/kaizhang/Documents/web/parse/mov/data/index.php，位于行 602
错误发生！错误属于：2,file_get_contents(): Failed to enable crypto，所在文件 /Users/kaizhang/Documents/web/parse/mov/data/index.php，位于行 602
错误发生！错误属于：2,file_get_contents(https://api.web.360kan.com/v1/rank?cat=2&size=24): Failed to open stream: operation failed，所在文件 /Users/kaizhang/Documents/web/parse/mov/data/index.php，位于行 602
错误发生！错误属于：2,file_get_contents(): SSL operation failed with code 1. OpenSSL Error messages:
error:0A000086:SSL routines::certificate verify failed，所在文件 /Users/kaizhang/Documents/web/parse/mov/data/index.php，位于行 602
错误发生！错误属于：2,file_get_contents(): Failed to enable crypto，所在文件 /Users/kaizhang/Documents/web/parse/mov/data/index.php，位于行 602
错误发生！错误属于：2,file_get_contents(https://api.web.360kan.com/v1/rank?cat=3&size=24): Failed to open stream: operation failed，所在文件 /Users/kaizhang/Documents/web/parse/mov/data/index.php，位于行 602
错误发生！错误属于：2,file_get_contents(): SSL operation failed with code 1. OpenSSL Error messages:
error:0A000086:SSL routines::certificate verify failed，所在文件 /Users/kaizhang/Documents/web/parse/mov/data/index.php，位于行 602
错误发生！错误属于：2,file_get_contents(): Failed to enable crypto，所在文件 /Users/kaizhang/Documents/web/parse/mov/data/index.php，位于行 602
错误发生！错误属于：2,file_get_contents(https://api.web.360kan.com/v1/rank?cat=4&size=24): Failed to open stream: operation failed，所在文件 /Users/kaizhang/Documents/web/parse/mov/data/index.php，位于行 602
错误发生！错误属于：2,file_get_contents(): SSL operation failed with code 1. OpenSSL Error messages:
error:0A000086:SSL routines::certificate verify failed，所在文件 /Users/kaizhang/Documents/web/parse/mov/data/index.php，位于行 602
错误发生！错误属于：2,file_get_contents(): Failed to enable crypto，所在文件 /Users/kaizhang/Documents/web/parse/mov/data/index.php，位于行 602
错误发生！错误属于：2,file_get_contents(https://api.web.360kan.com/v1/rank?cat=5&size=24): Failed to open stream: operation failed，所在文件 /Users/kaizhang/Documents/web/parse/mov/data/index.php，位于行 602
错误发生！错误属于：2,foreach() argument must be of type array|object, string given，所在文件 /Users/kaizhang/Documents/web/parse/mov/index.php，位于行 62
错误发生！错误属于：2,foreach() argument must be of type array|object, string given，所在文件 /Users/kaizhang/Documents/web/parse/mov/index.php，位于行 84
错误发生！错误属于：2,foreach() argument must be of type array|object, string given，所在文件 /Users/kaizhang/Documents/web/parse/mov/index.php，位于行 106
错误发生！错误属于：2,foreach() argument must be of type array|object, string given，所在文件 /Users/kaizhang/Documents/web/parse/mov/index.php，位于行 128
错误发生！错误属于：2,file_get_contents(): SSL operation failed with code 1. OpenSSL Error messages:
error:0A000086:SSL routines::certificate verify failed，所在文件 /Users/kaizhang/Documents/web/parse/mov/data/index.php，位于行 602
错误发生！错误属于：2,file_get_contents(): Failed to enable crypto，所在文件 /Users/kaizhang/Documents/web/parse/mov/data/index.php，位于行 602
错误发生！错误属于：2,file_get_contents(https://api.web.360kan.com/v1/block?blockid=522): Failed to open stream: operation failed，所在文件 /Users/kaizhang/Documents/web/parse/mov/data/index.php，位于行 602
错误发生！错误属于：2,Trying to access array offset on null，所在文件 /Users/kaizhang/Documents/web/parse/mov/data/index.php，位于行 110
错误发生！错误属于：2,Trying to access array offset on null，所在文件 /Users/kaizhang/Documents/web/parse/mov/data/index.php，位于行 110
错误发生！错误属于：2,foreach() argument must be of type array|object, null given，所在文件 /Users/kaizhang/Documents/web/parse/mov/data/index.php，位于行 110
错误发生！错误属于：2,file_get_contents(): SSL operation failed with code 1. OpenSSL Error messages:
error:0A000086:SSL routines::certificate verify failed，所在文件 /Users/kaizhang/Documents/web/parse/mov/data/index.php，位于行 602
错误发生！错误属于：2,file_get_contents(): Failed to enable crypto，所在文件 /Users/kaizhang/Documents/web/parse/mov/data/index.php，位于行 602
错误发生！错误属于：2,file_get_contents(https://api.web.360kan.com/v1/rank?cat=1&size=24): Failed to open stream: operation failed，所在文件 /Users/kaizhang/Documents/web/parse/mov/data/index.php，位于行 602
错误发生！错误属于：2,file_get_contents(): SSL operation failed with code 1. OpenSSL Error messages:
error:0A000086:SSL routines::certificate verify failed，所在文件 /Users/kaizhang/Documents/web/parse/mov/data/index.php，位于行 602
错误发生！错误属于：2,file_get_contents(): Failed to enable crypto，所在文件 /Users/kaizhang/Documents/web/parse/mov/data/index.php，位于行 602
错误发生！错误属于：2,file_get_contents(https://api.web.360kan.com/v1/rank?cat=2&size=24): Failed to open stream: operation failed，所在文件 /Users/kaizhang/Documents/web/parse/mov/data/index.php，位于行 602
错误发生！错误属于：2,file_get_contents(): SSL operation failed with code 1. OpenSSL Error messages:
error:0A000086:SSL routines::certificate verify failed，所在文件 /Users/kaizhang/Documents/web/parse/mov/data/index.php，位于行 602
错误发生！错误属于：2,file_get_contents(): Failed to enable crypto，所在文件 /Users/kaizhang/Documents/web/parse/mov/data/index.php，位于行 602
错误发生！错误属于：2,file_get_contents(https://api.web.360kan.com/v1/rank?cat=3&size=24): Failed to open stream: operation failed，所在文件 /Users/kaizhang/Documents/web/parse/mov/data/index.php，位于行 602
错误发生！错误属于：2,file_get_contents(): SSL operation failed with code 1. OpenSSL Error messages:
error:0A000086:SSL routines::certificate verify failed，所在文件 /Users/kaizhang/Documents/web/parse/mov/data/index.php，位于行 602
错误发生！错误属于：2,file_get_contents(): Failed to enable crypto，所在文件 /Users/kaizhang/Documents/web/parse/mov/data/index.php，位于行 602
错误发生！错误属于：2,file_get_contents(https://api.web.360kan.com/v1/rank?cat=4&size=24): Failed to open stream: operation failed，所在文件 /Users/kaizhang/Documents/web/parse/mov/data/index.php，位于行 602
错误发生！错误属于：2,file_get_contents(): SSL operation failed with code 1. OpenSSL Error messages:
error:0A000086:SSL routines::certificate verify failed，所在文件 /Users/kaizhang/Documents/web/parse/mov/data/index.php，位于行 602
错误发生！错误属于：2,file_get_contents(): Failed to enable crypto，所在文件 /Users/kaizhang/Documents/web/parse/mov/data/index.php，位于行 602
错误发生！错误属于：2,file_get_contents(https://api.web.360kan.com/v1/rank?cat=5&size=24): Failed to open stream: operation failed，所在文件 /Users/kaizhang/Documents/web/parse/mov/data/index.php，位于行 602
错误发生！错误属于：2,foreach() argument must be of type array|object, null given，所在文件 /Users/kaizhang/Documents/web/parse/mov/index.php，位于行 62
错误发生！错误属于：2,foreach() argument must be of type array|object, null given，所在文件 /Users/kaizhang/Documents/web/parse/mov/index.php，位于行 84
错误发生！错误属于：2,foreach() argument must be of type array|object, null given，所在文件 /Users/kaizhang/Documents/web/parse/mov/index.php，位于行 106
错误发生！错误属于：2,foreach() argument must be of type array|object, null given，所在文件 /Users/kaizhang/Documents/web/parse/mov/index.php，位于行 128
错误发生！错误属于：2,file_get_contents(): SSL operation failed with code 1. OpenSSL Error messages:
error:0A000086:SSL routines::certificate verify failed，所在文件 /Users/kaizhang/Documents/web/parse/mov/data/index.php，位于行 602
错误发生！错误属于：2,file_get_contents(): Failed to enable crypto，所在文件 /Users/kaizhang/Documents/web/parse/mov/data/index.php，位于行 602
错误发生！错误属于：2,file_get_contents(https://api.web.360kan.com/v1/block?blockid=522): Failed to open stream: operation failed，所在文件 /Users/kaizhang/Documents/web/parse/mov/data/index.php，位于行 602
错误发生！错误属于：2,Trying to access array offset on null，所在文件 /Users/kaizhang/Documents/web/parse/mov/data/index.php，位于行 110
错误发生！错误属于：2,Trying to access array offset on null，所在文件 /Users/kaizhang/Documents/web/parse/mov/data/index.php，位于行 110
错误发生！错误属于：2,foreach() argument must be of type array|object, null given，所在文件 /Users/kaizhang/Documents/web/parse/mov/data/index.php，位于行 110
错误发生！错误属于：2,file_get_contents(): SSL operation failed with code 1. OpenSSL Error messages:
error:0A000086:SSL routines::certificate verify failed，所在文件 /Users/kaizhang/Documents/web/parse/mov/data/index.php，位于行 602
错误发生！错误属于：2,file_get_contents(): Failed to enable crypto，所在文件 /Users/kaizhang/Documents/web/parse/mov/data/index.php，位于行 602
错误发生！错误属于：2,file_get_contents(https://api.web.360kan.com/v1/rank?cat=1&size=24): Failed to open stream: operation failed，所在文件 /Users/kaizhang/Documents/web/parse/mov/data/index.php，位于行 602
错误发生！错误属于：2,file_get_contents(): SSL operation failed with code 1. OpenSSL Error messages:
error:0A000086:SSL routines::certificate verify failed，所在文件 /Users/kaizhang/Documents/web/parse/mov/data/index.php，位于行 602
错误发生！错误属于：2,file_get_contents(): Failed to enable crypto，所在文件 /Users/kaizhang/Documents/web/parse/mov/data/index.php，位于行 602
错误发生！错误属于：2,file_get_contents(https://api.web.360kan.com/v1/rank?cat=2&size=24): Failed to open stream: operation failed，所在文件 /Users/kaizhang/Documents/web/parse/mov/data/index.php，位于行 602
错误发生！错误属于：2,file_get_contents(): SSL operation failed with code 1. OpenSSL Error messages:
error:0A000086:SSL routines::certificate verify failed，所在文件 /Users/kaizhang/Documents/web/parse/mov/data/index.php，位于行 602
错误发生！错误属于：2,file_get_contents(): Failed to enable crypto，所在文件 /Users/kaizhang/Documents/web/parse/mov/data/index.php，位于行 602
错误发生！错误属于：2,file_get_contents(https://api.web.360kan.com/v1/rank?cat=3&size=24): Failed to open stream: operation failed，所在文件 /Users/kaizhang/Documents/web/parse/mov/data/index.php，位于行 602
错误发生！错误属于：2,file_get_contents(): SSL operation failed with code 1. OpenSSL Error messages:
error:0A000086:SSL routines::certificate verify failed，所在文件 /Users/kaizhang/Documents/web/parse/mov/data/index.php，位于行 602
错误发生！错误属于：2,file_get_contents(): Failed to enable crypto，所在文件 /Users/kaizhang/Documents/web/parse/mov/data/index.php，位于行 602
错误发生！错误属于：2,file_get_contents(https://api.web.360kan.com/v1/rank?cat=4&size=24): Failed to open stream: operation failed，所在文件 /Users/kaizhang/Documents/web/parse/mov/data/index.php，位于行 602
错误发生！错误属于：2,file_get_contents(): SSL operation failed with code 1. OpenSSL Error messages:
error:0A000086:SSL routines::certificate verify failed，所在文件 /Users/kaizhang/Documents/web/parse/mov/data/index.php，位于行 602
错误发生！错误属于：2,file_get_contents(): Failed to enable crypto，所在文件 /Users/kaizhang/Documents/web/parse/mov/data/index.php，位于行 602
错误发生！错误属于：2,file_get_contents(https://api.web.360kan.com/v1/rank?cat=5&size=24): Failed to open stream: operation failed，所在文件 /Users/kaizhang/Documents/web/parse/mov/data/index.php，位于行 602
错误发生！错误属于：2,foreach() argument must be of type array|object, string given，所在文件 /Users/kaizhang/Documents/web/parse/mov/index.php，位于行 62
错误发生！错误属于：2,foreach() argument must be of type array|object, string given，所在文件 /Users/kaizhang/Documents/web/parse/mov/index.php，位于行 84
错误发生！错误属于：2,foreach() argument must be of type array|object, string given，所在文件 /Users/kaizhang/Documents/web/parse/mov/index.php，位于行 106
错误发生！错误属于：2,foreach() argument must be of type array|object, string given，所在文件 /Users/kaizhang/Documents/web/parse/mov/index.php，位于行 128
错误发生！错误属于：2,file_get_contents(): SSL operation failed with code 1. OpenSSL Error messages:
error:0A000086:SSL routines::certificate verify failed，所在文件 /Users/kaizhang/Documents/web/parse/mov/data/index.php，位于行 602
错误发生！错误属于：2,file_get_contents(): Failed to enable crypto，所在文件 /Users/kaizhang/Documents/web/parse/mov/data/index.php，位于行 602
错误发生！错误属于：2,file_get_contents(https://api.web.360kan.com/v1/block?blockid=522): Failed to open stream: operation failed，所在文件 /Users/kaizhang/Documents/web/parse/mov/data/index.php，位于行 602
错误发生！错误属于：2,Trying to access array offset on null，所在文件 /Users/kaizhang/Documents/web/parse/mov/data/index.php，位于行 110
错误发生！错误属于：2,Trying to access array offset on null，所在文件 /Users/kaizhang/Documents/web/parse/mov/data/index.php，位于行 110
错误发生！错误属于：2,foreach() argument must be of type array|object, null given，所在文件 /Users/kaizhang/Documents/web/parse/mov/data/index.php，位于行 110
错误发生！错误属于：2,file_get_contents(): SSL operation failed with code 1. OpenSSL Error messages:
error:0A000086:SSL routines::certificate verify failed，所在文件 /Users/kaizhang/Documents/web/parse/mov/data/index.php，位于行 602
错误发生！错误属于：2,file_get_contents(): Failed to enable crypto，所在文件 /Users/kaizhang/Documents/web/parse/mov/data/index.php，位于行 602
错误发生！错误属于：2,file_get_contents(https://api.web.360kan.com/v1/rank?cat=1&size=24): Failed to open stream: operation failed，所在文件 /Users/kaizhang/Documents/web/parse/mov/data/index.php，位于行 602
错误发生！错误属于：2,file_get_contents(): SSL operation failed with code 1. OpenSSL Error messages:
error:0A000086:SSL routines::certificate verify failed，所在文件 /Users/kaizhang/Documents/web/parse/mov/data/index.php，位于行 602
错误发生！错误属于：2,file_get_contents(): Failed to enable crypto，所在文件 /Users/kaizhang/Documents/web/parse/mov/data/index.php，位于行 602
错误发生！错误属于：2,file_get_contents(https://api.web.360kan.com/v1/rank?cat=2&size=24): Failed to open stream: operation failed，所在文件 /Users/kaizhang/Documents/web/parse/mov/data/index.php，位于行 602
错误发生！错误属于：2,file_get_contents(): SSL operation failed with code 1. OpenSSL Error messages:
error:0A000086:SSL routines::certificate verify failed，所在文件 /Users/kaizhang/Documents/web/parse/mov/data/index.php，位于行 602
错误发生！错误属于：2,file_get_contents(): Failed to enable crypto，所在文件 /Users/kaizhang/Documents/web/parse/mov/data/index.php，位于行 602
错误发生！错误属于：2,file_get_contents(https://api.web.360kan.com/v1/rank?cat=3&size=24): Failed to open stream: operation failed，所在文件 /Users/kaizhang/Documents/web/parse/mov/data/index.php，位于行 602
错误发生！错误属于：2,file_get_contents(): SSL operation failed with code 1. OpenSSL Error messages:
error:0A000086:SSL routines::certificate verify failed，所在文件 /Users/kaizhang/Documents/web/parse/mov/data/index.php，位于行 602
错误发生！错误属于：2,file_get_contents(): Failed to enable crypto，所在文件 /Users/kaizhang/Documents/web/parse/mov/data/index.php，位于行 602
错误发生！错误属于：2,file_get_contents(https://api.web.360kan.com/v1/rank?cat=4&size=24): Failed to open stream: operation failed，所在文件 /Users/kaizhang/Documents/web/parse/mov/data/index.php，位于行 602
错误发生！错误属于：2,file_get_contents(): SSL operation failed with code 1. OpenSSL Error messages:
error:0A000086:SSL routines::certificate verify failed，所在文件 /Users/kaizhang/Documents/web/parse/mov/data/index.php，位于行 602
错误发生！错误属于：2,file_get_contents(): Failed to enable crypto，所在文件 /Users/kaizhang/Documents/web/parse/mov/data/index.php，位于行 602
错误发生！错误属于：2,file_get_contents(https://api.web.360kan.com/v1/rank?cat=5&size=24): Failed to open stream: operation failed，所在文件 /Users/kaizhang/Documents/web/parse/mov/data/index.php，位于行 602
错误发生！错误属于：2,foreach() argument must be of type array|object, string given，所在文件 /Users/kaizhang/Documents/web/parse/mov/index.php，位于行 62
错误发生！错误属于：2,foreach() argument must be of type array|object, string given，所在文件 /Users/kaizhang/Documents/web/parse/mov/index.php，位于行 84
错误发生！错误属于：2,foreach() argument must be of type array|object, string given，所在文件 /Users/kaizhang/Documents/web/parse/mov/index.php，位于行 106
错误发生！错误属于：2,foreach() argument must be of type array|object, string given，所在文件 /Users/kaizhang/Documents/web/parse/mov/index.php，位于行 128
错误发生！错误属于：2,file_get_contents(): SSL operation failed with code 1. OpenSSL Error messages:
error:0A000086:SSL routines::certificate verify failed，所在文件 /Users/kaizhang/Documents/web/parse/mov/data/index.php，位于行 602
错误发生！错误属于：2,file_get_contents(): Failed to enable crypto，所在文件 /Users/kaizhang/Documents/web/parse/mov/data/index.php，位于行 602
错误发生！错误属于：2,file_get_contents(https://api.web.360kan.com/v1/block?blockid=522): Failed to open stream: operation failed，所在文件 /Users/kaizhang/Documents/web/parse/mov/data/index.php，位于行 602
错误发生！错误属于：2,Trying to access array offset on null，所在文件 /Users/kaizhang/Documents/web/parse/mov/data/index.php，位于行 110
错误发生！错误属于：2,Trying to access array offset on null，所在文件 /Users/kaizhang/Documents/web/parse/mov/data/index.php，位于行 110
错误发生！错误属于：2,foreach() argument must be of type array|object, null given，所在文件 /Users/kaizhang/Documents/web/parse/mov/data/index.php，位于行 110
错误发生！错误属于：2,file_get_contents(): SSL operation failed with code 1. OpenSSL Error messages:
error:0A000086:SSL routines::certificate verify failed，所在文件 /Users/kaizhang/Documents/web/parse/mov/data/index.php，位于行 602
错误发生！错误属于：2,file_get_contents(): Failed to enable crypto，所在文件 /Users/kaizhang/Documents/web/parse/mov/data/index.php，位于行 602
错误发生！错误属于：2,file_get_contents(https://api.web.360kan.com/v1/rank?cat=1&size=24): Failed to open stream: operation failed，所在文件 /Users/kaizhang/Documents/web/parse/mov/data/index.php，位于行 602
错误发生！错误属于：2,file_get_contents(): SSL operation failed with code 1. OpenSSL Error messages:
error:0A000086:SSL routines::certificate verify failed，所在文件 /Users/kaizhang/Documents/web/parse/mov/data/index.php，位于行 602
错误发生！错误属于：2,file_get_contents(): Failed to enable crypto，所在文件 /Users/kaizhang/Documents/web/parse/mov/data/index.php，位于行 602
错误发生！错误属于：2,file_get_contents(https://api.web.360kan.com/v1/rank?cat=2&size=24): Failed to open stream: operation failed，所在文件 /Users/kaizhang/Documents/web/parse/mov/data/index.php，位于行 602
错误发生！错误属于：2,file_get_contents(): SSL operation failed with code 1. OpenSSL Error messages:
error:0A000086:SSL routines::certificate verify failed，所在文件 /Users/kaizhang/Documents/web/parse/mov/data/index.php，位于行 602
错误发生！错误属于：2,file_get_contents(): Failed to enable crypto，所在文件 /Users/kaizhang/Documents/web/parse/mov/data/index.php，位于行 602
错误发生！错误属于：2,file_get_contents(https://api.web.360kan.com/v1/rank?cat=3&size=24): Failed to open stream: operation failed，所在文件 /Users/kaizhang/Documents/web/parse/mov/data/index.php，位于行 602
错误发生！错误属于：2,file_get_contents(): SSL operation failed with code 1. OpenSSL Error messages:
error:0A000086:SSL routines::certificate verify failed，所在文件 /Users/kaizhang/Documents/web/parse/mov/data/index.php，位于行 602
错误发生！错误属于：2,file_get_contents(): Failed to enable crypto，所在文件 /Users/kaizhang/Documents/web/parse/mov/data/index.php，位于行 602
错误发生！错误属于：2,file_get_contents(https://api.web.360kan.com/v1/rank?cat=4&size=24): Failed to open stream: operation failed，所在文件 /Users/kaizhang/Documents/web/parse/mov/data/index.php，位于行 602
错误发生！错误属于：2,file_get_contents(): SSL operation failed with code 1. OpenSSL Error messages:
error:0A000086:SSL routines::certificate verify failed，所在文件 /Users/kaizhang/Documents/web/parse/mov/data/index.php，位于行 602
错误发生！错误属于：2,file_get_contents(): Failed to enable crypto，所在文件 /Users/kaizhang/Documents/web/parse/mov/data/index.php，位于行 602
错误发生！错误属于：2,file_get_contents(https://api.web.360kan.com/v1/rank?cat=5&size=24): Failed to open stream: operation failed，所在文件 /Users/kaizhang/Documents/web/parse/mov/data/index.php，位于行 602
错误发生！错误属于：2,foreach() argument must be of type array|object, null given，所在文件 /Users/kaizhang/Documents/web/parse/mov/index.php，位于行 62
错误发生！错误属于：2,foreach() argument must be of type array|object, null given，所在文件 /Users/kaizhang/Documents/web/parse/mov/index.php，位于行 84
错误发生！错误属于：2,foreach() argument must be of type array|object, null given，所在文件 /Users/kaizhang/Documents/web/parse/mov/index.php，位于行 106
错误发生！错误属于：2,foreach() argument must be of type array|object, null given，所在文件 /Users/kaizhang/Documents/web/parse/mov/index.php，位于行 128
错误发生！错误属于：2,file_get_contents(): SSL operation failed with code 1. OpenSSL Error messages:
error:0A000086:SSL routines::certificate verify failed，所在文件 /Users/kaizhang/Documents/web/parse/mov/data/index.php，位于行 602
错误发生！错误属于：2,file_get_contents(): Failed to enable crypto，所在文件 /Users/kaizhang/Documents/web/parse/mov/data/index.php，位于行 602
错误发生！错误属于：2,file_get_contents(https://api.web.360kan.com/v1/block?blockid=522): Failed to open stream: operation failed，所在文件 /Users/kaizhang/Documents/web/parse/mov/data/index.php，位于行 602
Error异常发生！错误属于：0,Cannot access offset of type string on string，所在文件 /Users/kaizhang/Documents/web/parse/mov/data/index.php，位于行 110
错误发生！错误属于：2,file_get_contents(): SSL operation failed with code 1. OpenSSL Error messages:
error:0A000086:SSL routines::certificate verify failed，所在文件 /Users/kaizhang/Documents/web/parse/mov/data/index.php，位于行 604
错误发生！错误属于：2,file_get_contents(): Failed to enable crypto，所在文件 /Users/kaizhang/Documents/web/parse/mov/data/index.php，位于行 604
错误发生！错误属于：2,file_get_contents(https://api.web.360kan.com/v1/block?blockid=522): Failed to open stream: operation failed，所在文件 /Users/kaizhang/Documents/web/parse/mov/data/index.php，位于行 604
Error异常发生！错误属于：0,Cannot access offset of type string on string，所在文件 /Users/kaizhang/Documents/web/parse/mov/data/index.php，位于行 110
错误发生！错误属于：2,file_get_contents(): SSL operation failed with code 1. OpenSSL Error messages:
error:0A000086:SSL routines::certificate verify failed，所在文件 /Users/kaizhang/Documents/web/parse/mov/data/index.php，位于行 604
错误发生！错误属于：2,file_get_contents(): SSL operation failed with code 1. OpenSSL Error messages:
error:0A000086:SSL routines::certificate verify failed，所在文件 /Users/kaizhang/Documents/web/parse/mov/data/index.php，位于行 604
错误发生！错误属于：2,file_get_contents(): SSL operation failed with code 1. OpenSSL Error messages:
error:0A000086:SSL routines::certificate verify failed，所在文件 /Users/kaizhang/Documents/web/parse/mov/data/index.php，位于行 604
错误发生！错误属于：2,file_get_contents(): SSL operation failed with code 1. OpenSSL Error messages:
error:0A000086:SSL routines::certificate verify failed，所在文件 /Users/kaizhang/Documents/web/parse/mov/data/index.php，位于行 604
错误发生！错误属于：2,file_get_contents(): Failed to enable crypto，所在文件 /Users/kaizhang/Documents/web/parse/mov/data/index.php，位于行 604
错误发生！错误属于：2,file_get_contents(https://api.web.360kan.com/v1/block?blockid=522): Failed to open stream: operation failed，所在文件 /Users/kaizhang/Documents/web/parse/mov/data/index.php，位于行 604
错误发生！错误属于：2,Trying to access array offset on null，所在文件 /Users/kaizhang/Documents/web/parse/mov/data/index.php，位于行 110
错误发生！错误属于：2,Trying to access array offset on null，所在文件 /Users/kaizhang/Documents/web/parse/mov/data/index.php，位于行 110
错误发生！错误属于：2,foreach() argument must be of type array|object, null given，所在文件 /Users/kaizhang/Documents/web/parse/mov/data/index.php，位于行 110
错误发生！错误属于：2,file_get_contents(): SSL operation failed with code 1. OpenSSL Error messages:
error:0A000086:SSL routines::certificate verify failed，所在文件 /Users/kaizhang/Documents/web/parse/mov/data/index.php，位于行 604
错误发生！错误属于：2,file_get_contents(): Failed to enable crypto，所在文件 /Users/kaizhang/Documents/web/parse/mov/data/index.php，位于行 604
错误发生！错误属于：2,file_get_contents(https://api.web.360kan.com/v1/rank?cat=1&size=24): Failed to open stream: operation failed，所在文件 /Users/kaizhang/Documents/web/parse/mov/data/index.php，位于行 604
错误发生！错误属于：2,file_get_contents(): SSL operation failed with code 1. OpenSSL Error messages:
error:0A000086:SSL routines::certificate verify failed，所在文件 /Users/kaizhang/Documents/web/parse/mov/data/index.php，位于行 604
错误发生！错误属于：2,file_get_contents(): Failed to enable crypto，所在文件 /Users/kaizhang/Documents/web/parse/mov/data/index.php，位于行 604
错误发生！错误属于：2,file_get_contents(https://api.web.360kan.com/v1/rank?cat=2&size=24): Failed to open stream: operation failed，所在文件 /Users/kaizhang/Documents/web/parse/mov/data/index.php，位于行 604
错误发生！错误属于：2,file_get_contents(): SSL operation failed with code 1. OpenSSL Error messages:
error:0A000086:SSL routines::certificate verify failed，所在文件 /Users/kaizhang/Documents/web/parse/mov/data/index.php，位于行 604
错误发生！错误属于：2,file_get_contents(): Failed to enable crypto，所在文件 /Users/kaizhang/Documents/web/parse/mov/data/index.php，位于行 604
错误发生！错误属于：2,file_get_contents(https://api.web.360kan.com/v1/rank?cat=3&size=24): Failed to open stream: operation failed，所在文件 /Users/kaizhang/Documents/web/parse/mov/data/index.php，位于行 604
错误发生！错误属于：2,file_get_contents(): SSL operation failed with code 1. OpenSSL Error messages:
error:0A000086:SSL routines::certificate verify failed，所在文件 /Users/kaizhang/Documents/web/parse/mov/data/index.php，位于行 604
错误发生！错误属于：2,file_get_contents(): Failed to enable crypto，所在文件 /Users/kaizhang/Documents/web/parse/mov/data/index.php，位于行 604
错误发生！错误属于：2,file_get_contents(https://api.web.360kan.com/v1/rank?cat=4&size=24): Failed to open stream: operation failed，所在文件 /Users/kaizhang/Documents/web/parse/mov/data/index.php，位于行 604
错误发生！错误属于：2,file_get_contents(): SSL operation failed with code 1. OpenSSL Error messages:
error:0A000086:SSL routines::certificate verify failed，所在文件 /Users/kaizhang/Documents/web/parse/mov/data/index.php，位于行 604
错误发生！错误属于：2,file_get_contents(): Failed to enable crypto，所在文件 /Users/kaizhang/Documents/web/parse/mov/data/index.php，位于行 604
错误发生！错误属于：2,file_get_contents(https://api.web.360kan.com/v1/rank?cat=5&size=24): Failed to open stream: operation failed，所在文件 /Users/kaizhang/Documents/web/parse/mov/data/index.php，位于行 604
错误发生！错误属于：2,foreach() argument must be of type array|object, null given，所在文件 /Users/kaizhang/Documents/web/parse/mov/index.php，位于行 62
错误发生！错误属于：2,foreach() argument must be of type array|object, null given，所在文件 /Users/kaizhang/Documents/web/parse/mov/index.php，位于行 84
错误发生！错误属于：2,foreach() argument must be of type array|object, null given，所在文件 /Users/kaizhang/Documents/web/parse/mov/index.php，位于行 106
错误发生！错误属于：2,foreach() argument must be of type array|object, null given，所在文件 /Users/kaizhang/Documents/web/parse/mov/index.php，位于行 128
错误发生！错误属于：2,file_get_contents(): SSL operation failed with code 1. OpenSSL Error messages:
error:0A000086:SSL routines::certificate verify failed，所在文件 /Users/kaizhang/Documents/web/parse/mov/data/index.php，位于行 604
错误发生！错误属于：2,file_get_contents(): Failed to enable crypto，所在文件 /Users/kaizhang/Documents/web/parse/mov/data/index.php，位于行 604
错误发生！错误属于：2,file_get_contents(https://api.web.360kan.com/v1/block?blockid=522): Failed to open stream: operation failed，所在文件 /Users/kaizhang/Documents/web/parse/mov/data/index.php，位于行 604
Error异常发生！错误属于：0,Cannot access offset of type string on string，所在文件 /Users/kaizhang/Documents/web/parse/mov/data/index.php，位于行 110
错误发生！错误属于：2,file_get_contents(): SSL operation failed with code 1. OpenSSL Error messages:
error:0A000086:SSL routines::certificate verify failed，所在文件 /Users/kaizhang/Documents/web/parse/mov/data/index.php，位于行 604
Error异常发生！错误属于：0,Cannot access offset of type string on string，所在文件 /Users/kaizhang/Documents/web/parse/mov/data/index.php，位于行 110
