异常发生！错误属于：2,Undefined array key "part"，所在文件 /Users/nohacks/Documents/web/parse/video/class.yun.php，位于行 49
异常发生！错误属于：0,syntax error, unexpected token "<", expecting end of file，所在文件 /Users/nohacks/Documents/web/parse/save/top.inc.php，位于行 8
异常发生！错误属于：0,syntax error, unexpected token "<", expecting end of file，所在文件 /Users/nohacks/Documents/web/parse/save/top.inc.php，位于行 8
异常发生！错误属于：0,syntax error, unexpected token "<", expecting end of file，所在文件 /Users/nohacks/Documents/web/parse/save/top.inc.php，位于行 8
异常发生！错误属于：0,syntax error, unexpected token "<", expecting end of file，所在文件 /Users/nohacks/Documents/web/parse/save/top.inc.php，位于行 8
异常发生！错误属于：0,syntax error, unexpected token "<", expecting end of file，所在文件 /Users/nohacks/Documents/web/parse/save/top.inc.php，位于行 8
异常发生！错误属于：0,syntax error, unexpected token "<", expecting end of file，所在文件 /Users/nohacks/Documents/web/parse/save/top.inc.php，位于行 8
异常发生！错误属于：0,syntax error, unexpected token "<", expecting end of file，所在文件 /Users/nohacks/Documents/web/parse/save/top.inc.php，位于行 8
异常发生！错误属于：0,syntax error, unexpected token "<", expecting end of file，所在文件 /Users/nohacks/Documents/web/parse/save/top.inc.php，位于行 8
异常发生！错误属于：0,syntax error, unexpected token "<", expecting end of file，所在文件 /Users/nohacks/Documents/web/parse/save/top.inc.php，位于行 8
异常发生！错误属于：0,syntax error, unexpected token "<", expecting end of file，所在文件 /Users/nohacks/Documents/web/parse/save/top.inc.php，位于行 8
异常发生！错误属于：0,syntax error, unexpected token "<", expecting end of file，所在文件 /Users/nohacks/Documents/web/parse/save/top.inc.php，位于行 8
异常发生！错误属于：0,syntax error, unexpected token "<", expecting end of file，所在文件 /Users/nohacks/Documents/web/parse/save/top.inc.php，位于行 8
异常发生！错误属于：0,syntax error, unexpected token "<", expecting end of file，所在文件 /Users/nohacks/Documents/web/parse/save/top.inc.php，位于行 8
异常发生！错误属于：0,syntax error, unexpected token "<", expecting end of file，所在文件 /Users/nohacks/Documents/web/parse/save/top.inc.php，位于行 8
异常发生！错误属于：0,syntax error, unexpected token "<", expecting end of file，所在文件 /Users/nohacks/Documents/web/parse/save/top.inc.php，位于行 8
异常发生！错误属于：0,syntax error, unexpected token "<", expecting end of file，所在文件 /Users/nohacks/Documents/web/parse/save/top.inc.php，位于行 8
异常发生！错误属于：0,syntax error, unexpected token "<", expecting end of file，所在文件 /Users/nohacks/Documents/web/parse/save/top.inc.php，位于行 8
异常发生！错误属于：0,syntax error, unexpected token "<", expecting end of file，所在文件 /Users/nohacks/Documents/web/parse/save/top.inc.php，位于行 8
异常发生！错误属于：0,syntax error, unexpected token "<", expecting end of file，所在文件 /Users/nohacks/Documents/web/parse/save/top.inc.php，位于行 8
异常发生！错误属于：,，所在文件 ，位于行 
异常发生！错误属于：,，所在文件 ，位于行 
异常发生！错误属于：2,，所在文件 /Users/nohacks/Documents/web/parse/include/class.main.php，位于行 1254
异常发生！错误属于：0,，所在文件 /Users/nohacks/Documents/web/parse/include/class.main.php，位于行 /Users/nohacks/Documents/web/parse/include/class.main.php
异常发生！错误属于：2,，所在文件 /Users/nohacks/Documents/web/parse/include/class.main.php，位于行 1258
异常发生！错误属于：2,，所在文件 /Users/nohacks/Documents/web/parse/include/class.main.php，位于行 1254
异常发生！错误属于：0,，所在文件 /Users/nohacks/Documents/web/parse/include/class.main.php，位于行 /Users/nohacks/Documents/web/parse/include/class.main.php
异常发生！错误属于：2,，所在文件 /Users/nohacks/Documents/web/parse/include/class.main.php，位于行 1258
异常发生！错误属于：0,Call to undefined function foobar()，所在文件 /Users/nohacks/Documents/web/parse/include/class.main.php，位于行 /Users/nohacks/Documents/web/parse/include/class.main.php
异常发生！错误属于：2,Undefined variable $msg，所在文件 /Users/nohacks/Documents/web/parse/include/class.main.php，位于行 1258
异常发生！错误属于：0,Call to undefined function foobar()，所在文件 /Users/nohacks/Documents/web/parse/include/class.main.php，位于行 /Users/nohacks/Documents/web/parse/include/class.main.php
异常发生！错误属于：2,Undefined variable $msg，所在文件 /Users/nohacks/Documents/web/parse/include/class.main.php，位于行 1258
异常发生！错误属于：0,Call to undefined function foobar()，所在文件 /Users/nohacks/Documents/web/parse/include/class.main.php，位于行 /Users/nohacks/Documents/web/parse/include/class.main.php
异常发生！错误属于：2,Undefined variable $msg，所在文件 /Users/nohacks/Documents/web/parse/include/class.main.php，位于行 1258
异常发生！错误属于：0,Call to undefined function foobar()，所在文件 /Users/nohacks/Documents/web/parse/include/class.main.php，位于行 /Users/nohacks/Documents/web/parse/include/class.main.php
异常发生！错误属于：2,Undefined variable $msg，所在文件 /Users/nohacks/Documents/web/parse/include/class.main.php，位于行 1258
异常发生！错误属于：0,Call to undefined function foobar()，所在文件 /Users/nohacks/Documents/web/parse/include/class.main.php，位于行 /Users/nohacks/Documents/web/parse/include/class.main.php
异常发生！错误属于：2,Undefined variable $msg，所在文件 /Users/nohacks/Documents/web/parse/include/class.main.php，位于行 1258
异常发生！错误属于：0,Call to undefined function foobar()，所在文件 /Users/nohacks/Documents/web/parse/include/class.main.php，位于行 /Users/nohacks/Documents/web/parse/include/class.main.php
异常发生！错误属于：2,Undefined variable $msg，所在文件 /Users/nohacks/Documents/web/parse/include/class.main.php，位于行 1258
异常发生！错误属于：0,Call to undefined function foobar()，所在文件 /Users/nohacks/Documents/web/parse/include/class.main.php，位于行 /Users/nohacks/Documents/web/parse/include/class.main.php
异常发生！错误属于：2,Undefined variable $msg，所在文件 /Users/nohacks/Documents/web/parse/include/class.main.php，位于行 1258
异常发生！错误属于：0,Call to undefined function foobar()，所在文件 /Users/nohacks/Documents/web/parse/include/class.main.php，位于行 /Users/nohacks/Documents/web/parse/include/class.main.php
异常发生！错误属于：2,Undefined variable $msg，所在文件 /Users/nohacks/Documents/web/parse/include/class.main.php，位于行 1258
异常发生！错误属于：0,Call to undefined function foobar()，所在文件 /Users/nohacks/Documents/web/parse/include/class.main.php，位于行 /Users/nohacks/Documents/web/parse/include/class.main.php
异常发生！错误属于：2,Undefined variable $msg，所在文件 /Users/nohacks/Documents/web/parse/include/class.main.php，位于行 1258
异常发生！错误属于：0,Call to undefined function foobar()，所在文件 /Users/nohacks/Documents/web/parse/include/class.main.php，位于行 /Users/nohacks/Documents/web/parse/include/class.main.php
异常发生！错误属于：2,Undefined variable $msg，所在文件 /Users/nohacks/Documents/web/parse/include/class.main.php，位于行 1258
异常发生！错误属于：0,Call to undefined function foobar()，所在文件 /Users/nohacks/Documents/web/parse/include/class.main.php，位于行 /Users/nohacks/Documents/web/parse/include/class.main.php
异常发生！错误属于：2,Undefined variable $msg，所在文件 /Users/nohacks/Documents/web/parse/include/class.main.php，位于行 1258
异常发生！错误属于：0,Call to undefined function foobar()，所在文件 /Users/nohacks/Documents/web/parse/include/class.main.php，位于行 /Users/nohacks/Documents/web/parse/include/class.main.php
异常发生！错误属于：2,Undefined variable $msg，所在文件 /Users/nohacks/Documents/web/parse/include/class.main.php，位于行 1258
异常发生！错误属于：0,Call to undefined function foobar()，所在文件 /Users/nohacks/Documents/web/parse/include/class.main.php，位于行 /Users/nohacks/Documents/web/parse/include/class.main.php
异常发生！错误属于：2,Undefined variable $msg，所在文件 /Users/nohacks/Documents/web/parse/include/class.main.php，位于行 1258
异常发生！错误属于：0,Call to undefined function foobar()，所在文件 /Users/nohacks/Documents/web/parse/include/class.main.php，位于行 /Users/nohacks/Documents/web/parse/include/class.main.php
异常发生！错误属于：2,Undefined variable $msg，所在文件 /Users/nohacks/Documents/web/parse/include/class.main.php，位于行 1258
异常发生！错误属于：0,Call to undefined function foobar()，所在文件 /Users/nohacks/Documents/web/parse/include/class.main.php，位于行 /Users/nohacks/Documents/web/parse/include/class.main.php
异常发生！错误属于：2,Undefined variable $msg，所在文件 /Users/nohacks/Documents/web/parse/include/class.main.php，位于行 1258
异常发生！错误属于：0,Call to undefined function foobar()，所在文件 /Users/nohacks/Documents/web/parse/include/class.main.php，位于行 /Users/nohacks/Documents/web/parse/include/class.main.php
异常发生！错误属于：0,Call to undefined function foobar()，所在文件 /Users/nohacks/Documents/web/parse/include/class.main.php，位于行 /Users/nohacks/Documents/web/parse/include/class.main.php
异常发生！错误属于：0,Call to undefined function foobar()，所在文件 /Users/nohacks/Documents/web/parse/include/class.main.php，位于行 /Users/nohacks/Documents/web/parse/include/class.main.php
异常发生！错误属于：0,Call to undefined function foobar()，所在文件 /Users/nohacks/Documents/web/parse/include/class.main.php，位于行 /Users/nohacks/Documents/web/parse/include/class.main.php
异常发生！错误属于：0,Call to undefined function foobar()，所在文件 /Users/nohacks/Documents/web/parse/include/class.main.php，位于行 /Users/nohacks/Documents/web/parse/include/class.main.php
异常发生！错误属于：0,Call to undefined function foobar()，所在文件 /Users/nohacks/Documents/web/parse/include/class.main.php，位于行 /Users/nohacks/Documents/web/parse/include/class.main.php
异常发生！错误属于：0,Call to undefined function foobar()，所在文件 /Users/nohacks/Documents/web/parse/include/class.main.php，位于行 /Users/nohacks/Documents/web/parse/include/class.main.php
异常发生！错误属于：0,Call to undefined function foobar()，所在文件 /Users/nohacks/Documents/web/parse/include/class.main.php，位于行 /Users/nohacks/Documents/web/parse/include/class.main.php
异常发生！错误属于：0,Call to undefined function foobar()，所在文件 /Users/nohacks/Documents/web/parse/include/class.main.php，位于行 /Users/nohacks/Documents/web/parse/include/class.main.php
异常发生！错误属于：0,Call to undefined function foobar()，所在文件 /Users/nohacks/Documents/web/parse/include/class.main.php，位于行 /Users/nohacks/Documents/web/parse/include/class.main.php
异常发生！错误属于：0,Call to undefined function foobar()，所在文件 /Users/nohacks/Documents/web/parse/include/class.main.php，位于行 /Users/nohacks/Documents/web/parse/include/class.main.php
异常发生！错误属于：0,Call to undefined function foobar()，所在文件 /Users/nohacks/Documents/web/parse/include/class.main.php，位于行 /Users/nohacks/Documents/web/parse/include/class.main.php
异常发生！错误属于：0,Call to undefined function foobar()，所在文件 /Users/nohacks/Documents/web/parse/include/class.main.php，位于行 /Users/nohacks/Documents/web/parse/include/class.main.php
异常发生！错误属于：0,Call to undefined function foobar()，所在文件 /Users/nohacks/Documents/web/parse/include/class.main.php，位于行 /Users/nohacks/Documents/web/parse/include/class.main.php
异常发生！错误属于：0,Call to undefined function foobar()，所在文件 /Users/nohacks/Documents/web/parse/include/class.main.php，位于行 /Users/nohacks/Documents/web/parse/include/class.main.php
异常发生！错误属于：0,Call to undefined function foobar()，所在文件 /Users/nohacks/Documents/web/parse/include/class.main.php，位于行 /Users/nohacks/Documents/web/parse/include/class.main.php
异常发生！错误属于：0,Call to undefined function foobar()，所在文件 /Users/nohacks/Documents/web/parse/include/class.main.php，位于行 /Users/nohacks/Documents/web/parse/include/class.main.php
异常发生！错误属于：0,Call to undefined function foobar()，所在文件 /Users/nohacks/Documents/web/parse/include/class.main.php，位于行 /Users/nohacks/Documents/web/parse/include/class.main.php
异常发生！错误属于：0,Call to undefined function foobar()，所在文件 /Users/nohacks/Documents/web/parse/include/class.main.php，位于行 /Users/nohacks/Documents/web/parse/include/class.main.php
异常发生！错误属于：0,Call to undefined function foobar()，所在文件 /Users/nohacks/Documents/web/parse/include/class.main.php，位于行 /Users/nohacks/Documents/web/parse/include/class.main.php
异常发生！错误属于：0,Call to undefined function foobar()，所在文件 /Users/nohacks/Documents/web/parse/include/class.main.php，位于行 /Users/nohacks/Documents/web/parse/include/class.main.php
异常发生！错误属于：0,Call to undefined function foobar()，所在文件 /Users/nohacks/Documents/web/parse/include/class.main.php，位于行 /Users/nohacks/Documents/web/parse/include/class.main.php
异常发生！错误属于：0,Call to undefined function foobar()，所在文件 /Users/nohacks/Documents/web/parse/include/class.main.php，位于行 /Users/nohacks/Documents/web/parse/include/class.main.php
异常发生！错误属于：0,Call to undefined function foobar()，所在文件 /Users/nohacks/Documents/web/parse/include/class.main.php，位于行 /Users/nohacks/Documents/web/parse/include/class.main.php
异常发生！错误属于：0,Call to undefined function foobar()，所在文件 /Users/nohacks/Documents/web/parse/include/class.main.php，位于行 /Users/nohacks/Documents/web/parse/include/class.main.php
异常发生！错误属于：0,Call to undefined function foobar()，所在文件 /Users/nohacks/Documents/web/parse/include/class.main.php，位于行 /Users/nohacks/Documents/web/parse/include/class.main.php
异常发生！错误属于：0,Call to undefined function foobar()，所在文件 /Users/nohacks/Documents/web/parse/include/class.main.php，位于行 /Users/nohacks/Documents/web/parse/include/class.main.php
异常发生！错误属于：0,Call to undefined function foobar()，所在文件 /Users/nohacks/Documents/web/parse/include/class.main.php，位于行 /Users/nohacks/Documents/web/parse/include/class.main.php
异常发生！错误属于：0,Call to undefined function foobar()，所在文件 /Users/nohacks/Documents/web/parse/include/class.main.php，位于行 /Users/nohacks/Documents/web/parse/include/class.main.php
异常发生！错误属于：0,Call to undefined function foobar()，所在文件 /Users/nohacks/Documents/web/parse/include/class.main.php，位于行 /Users/nohacks/Documents/web/parse/include/class.main.php
异常发生！错误属于：0,Call to undefined function foobar()，所在文件 /Users/nohacks/Documents/web/parse/include/class.main.php，位于行 /Users/nohacks/Documents/web/parse/include/class.main.php
异常发生！错误属于：0,Call to undefined function foobar()，所在文件 /Users/nohacks/Documents/web/parse/include/class.main.php，位于行 /Users/nohacks/Documents/web/parse/include/class.main.php
异常发生！错误属于：2,Undefined variable $type异常，所在文件 /Users/nohacks/Documents/web/parse/include/class.main.php，位于行 1256
异常发生！错误属于：0,Call to undefined function foobar()，所在文件 /Users/nohacks/Documents/web/parse/include/class.main.php，位于行 /Users/nohacks/Documents/web/parse/include/class.main.php
异常发生！错误属于：2,Undefined variable $errtype！，所在文件 /Users/nohacks/Documents/web/parse/include/class.main.php，位于行 1263
异常发生！错误属于：0,Call to undefined function foobar()，所在文件 /Users/nohacks/Documents/web/parse/include/class.main.php，位于行 /Users/nohacks/Documents/web/parse/include/class.main.php
异常发生！错误属于：2,Undefined variable $errtype！，所在文件 /Users/nohacks/Documents/web/parse/include/class.main.php，位于行 1263
异常发生！错误属于：0,Call to undefined function foobar()，所在文件 /Users/nohacks/Documents/web/parse/include/class.main.php，位于行 /Users/nohacks/Documents/web/parse/include/class.main.php
异常发生！错误属于：2,Undefined variable $errtype！，所在文件 /Users/nohacks/Documents/web/parse/include/class.main.php，位于行 1263
异常发生！错误属于：0,Call to undefined function foobar()，所在文件 /Users/nohacks/Documents/web/parse/include/class.main.php，位于行 /Users/nohacks/Documents/web/parse/include/class.main.php
异常发生！错误属于：0,Call to undefined function foobar()，所在文件 /Users/nohacks/Documents/web/parse/include/class.main.php，位于行 51
异常发生！错误属于：0,Call to undefined function foobar()，所在文件 /Users/nohacks/Documents/web/parse/include/class.main.php，位于行 51
异常发生！错误属于：0,Call to undefined function foobar()，所在文件 /Users/nohacks/Documents/web/parse/include/class.main.php，位于行 51
异常发生！错误属于：0,Call to undefined function foobar()，所在文件 /Users/nohacks/Documents/web/parse/include/class.main.php，位于行 51
异常发生！错误属于：0,Call to undefined function foobar()，所在文件 /Users/nohacks/Documents/web/parse/include/class.main.php，位于行 51
异常发生！错误属于：0,Call to undefined function foobar()，所在文件 /Users/nohacks/Documents/web/parse/include/class.main.php，位于行 51
异常发生！错误属于：0,Call to undefined function foobar()，所在文件 /Users/nohacks/Documents/web/parse/include/class.main.php，位于行 51
异常发生！错误属于：0,Call to undefined function foobar()，所在文件 /Users/nohacks/Documents/web/parse/include/class.main.php，位于行 51
异常发生！错误属于：0,Call to undefined function foobar()，所在文件 /Users/nohacks/Documents/web/parse/include/class.main.php，位于行 51
异常发生！错误属于：0,Call to undefined function foobar()，所在文件 /Users/nohacks/Documents/web/parse/include/class.main.php，位于行 51
异常发生！错误属于：2,Undefined variable $type！，所在文件 /Users/nohacks/Documents/web/parse/include/class.main.php，位于行 1262
异常发生！错误属于：0,Call to undefined function foobar()，所在文件 /Users/nohacks/Documents/web/parse/include/class.main.php，位于行 51
异常发生！错误属于：0,Call to undefined function foobar()，所在文件 /Users/nohacks/Documents/web/parse/include/class.main.php，位于行 51
异常发生！错误属于：0,Call to undefined function foobar()，所在文件 /Users/nohacks/Documents/web/parse/include/class.main.php，位于行 51
异常发生！错误属于：0,Call to undefined function foobar()，所在文件 /Users/nohacks/Documents/web/parse/include/class.main.php，位于行 51
异常发生！错误属于：0,Call to undefined function foobar()，所在文件 /Users/nohacks/Documents/web/parse/include/class.main.php，位于行 51
异常发生！错误属于：0,Call to undefined function foobar()，所在文件 /Users/nohacks/Documents/web/parse/include/class.main.php，位于行 51
异常发生！错误属于：0,syntax error, unexpected token "!"，所在文件 /Users/nohacks/Documents/web/parse/video/class.yun.php，位于行 4
异常发生！错误属于：0,syntax error, unexpected token "!"，所在文件 /Users/nohacks/Documents/web/parse/video/class.yun.php，位于行 4
异常发生！错误属于：0,syntax error, unexpected token "!"，所在文件 /Users/nohacks/Documents/web/parse/video/class.yun.php，位于行 4
异常发生！错误属于：0,syntax error, unexpected token "!"，所在文件 /Users/nohacks/Documents/web/parse/video/class.yun.php，位于行 4
异常发生！错误属于：0,syntax error, unexpected token "!"，所在文件 /Users/nohacks/Documents/web/parse/video/class.yun.php，位于行 4
异常发生！错误属于：0,syntax error, unexpected token "!"，所在文件 /Users/nohacks/Documents/web/parse/video/class.yun.php，位于行 4
异常发生！错误属于：0,syntax error, unexpected token "!"，所在文件 /Users/nohacks/Documents/web/parse/video/class.yun.php，位于行 4
异常发生！错误属于：0,syntax error, unexpected token "!"，所在文件 /Users/nohacks/Documents/web/parse/video/class.yun.php，位于行 4
异常发生！错误属于：0,syntax error, unexpected token "!"，所在文件 /Users/nohacks/Documents/web/parse/video/class.yun.php，位于行 4
异常发生！错误属于：0,syntax error, unexpected token "!"，所在文件 /Users/nohacks/Documents/web/parse/video/class.yun.php，位于行 4
异常发生！错误属于：0,syntax error, unexpected token "!"，所在文件 /Users/nohacks/Documents/web/parse/video/class.yun.php，位于行 4
异常发生！错误属于：0,syntax error, unexpected token "!"，所在文件 /Users/nohacks/Documents/web/parse/video/class.yun.php，位于行 4
异常发生！错误属于：2,Undefined array key ""，所在文件 /Users/nohacks/Documents/web/parse/api.php，位于行 425
