异常发生！错误属于：2,get_headers(): This function may only be used against URLs，所在文件 /Users/nohacks/Documents/web/parse/api.php，位于行 520
异常发生！错误属于：2,Trying to access array offset on false，所在文件 /Users/nohacks/Documents/web/parse/api.php，位于行 520
异常发生！错误属于：2,Undefined array key "url"，所在文件 /Users/nohacks/Documents/web/parse/api.php，位于行 207
异常发生！错误属于：2,Undefined array key "url"，所在文件 /Users/nohacks/Documents/web/parse/api.php，位于行 207
异常发生！错误属于：2,get_headers(): This function may only be used against URLs，所在文件 /Users/nohacks/Documents/web/parse/api.php，位于行 520
异常发生！错误属于：2,Trying to access array offset on false，所在文件 /Users/nohacks/Documents/web/parse/api.php，位于行 520
异常发生！错误属于：2,Undefined array key "url"，所在文件 /Users/nohacks/Documents/web/parse/api.php，位于行 207
异常发生！错误属于：2,get_headers(): This function may only be used against URLs，所在文件 /Users/nohacks/Documents/web/parse/api.php，位于行 520
异常发生！错误属于：2,Trying to access array offset on false，所在文件 /Users/nohacks/Documents/web/parse/api.php，位于行 520
异常发生！错误属于：2,Undefined array key "url"，所在文件 /Users/nohacks/Documents/web/parse/api.php，位于行 207
异常发生！错误属于：2,get_headers(): This function may only be used against URLs，所在文件 /Users/nohacks/Documents/web/parse/api.php，位于行 520
异常发生！错误属于：2,Trying to access array offset on false，所在文件 /Users/nohacks/Documents/web/parse/api.php，位于行 520
异常发生！错误属于：2,Undefined array key "url"，所在文件 /Users/nohacks/Documents/web/parse/api.php，位于行 207
异常发生！错误属于：2,Undefined array key "url"，所在文件 /Users/nohacks/Documents/web/parse/api.php，位于行 207
异常发生！错误属于：2,get_headers(): This function may only be used against URLs，所在文件 /Users/nohacks/Documents/web/parse/api.php，位于行 520
异常发生！错误属于：2,Trying to access array offset on false，所在文件 /Users/nohacks/Documents/web/parse/api.php，位于行 520
异常发生！错误属于：2,Undefined array key "url"，所在文件 /Users/nohacks/Documents/web/parse/api.php，位于行 207
异常发生！错误属于：2,get_headers(): This function may only be used against URLs，所在文件 /Users/nohacks/Documents/web/parse/api.php，位于行 520
异常发生！错误属于：2,Trying to access array offset on false，所在文件 /Users/nohacks/Documents/web/parse/api.php，位于行 520
异常发生！错误属于：2,Undefined array key "url"，所在文件 /Users/nohacks/Documents/web/parse/api.php，位于行 207
异常发生！错误属于：2,get_headers(): This function may only be used against URLs，所在文件 /Users/nohacks/Documents/web/parse/api.php，位于行 520
异常发生！错误属于：2,Trying to access array offset on false，所在文件 /Users/nohacks/Documents/web/parse/api.php，位于行 520
异常发生！错误属于：2,Undefined array key "url"，所在文件 /Users/nohacks/Documents/web/parse/api.php，位于行 207
异常发生！错误属于：2,get_headers(): This function may only be used against URLs，所在文件 /Users/nohacks/Documents/web/parse/api.php，位于行 520
异常发生！错误属于：2,Trying to access array offset on false，所在文件 /Users/nohacks/Documents/web/parse/api.php，位于行 520
异常发生！错误属于：2,Undefined array key "url"，所在文件 /Users/nohacks/Documents/web/parse/api.php，位于行 207
异常发生！错误属于：2,get_headers(): This function may only be used against URLs，所在文件 /Users/nohacks/Documents/web/parse/api.php，位于行 520
异常发生！错误属于：2,Trying to access array offset on false，所在文件 /Users/nohacks/Documents/web/parse/api.php，位于行 520
异常发生！错误属于：2,Undefined array key "url"，所在文件 /Users/nohacks/Documents/web/parse/api.php，位于行 207
异常发生！错误属于：2,get_headers(): This function may only be used against URLs，所在文件 /Users/nohacks/Documents/web/parse/api.php，位于行 520
异常发生！错误属于：2,Trying to access array offset on false，所在文件 /Users/nohacks/Documents/web/parse/api.php，位于行 520
异常发生！错误属于：2,Undefined array key "url"，所在文件 /Users/nohacks/Documents/web/parse/api.php，位于行 207
异常发生！错误属于：2,get_headers(): This function may only be used against URLs，所在文件 /Users/nohacks/Documents/web/parse/api.php，位于行 520
异常发生！错误属于：2,Trying to access array offset on false，所在文件 /Users/nohacks/Documents/web/parse/api.php，位于行 520
异常发生！错误属于：2,Undefined array key "url"，所在文件 /Users/nohacks/Documents/web/parse/api.php，位于行 207
异常发生！错误属于：2,get_headers(): This function may only be used against URLs，所在文件 /Users/nohacks/Documents/web/parse/api.php，位于行 520
异常发生！错误属于：2,Trying to access array offset on false，所在文件 /Users/nohacks/Documents/web/parse/api.php，位于行 520
异常发生！错误属于：2,Undefined array key "url"，所在文件 /Users/nohacks/Documents/web/parse/api.php，位于行 207
异常发生！错误属于：2,get_headers(): This function may only be used against URLs，所在文件 /Users/nohacks/Documents/web/parse/api.php，位于行 520
异常发生！错误属于：2,Trying to access array offset on false，所在文件 /Users/nohacks/Documents/web/parse/api.php，位于行 520
异常发生！错误属于：2,Undefined array key "url"，所在文件 /Users/nohacks/Documents/web/parse/api.php，位于行 207
异常发生！错误属于：2,get_headers(): This function may only be used against URLs，所在文件 /Users/nohacks/Documents/web/parse/api.php，位于行 520
异常发生！错误属于：2,Trying to access array offset on false，所在文件 /Users/nohacks/Documents/web/parse/api.php，位于行 520
异常发生！错误属于：2,Undefined array key "url"，所在文件 /Users/nohacks/Documents/web/parse/api.php，位于行 207
异常发生！错误属于：2,get_headers(): This function may only be used against URLs，所在文件 /Users/nohacks/Documents/web/parse/api.php，位于行 520
异常发生！错误属于：2,Trying to access array offset on false，所在文件 /Users/nohacks/Documents/web/parse/api.php，位于行 520
异常发生！错误属于：2,Undefined array key "url"，所在文件 /Users/nohacks/Documents/web/parse/api.php，位于行 207
异常发生！错误属于：2,get_headers(): This function may only be used against URLs，所在文件 /Users/nohacks/Documents/web/parse/api.php，位于行 520
异常发生！错误属于：2,Trying to access array offset on false，所在文件 /Users/nohacks/Documents/web/parse/api.php，位于行 520
异常发生！错误属于：2,Undefined array key "url"，所在文件 /Users/nohacks/Documents/web/parse/api.php，位于行 207
异常发生！错误属于：2,get_headers(): This function may only be used against URLs，所在文件 /Users/nohacks/Documents/web/parse/api.php，位于行 520
异常发生！错误属于：2,Trying to access array offset on false，所在文件 /Users/nohacks/Documents/web/parse/api.php，位于行 520
异常发生！错误属于：2,Undefined array key "url"，所在文件 /Users/nohacks/Documents/web/parse/api.php，位于行 207
异常发生！错误属于：2,get_headers(): This function may only be used against URLs，所在文件 /Users/nohacks/Documents/web/parse/api.php，位于行 520
异常发生！错误属于：2,Trying to access array offset on false，所在文件 /Users/nohacks/Documents/web/parse/api.php，位于行 520
异常发生！错误属于：2,Undefined array key "url"，所在文件 /Users/nohacks/Documents/web/parse/api.php，位于行 207
异常发生！错误属于：2,get_headers(): This function may only be used against URLs，所在文件 /Users/nohacks/Documents/web/parse/api.php，位于行 520
异常发生！错误属于：2,Trying to access array offset on false，所在文件 /Users/nohacks/Documents/web/parse/api.php，位于行 520
异常发生！错误属于：2,Undefined array key "url"，所在文件 /Users/nohacks/Documents/web/parse/api.php，位于行 207
异常发生！错误属于：2,get_headers(): This function may only be used against URLs，所在文件 /Users/nohacks/Documents/web/parse/api.php，位于行 520
异常发生！错误属于：2,Trying to access array offset on false，所在文件 /Users/nohacks/Documents/web/parse/api.php，位于行 520
异常发生！错误属于：2,Undefined array key "url"，所在文件 /Users/nohacks/Documents/web/parse/api.php，位于行 207
异常发生！错误属于：2,get_headers(): This function may only be used against URLs，所在文件 /Users/nohacks/Documents/web/parse/api.php，位于行 520
异常发生！错误属于：2,Trying to access array offset on false，所在文件 /Users/nohacks/Documents/web/parse/api.php，位于行 520
异常发生！错误属于：2,Undefined array key "url"，所在文件 /Users/nohacks/Documents/web/parse/api.php，位于行 207
异常发生！错误属于：2,get_headers(): This function may only be used against URLs，所在文件 /Users/nohacks/Documents/web/parse/api.php，位于行 520
异常发生！错误属于：2,Trying to access array offset on false，所在文件 /Users/nohacks/Documents/web/parse/api.php，位于行 520
异常发生！错误属于：2,Undefined array key "url"，所在文件 /Users/nohacks/Documents/web/parse/api.php，位于行 207
异常发生！错误属于：2,Undefined array key "url"，所在文件 /Users/nohacks/Documents/web/parse/api.php，位于行 207
异常发生！错误属于：2,Undefined array key "url"，所在文件 /Users/nohacks/Documents/web/parse/api.php，位于行 207
异常发生！错误属于：2,get_headers(): This function may only be used against URLs，所在文件 /Users/nohacks/Documents/web/parse/api.php，位于行 520
异常发生！错误属于：2,Trying to access array offset on false，所在文件 /Users/nohacks/Documents/web/parse/api.php，位于行 520
异常发生！错误属于：2,Undefined array key "url"，所在文件 /Users/nohacks/Documents/web/parse/api.php，位于行 207
异常发生！错误属于：2,get_headers(): This function may only be used against URLs，所在文件 /Users/nohacks/Documents/web/parse/api.php，位于行 520
异常发生！错误属于：2,Trying to access array offset on false，所在文件 /Users/nohacks/Documents/web/parse/api.php，位于行 520
异常发生！错误属于：2,Undefined array key "url"，所在文件 /Users/nohacks/Documents/web/parse/api.php，位于行 207
异常发生！错误属于：2,get_headers(): This function may only be used against URLs，所在文件 /Users/nohacks/Documents/web/parse/api.php，位于行 520
异常发生！错误属于：2,Trying to access array offset on false，所在文件 /Users/nohacks/Documents/web/parse/api.php，位于行 520
异常发生！错误属于：2,Undefined array key "url"，所在文件 /Users/nohacks/Documents/web/parse/api.php，位于行 207
异常发生！错误属于：2,Undefined array key "url"，所在文件 /Users/nohacks/Documents/web/parse/api.php，位于行 207
异常发生！错误属于：2,get_headers(): This function may only be used against URLs，所在文件 /Users/nohacks/Documents/web/parse/api.php，位于行 520
异常发生！错误属于：2,Trying to access array offset on false，所在文件 /Users/nohacks/Documents/web/parse/api.php，位于行 520
异常发生！错误属于：2,Undefined array key "url"，所在文件 /Users/nohacks/Documents/web/parse/api.php，位于行 207
异常发生！错误属于：2,get_headers(): This function may only be used against URLs，所在文件 /Users/nohacks/Documents/web/parse/api.php，位于行 520
异常发生！错误属于：2,Trying to access array offset on false，所在文件 /Users/nohacks/Documents/web/parse/api.php，位于行 520
异常发生！错误属于：2,Undefined array key "url"，所在文件 /Users/nohacks/Documents/web/parse/api.php，位于行 207
异常发生！错误属于：2,get_headers(https:///v.qq.com/x/cover/mzc0020002ka95z/d0036o17h0n.html): Failed to open stream: operation failed，所在文件 /Users/nohacks/Documents/web/parse/api.php，位于行 520
异常发生！错误属于：2,Trying to access array offset on false，所在文件 /Users/nohacks/Documents/web/parse/api.php，位于行 520
异常发生！错误属于：2,Undefined array key "url"，所在文件 /Users/nohacks/Documents/web/parse/api.php，位于行 207
异常发生！错误属于：2,Trying to access array offset on false，所在文件 /Users/nohacks/Documents/web/parse/video/class.init.php，位于行 19
异常发生！错误属于：8192,explode(): Passing null to parameter #2 ($string) of type string is deprecated，所在文件 /Users/nohacks/Documents/web/parse/video/class.init.php，位于行 19
异常发生！错误属于：2,Undefined array key 1，所在文件 /Users/nohacks/Documents/web/parse/video/class.init.php，位于行 19
异常发生！错误属于：2,Trying to access array offset on false，所在文件 /Users/nohacks/Documents/web/parse/include/class.main.php，位于行 74
异常发生！错误属于：2,get_headers(https:///v.qq.com/x/cover/mzc0020002ka95z/d0036o17h0n.html): Failed to open stream: operation failed，所在文件 /Users/nohacks/Documents/web/parse/api.php，位于行 520
异常发生！错误属于：2,Trying to access array offset on false，所在文件 /Users/nohacks/Documents/web/parse/api.php，位于行 520
异常发生！错误属于：2,Undefined array key "url"，所在文件 /Users/nohacks/Documents/web/parse/api.php，位于行 207
异常发生！错误属于：2,get_headers(): This function may only be used against URLs，所在文件 /Users/nohacks/Documents/web/parse/api.php，位于行 520
异常发生！错误属于：2,Trying to access array offset on false，所在文件 /Users/nohacks/Documents/web/parse/api.php，位于行 520
异常发生！错误属于：2,Undefined array key "url"，所在文件 /Users/nohacks/Documents/web/parse/api.php，位于行 207
异常发生！错误属于：2,get_headers(): This function may only be used against URLs，所在文件 /Users/nohacks/Documents/web/parse/api.php，位于行 520
异常发生！错误属于：2,Trying to access array offset on false，所在文件 /Users/nohacks/Documents/web/parse/api.php，位于行 520
异常发生！错误属于：2,Undefined array key "url"，所在文件 /Users/nohacks/Documents/web/parse/api.php，位于行 207
异常发生！错误属于：2,get_headers(): This function may only be used against URLs，所在文件 /Users/nohacks/Documents/web/parse/api.php，位于行 520
异常发生！错误属于：2,Trying to access array offset on false，所在文件 /Users/nohacks/Documents/web/parse/api.php，位于行 520
异常发生！错误属于：2,Undefined array key "url"，所在文件 /Users/nohacks/Documents/web/parse/api.php，位于行 207
异常发生！错误属于：2,get_headers(): This function may only be used against URLs，所在文件 /Users/nohacks/Documents/web/parse/api.php，位于行 520
异常发生！错误属于：2,Trying to access array offset on false，所在文件 /Users/nohacks/Documents/web/parse/api.php，位于行 520
异常发生！错误属于：2,Undefined array key "url"，所在文件 /Users/nohacks/Documents/web/parse/api.php，位于行 207
异常发生！错误属于：2,get_headers(): This function may only be used against URLs，所在文件 /Users/nohacks/Documents/web/parse/api.php，位于行 520
异常发生！错误属于：2,Trying to access array offset on false，所在文件 /Users/nohacks/Documents/web/parse/api.php，位于行 520
异常发生！错误属于：2,Undefined array key "url"，所在文件 /Users/nohacks/Documents/web/parse/api.php，位于行 207
异常发生！错误属于：2,get_headers(): This function may only be used against URLs，所在文件 /Users/nohacks/Documents/web/parse/api.php，位于行 520
异常发生！错误属于：2,Trying to access array offset on false，所在文件 /Users/nohacks/Documents/web/parse/api.php，位于行 520
异常发生！错误属于：2,Undefined array key "url"，所在文件 /Users/nohacks/Documents/web/parse/api.php，位于行 207
异常发生！错误属于：2,Undefined array key "url"，所在文件 /Users/nohacks/Documents/web/parse/api.php，位于行 207
异常发生！错误属于：2,Undefined array key 1，所在文件 /Users/nohacks/Documents/web/parse/video/class.init.php，位于行 19
异常发生！错误属于：2,get_headers(): This function may only be used against URLs，所在文件 /Users/nohacks/Documents/web/parse/api.php，位于行 520
异常发生！错误属于：2,Trying to access array offset on false，所在文件 /Users/nohacks/Documents/web/parse/api.php，位于行 520
异常发生！错误属于：2,Undefined array key "url"，所在文件 /Users/nohacks/Documents/web/parse/api.php，位于行 207
异常发生！错误属于：2,get_headers(): This function may only be used against URLs，所在文件 /Users/nohacks/Documents/web/parse/api.php，位于行 520
异常发生！错误属于：2,Trying to access array offset on false，所在文件 /Users/nohacks/Documents/web/parse/api.php，位于行 520
异常发生！错误属于：2,Undefined array key "url"，所在文件 /Users/nohacks/Documents/web/parse/api.php，位于行 207
异常发生！错误属于：2,get_headers(): This function may only be used against URLs，所在文件 /Users/nohacks/Documents/web/parse/api.php，位于行 520
异常发生！错误属于：2,Trying to access array offset on false，所在文件 /Users/nohacks/Documents/web/parse/api.php，位于行 520
异常发生！错误属于：2,Undefined array key "url"，所在文件 /Users/nohacks/Documents/web/parse/api.php，位于行 207
异常发生！错误属于：2,get_headers(): This function may only be used against URLs，所在文件 /Users/nohacks/Documents/web/parse/api.php，位于行 520
异常发生！错误属于：2,Trying to access array offset on false，所在文件 /Users/nohacks/Documents/web/parse/api.php，位于行 520
异常发生！错误属于：2,Undefined array key "url"，所在文件 /Users/nohacks/Documents/web/parse/api.php，位于行 207
异常发生！错误属于：2,get_headers(): php_network_getaddresses: getaddrinfo for http failed: nodename nor servname provided, or not known，所在文件 /Users/nohacks/Documents/web/parse/api.php，位于行 520
异常发生！错误属于：2,get_headers(http://http): Failed to open stream: php_network_getaddresses: getaddrinfo for http failed: nodename nor servname provided, or not known，所在文件 /Users/nohacks/Documents/web/parse/api.php，位于行 520
异常发生！错误属于：2,Trying to access array offset on false，所在文件 /Users/nohacks/Documents/web/parse/api.php，位于行 520
异常发生！错误属于：2,Undefined array key "path"，所在文件 /Users/nohacks/Documents/web/parse/video/class.yun.php，位于行 91
异常发生！错误属于：2,get_headers(): php_network_getaddresses: getaddrinfo for http failed: nodename nor servname provided, or not known，所在文件 /Users/nohacks/Documents/web/parse/api.php，位于行 520
异常发生！错误属于：2,get_headers(http://http): Failed to open stream: php_network_getaddresses: getaddrinfo for http failed: nodename nor servname provided, or not known，所在文件 /Users/nohacks/Documents/web/parse/api.php，位于行 520
异常发生！错误属于：2,Trying to access array offset on false，所在文件 /Users/nohacks/Documents/web/parse/api.php，位于行 520
异常发生！错误属于：2,get_headers(): This function may only be used against URLs，所在文件 /Users/nohacks/Documents/web/parse/api.php，位于行 520
异常发生！错误属于：2,Trying to access array offset on false，所在文件 /Users/nohacks/Documents/web/parse/api.php，位于行 520
异常发生！错误属于：2,Undefined array key "url"，所在文件 /Users/nohacks/Documents/web/parse/api.php，位于行 207
异常发生！错误属于：2,get_headers(): This function may only be used against URLs，所在文件 /Users/nohacks/Documents/web/parse/api.php，位于行 520
异常发生！错误属于：2,Trying to access array offset on false，所在文件 /Users/nohacks/Documents/web/parse/api.php，位于行 520
异常发生！错误属于：2,Undefined array key "url"，所在文件 /Users/nohacks/Documents/web/parse/api.php，位于行 207
异常发生！错误属于：2,get_headers(): This function may only be used against URLs，所在文件 /Users/nohacks/Documents/web/parse/api.php，位于行 520
异常发生！错误属于：2,Trying to access array offset on false，所在文件 /Users/nohacks/Documents/web/parse/api.php，位于行 520
异常发生！错误属于：2,Undefined array key "url"，所在文件 /Users/nohacks/Documents/web/parse/api.php，位于行 207
异常发生！错误属于：2,Undefined array key "url"，所在文件 /Users/nohacks/Documents/web/parse/api.php，位于行 207
异常发生！错误属于：2,Undefined array key 2，所在文件 /Users/nohacks/Documents/web/parse/video/class.yun.php，位于行 807
异常发生！错误属于：2,Undefined array key "url"，所在文件 /Users/nohacks/Documents/web/parse/api.php，位于行 207
异常发生！错误属于：2,Undefined array key 2，所在文件 /Users/nohacks/Documents/web/parse/video/class.yun.php，位于行 807
异常发生！错误属于：2,Undefined array key "path"，所在文件 /Users/nohacks/Documents/web/parse/video/class.yun.php，位于行 91
异常发生！错误属于：2,Undefined array key "url"，所在文件 /Users/nohacks/Documents/web/parse/api.php，位于行 207
异常发生！错误属于：2,Undefined array key "path"，所在文件 /Users/nohacks/Documents/web/parse/video/class.init.php，位于行 19
异常发生！错误属于：8192,explode(): Passing null to parameter #2 ($string) of type string is deprecated，所在文件 /Users/nohacks/Documents/web/parse/video/class.init.php，位于行 19
异常发生！错误属于：2,Undefined array key 1，所在文件 /Users/nohacks/Documents/web/parse/video/class.init.php，位于行 19
异常发生！错误属于：2,foreach() argument must be of type array|object, false given，所在文件 /Users/nohacks/Documents/web/parse/video/class.yun.php，位于行 206
异常发生！错误属于：2,Undefined variable $vodurl，所在文件 /Users/nohacks/Documents/web/parse/video/class.yun.php，位于行 298
异常发生！错误属于：8192,preg_match(): Passing null to parameter #2 ($subject) of type string is deprecated，所在文件 /Users/nohacks/Documents/web/parse/video/class.yun.php，位于行 298
异常发生！错误属于：2,Undefined variable $info，所在文件 /Users/nohacks/Documents/web/parse/video/class.yun.php，位于行 305
异常发生！错误属于：2,Trying to access array offset on null，所在文件 /Users/nohacks/Documents/web/parse/video/class.yun.php，位于行 305
异常发生！错误属于：2,Trying to access array offset on null，所在文件 /Users/nohacks/Documents/web/parse/video/class.yun.php，位于行 305
异常发生！错误属于：0,sizeof(): Argument #1 ($value) must be of type Countable|array, null given，所在文件 /Users/nohacks/Documents/web/parse/video/class.yun.php，位于行 305
异常发生！错误属于：2,Undefined array key "url"，所在文件 /Users/nohacks/Documents/web/parse/api.php，位于行 207
异常发生！错误属于：2,Undefined array key 1，所在文件 /Users/nohacks/Documents/web/parse/video/class.init.php，位于行 19
异常发生！错误属于：2,Undefined array key "url"，所在文件 /Users/nohacks/Documents/web/parse/api.php，位于行 207
异常发生！错误属于：2,Undefined array key 1，所在文件 /Users/nohacks/Documents/web/parse/video/class.init.php，位于行 19
异常发生！错误属于：2,Undefined array key "url"，所在文件 /Users/nohacks/Documents/web/parse/api.php，位于行 207
异常发生！错误属于：2,Undefined array key 1，所在文件 /Users/nohacks/Documents/web/parse/video/class.init.php，位于行 19
异常发生！错误属于：2,Undefined array key "url"，所在文件 /Users/nohacks/Documents/web/parse/api.php，位于行 207
异常发生！错误属于：2,Undefined array key 1，所在文件 /Users/nohacks/Documents/web/parse/video/class.init.php，位于行 19
异常发生！错误属于：2,Undefined array key "url"，所在文件 /Users/nohacks/Documents/web/parse/api.php，位于行 207
异常发生！错误属于：2,Undefined array key 1，所在文件 /Users/nohacks/Documents/web/parse/video/class.init.php，位于行 19
异常发生！错误属于：2,Undefined array key "url"，所在文件 /Users/nohacks/Documents/web/parse/api.php，位于行 207
异常发生！错误属于：2,Undefined array key 1，所在文件 /Users/nohacks/Documents/web/parse/video/class.init.php，位于行 19
异常发生！错误属于：2,Undefined array key "url"，所在文件 /Users/nohacks/Documents/web/parse/api.php，位于行 207
异常发生！错误属于：2,Undefined array key 1，所在文件 /Users/nohacks/Documents/web/parse/video/class.init.php，位于行 19
异常发生！错误属于：2,Undefined array key "url"，所在文件 /Users/nohacks/Documents/web/parse/api.php，位于行 207
异常发生！错误属于：2,Undefined array key 1，所在文件 /Users/nohacks/Documents/web/parse/video/class.init.php，位于行 19
异常发生！错误属于：2,Undefined array key "url"，所在文件 /Users/nohacks/Documents/web/parse/api.php，位于行 207
异常发生！错误属于：2,Undefined array key 1，所在文件 /Users/nohacks/Documents/web/parse/video/class.init.php，位于行 19
异常发生！错误属于：2,Undefined array key "url"，所在文件 /Users/nohacks/Documents/web/parse/api.php，位于行 207
异常发生！错误属于：2,Undefined array key 1，所在文件 /Users/nohacks/Documents/web/parse/video/class.init.php，位于行 19
异常发生！错误属于：2,Undefined array key "url"，所在文件 /Users/nohacks/Documents/web/parse/api.php，位于行 207
异常发生！错误属于：2,Undefined array key 1，所在文件 /Users/nohacks/Documents/web/parse/video/class.init.php，位于行 19
异常发生！错误属于：2,Undefined array key "url"，所在文件 /Users/nohacks/Documents/web/parse/api.php，位于行 207
异常发生！错误属于：2,Undefined array key 1，所在文件 /Users/nohacks/Documents/web/parse/video/class.init.php，位于行 19
异常发生！错误属于：2,Undefined array key "url"，所在文件 /Users/nohacks/Documents/web/parse/api.php，位于行 207
异常发生！错误属于：2,Undefined array key 1，所在文件 /Users/nohacks/Documents/web/parse/video/class.init.php，位于行 19
异常发生！错误属于：2,Undefined array key "url"，所在文件 /Users/nohacks/Documents/web/parse/api.php，位于行 207
异常发生！错误属于：2,Undefined array key 1，所在文件 /Users/nohacks/Documents/web/parse/video/class.init.php，位于行 19
异常发生！错误属于：2,Undefined array key "url"，所在文件 /Users/nohacks/Documents/web/parse/api.php，位于行 207
异常发生！错误属于：2,Undefined array key 1，所在文件 /Users/nohacks/Documents/web/parse/video/class.init.php，位于行 19
异常发生！错误属于：2,Undefined array key "url"，所在文件 /Users/nohacks/Documents/web/parse/api.php，位于行 207
异常发生！错误属于：2,Undefined array key 1，所在文件 /Users/nohacks/Documents/web/parse/video/class.init.php，位于行 19
异常发生！错误属于：2,Undefined array key "url"，所在文件 /Users/nohacks/Documents/web/parse/api.php，位于行 207
异常发生！错误属于：2,Undefined array key 1，所在文件 /Users/nohacks/Documents/web/parse/video/class.init.php，位于行 19
异常发生！错误属于：2,Undefined array key "url"，所在文件 /Users/nohacks/Documents/web/parse/api.php，位于行 207
异常发生！错误属于：2,Undefined array key 1，所在文件 /Users/nohacks/Documents/web/parse/video/class.init.php，位于行 19
异常发生！错误属于：2,Undefined array key "url"，所在文件 /Users/nohacks/Documents/web/parse/api.php，位于行 207
异常发生！错误属于：2,Undefined array key 1，所在文件 /Users/nohacks/Documents/web/parse/video/class.init.php，位于行 19
异常发生！错误属于：2,Undefined array key "url"，所在文件 /Users/nohacks/Documents/web/parse/api.php，位于行 207
异常发生！错误属于：2,Undefined array key 1，所在文件 /Users/nohacks/Documents/web/parse/video/class.init.php，位于行 19
异常发生！错误属于：2,Undefined array key "url"，所在文件 /Users/nohacks/Documents/web/parse/api.php，位于行 207
异常发生！错误属于：2,Undefined array key 1，所在文件 /Users/nohacks/Documents/web/parse/video/class.init.php，位于行 19
异常发生！错误属于：2,Undefined array key "url"，所在文件 /Users/nohacks/Documents/web/parse/api.php，位于行 207
异常发生！错误属于：2,Undefined array key 1，所在文件 /Users/nohacks/Documents/web/parse/video/class.init.php，位于行 19
异常发生！错误属于：2,Undefined array key "url"，所在文件 /Users/nohacks/Documents/web/parse/api.php，位于行 207
异常发生！错误属于：2,Undefined array key 1，所在文件 /Users/nohacks/Documents/web/parse/video/class.init.php，位于行 19
异常发生！错误属于：2,Undefined array key "url"，所在文件 /Users/nohacks/Documents/web/parse/api.php，位于行 207
异常发生！错误属于：2,Undefined array key 1，所在文件 /Users/nohacks/Documents/web/parse/video/class.init.php，位于行 19
异常发生！错误属于：2,Undefined array key "url"，所在文件 /Users/nohacks/Documents/web/parse/api.php，位于行 207
异常发生！错误属于：2,Undefined array key 1，所在文件 /Users/nohacks/Documents/web/parse/video/class.init.php，位于行 19
异常发生！错误属于：2,Undefined array key "url"，所在文件 /Users/nohacks/Documents/web/parse/api.php，位于行 207
异常发生！错误属于：2,Undefined array key 1，所在文件 /Users/nohacks/Documents/web/parse/video/class.init.php，位于行 19
异常发生！错误属于：2,Undefined array key "url"，所在文件 /Users/nohacks/Documents/web/parse/api.php，位于行 207
异常发生！错误属于：2,Undefined array key 1，所在文件 /Users/nohacks/Documents/web/parse/video/class.init.php，位于行 19
异常发生！错误属于：2,Undefined array key "url"，所在文件 /Users/nohacks/Documents/web/parse/api.php，位于行 207
异常发生！错误属于：2,Undefined array key 1，所在文件 /Users/nohacks/Documents/web/parse/video/class.init.php，位于行 19
异常发生！错误属于：2,Undefined array key "url"，所在文件 /Users/nohacks/Documents/web/parse/api.php，位于行 207
异常发生！错误属于：2,Undefined array key 1，所在文件 /Users/nohacks/Documents/web/parse/video/class.init.php，位于行 19
异常发生！错误属于：2,Undefined array key "url"，所在文件 /Users/nohacks/Documents/web/parse/api.php，位于行 207
异常发生！错误属于：2,Undefined array key 1，所在文件 /Users/nohacks/Documents/web/parse/video/class.init.php，位于行 19
异常发生！错误属于：2,Undefined array key "url"，所在文件 /Users/nohacks/Documents/web/parse/api.php，位于行 207
异常发生！错误属于：2,Undefined array key 1，所在文件 /Users/nohacks/Documents/web/parse/video/class.init.php，位于行 19
异常发生！错误属于：2,Undefined array key "url"，所在文件 /Users/nohacks/Documents/web/parse/api.php，位于行 207
异常发生！错误属于：2,Undefined array key 1，所在文件 /Users/nohacks/Documents/web/parse/video/class.init.php，位于行 19
异常发生！错误属于：2,Undefined array key "url"，所在文件 /Users/nohacks/Documents/web/parse/api.php，位于行 207
异常发生！错误属于：2,Undefined array key 1，所在文件 /Users/nohacks/Documents/web/parse/video/class.init.php，位于行 19
异常发生！错误属于：2,Attempt to read property "pagecount" on null，所在文件 /Users/nohacks/Documents/web/parse/video/class.yun.php，位于行 525
异常发生！错误属于：2,Undefined array key "url"，所在文件 /Users/nohacks/Documents/web/parse/api.php，位于行 207
异常发生！错误属于：2,Undefined array key 1，所在文件 /Users/nohacks/Documents/web/parse/video/class.init.php，位于行 19
异常发生！错误属于：2,Undefined array key "url"，所在文件 /Users/nohacks/Documents/web/parse/api.php，位于行 207
异常发生！错误属于：2,Undefined array key 1，所在文件 /Users/nohacks/Documents/web/parse/video/class.init.php，位于行 19
异常发生！错误属于：2,Undefined array key "url"，所在文件 /Users/nohacks/Documents/web/parse/api.php，位于行 207
异常发生！错误属于：2,Undefined array key 1，所在文件 /Users/nohacks/Documents/web/parse/video/class.init.php，位于行 19
异常发生！错误属于：2,Undefined array key "url"，所在文件 /Users/nohacks/Documents/web/parse/api.php，位于行 207
异常发生！错误属于：2,Undefined array key 1，所在文件 /Users/nohacks/Documents/web/parse/video/class.init.php，位于行 19
异常发生！错误属于：2,Undefined array key "url"，所在文件 /Users/nohacks/Documents/web/parse/api.php，位于行 207
异常发生！错误属于：2,Undefined array key 1，所在文件 /Users/nohacks/Documents/web/parse/video/class.init.php，位于行 19
异常发生！错误属于：2,Undefined array key "url"，所在文件 /Users/nohacks/Documents/web/parse/api.php，位于行 207
异常发生！错误属于：2,Undefined array key 1，所在文件 /Users/nohacks/Documents/web/parse/video/class.init.php，位于行 19
异常发生！错误属于：2,Undefined array key "url"，所在文件 /Users/nohacks/Documents/web/parse/api.php，位于行 207
异常发生！错误属于：2,Undefined array key 1，所在文件 /Users/nohacks/Documents/web/parse/video/class.init.php，位于行 19
异常发生！错误属于：2,Undefined array key "url"，所在文件 /Users/nohacks/Documents/web/parse/api.php，位于行 207
异常发生！错误属于：2,Undefined array key 1，所在文件 /Users/nohacks/Documents/web/parse/video/class.init.php，位于行 19
异常发生！错误属于：2,Undefined array key "url"，所在文件 /Users/nohacks/Documents/web/parse/api.php，位于行 207
异常发生！错误属于：2,Undefined array key 1，所在文件 /Users/nohacks/Documents/web/parse/video/class.init.php，位于行 19
异常发生！错误属于：2,Undefined array key "url"，所在文件 /Users/nohacks/Documents/web/parse/api.php，位于行 207
异常发生！错误属于：2,Undefined array key 1，所在文件 /Users/nohacks/Documents/web/parse/video/class.init.php，位于行 19
异常发生！错误属于：2,Undefined array key "Content-Type"，所在文件 /Users/nohacks/Documents/web/parse/api.php，位于行 520
异常发生！错误属于：2,Undefined array key "url"，所在文件 /Users/nohacks/Documents/web/parse/api.php，位于行 207
异常发生！错误属于：2,Undefined array key 1，所在文件 /Users/nohacks/Documents/web/parse/video/class.init.php，位于行 19
异常发生！错误属于：2,Undefined array key "url"，所在文件 /Users/nohacks/Documents/web/parse/api.php，位于行 207
异常发生！错误属于：2,Undefined array key 1，所在文件 /Users/nohacks/Documents/web/parse/video/class.init.php，位于行 19
异常发生！错误属于：2,Undefined array key "Content-Type"，所在文件 /Users/nohacks/Documents/web/parse/api.php，位于行 520
异常发生！错误属于：2,Undefined array key "url"，所在文件 /Users/nohacks/Documents/web/parse/api.php，位于行 207
异常发生！错误属于：2,Undefined array key 1，所在文件 /Users/nohacks/Documents/web/parse/video/class.init.php，位于行 19
异常发生！错误属于：2,Undefined array key "url"，所在文件 /Users/nohacks/Documents/web/parse/api.php，位于行 207
异常发生！错误属于：2,Undefined array key 1，所在文件 /Users/nohacks/Documents/web/parse/video/class.init.php，位于行 19
异常发生！错误属于：2,Undefined array key "url"，所在文件 /Users/nohacks/Documents/web/parse/api.php，位于行 207
异常发生！错误属于：2,Undefined array key 1，所在文件 /Users/nohacks/Documents/web/parse/video/class.init.php，位于行 19
异常发生！错误属于：2,Undefined array key "url"，所在文件 /Users/nohacks/Documents/web/parse/api.php，位于行 207
异常发生！错误属于：2,Undefined array key 1，所在文件 /Users/nohacks/Documents/web/parse/video/class.init.php，位于行 19
异常发生！错误属于：2,Undefined array key "url"，所在文件 /Users/nohacks/Documents/web/parse/api.php，位于行 207
异常发生！错误属于：2,Undefined array key 1，所在文件 /Users/nohacks/Documents/web/parse/video/class.init.php，位于行 19
异常发生！错误属于：2,Undefined array key "Content-Type"，所在文件 /Users/nohacks/Documents/web/parse/api.php，位于行 520
异常发生！错误属于：2,Undefined array key "url"，所在文件 /Users/nohacks/Documents/web/parse/api.php，位于行 207
异常发生！错误属于：2,Undefined array key 1，所在文件 /Users/nohacks/Documents/web/parse/video/class.init.php，位于行 19
异常发生！错误属于：2,Undefined array key "url"，所在文件 /Users/nohacks/Documents/web/parse/api.php，位于行 207
异常发生！错误属于：2,Undefined array key 1，所在文件 /Users/nohacks/Documents/web/parse/video/class.init.php，位于行 19
异常发生！错误属于：2,Undefined array key "Content-Type"，所在文件 /Users/nohacks/Documents/web/parse/api.php，位于行 520
异常发生！错误属于：2,Undefined array key "url"，所在文件 /Users/nohacks/Documents/web/parse/api.php，位于行 207
异常发生！错误属于：2,Undefined array key 1，所在文件 /Users/nohacks/Documents/web/parse/video/class.init.php，位于行 19
异常发生！错误属于：2,Undefined array key "url"，所在文件 /Users/nohacks/Documents/web/parse/api.php，位于行 207
异常发生！错误属于：2,Undefined array key 1，所在文件 /Users/nohacks/Documents/web/parse/video/class.init.php，位于行 19
异常发生！错误属于：2,Undefined array key "Content-Type"，所在文件 /Users/nohacks/Documents/web/parse/api.php，位于行 520
异常发生！错误属于：2,Undefined array key "url"，所在文件 /Users/nohacks/Documents/web/parse/api.php，位于行 207
异常发生！错误属于：2,Undefined array key 1，所在文件 /Users/nohacks/Documents/web/parse/video/class.init.php，位于行 19
异常发生！错误属于：2,Undefined array key "url"，所在文件 /Users/nohacks/Documents/web/parse/api.php，位于行 207
异常发生！错误属于：2,Undefined array key 1，所在文件 /Users/nohacks/Documents/web/parse/video/class.init.php，位于行 19
异常发生！错误属于：2,Undefined array key "url"，所在文件 /Users/nohacks/Documents/web/parse/api.php，位于行 207
异常发生！错误属于：2,Undefined array key 1，所在文件 /Users/nohacks/Documents/web/parse/video/class.init.php，位于行 19
异常发生！错误属于：2,Undefined array key "Content-Type"，所在文件 /Users/nohacks/Documents/web/parse/api.php，位于行 520
异常发生！错误属于：2,Undefined array key "url"，所在文件 /Users/nohacks/Documents/web/parse/api.php，位于行 207
异常发生！错误属于：2,Undefined array key 1，所在文件 /Users/nohacks/Documents/web/parse/video/class.init.php，位于行 19
异常发生！错误属于：2,Undefined array key "url"，所在文件 /Users/nohacks/Documents/web/parse/api.php，位于行 207
异常发生！错误属于：2,Undefined array key 1，所在文件 /Users/nohacks/Documents/web/parse/video/class.init.php，位于行 19
异常发生！错误属于：2,Undefined array key "url"，所在文件 /Users/nohacks/Documents/web/parse/api.php，位于行 207
异常发生！错误属于：2,Undefined array key 1，所在文件 /Users/nohacks/Documents/web/parse/video/class.init.php，位于行 19
异常发生！错误属于：2,Undefined array key "Content-Type"，所在文件 /Users/nohacks/Documents/web/parse/api.php，位于行 520
异常发生！错误属于：2,Undefined array key "url"，所在文件 /Users/nohacks/Documents/web/parse/api.php，位于行 207
异常发生！错误属于：2,Undefined array key 1，所在文件 /Users/nohacks/Documents/web/parse/video/class.init.php，位于行 19
异常发生！错误属于：2,Undefined array key "url"，所在文件 /Users/nohacks/Documents/web/parse/api.php，位于行 207
异常发生！错误属于：2,Undefined array key 1，所在文件 /Users/nohacks/Documents/web/parse/video/class.init.php，位于行 19
异常发生！错误属于：2,Undefined array key "url"，所在文件 /Users/nohacks/Documents/web/parse/api.php，位于行 207
异常发生！错误属于：2,Undefined array key 1，所在文件 /Users/nohacks/Documents/web/parse/video/class.init.php，位于行 19
异常发生！错误属于：2,Undefined array key "Content-Type"，所在文件 /Users/nohacks/Documents/web/parse/api.php，位于行 520
异常发生！错误属于：2,Undefined array key "url"，所在文件 /Users/nohacks/Documents/web/parse/api.php，位于行 207
异常发生！错误属于：2,Undefined array key 1，所在文件 /Users/nohacks/Documents/web/parse/video/class.init.php，位于行 19
异常发生！错误属于：2,Undefined array key "Content-Type"，所在文件 /Users/nohacks/Documents/web/parse/api.php，位于行 520
异常发生！错误属于：2,Undefined array key "url"，所在文件 /Users/nohacks/Documents/web/parse/api.php，位于行 207
异常发生！错误属于：2,Undefined array key 1，所在文件 /Users/nohacks/Documents/web/parse/video/class.init.php，位于行 19
异常发生！错误属于：2,Undefined array key "Content-Type"，所在文件 /Users/nohacks/Documents/web/parse/api.php，位于行 520
异常发生！错误属于：2,Undefined array key "url"，所在文件 /Users/nohacks/Documents/web/parse/api.php，位于行 207
异常发生！错误属于：2,Undefined array key 1，所在文件 /Users/nohacks/Documents/web/parse/video/class.init.php，位于行 19
异常发生！错误属于：2,Undefined array key "Content-Type"，所在文件 /Users/nohacks/Documents/web/parse/api.php，位于行 520
异常发生！错误属于：2,Undefined array key "url"，所在文件 /Users/nohacks/Documents/web/parse/api.php，位于行 207
异常发生！错误属于：2,Undefined array key 1，所在文件 /Users/nohacks/Documents/web/parse/video/class.init.php，位于行 19
异常发生！错误属于：2,Undefined array key "url"，所在文件 /Users/nohacks/Documents/web/parse/api.php，位于行 207
异常发生！错误属于：2,Undefined array key 1，所在文件 /Users/nohacks/Documents/web/parse/video/class.init.php，位于行 19
异常发生！错误属于：2,Undefined array key "url"，所在文件 /Users/nohacks/Documents/web/parse/api.php，位于行 207
异常发生！错误属于：2,Undefined array key 1，所在文件 /Users/nohacks/Documents/web/parse/video/class.init.php，位于行 19
异常发生！错误属于：2,Undefined array key "url"，所在文件 /Users/nohacks/Documents/web/parse/api.php，位于行 207
异常发生！错误属于：2,Undefined array key 1，所在文件 /Users/nohacks/Documents/web/parse/video/class.init.php，位于行 19
异常发生！错误属于：2,Undefined array key "url"，所在文件 /Users/nohacks/Documents/web/parse/api.php，位于行 207
异常发生！错误属于：2,Undefined array key 1，所在文件 /Users/nohacks/Documents/web/parse/video/class.init.php，位于行 19
异常发生！错误属于：2,Undefined array key "url"，所在文件 /Users/nohacks/Documents/web/parse/api.php，位于行 207
异常发生！错误属于：2,Undefined array key 1，所在文件 /Users/nohacks/Documents/web/parse/video/class.init.php，位于行 19
异常发生！错误属于：2,Undefined array key "url"，所在文件 /Users/nohacks/Documents/web/parse/api.php，位于行 207
异常发生！错误属于：2,Undefined array key 1，所在文件 /Users/nohacks/Documents/web/parse/video/class.init.php，位于行 19
异常发生！错误属于：2,Undefined array key "url"，所在文件 /Users/nohacks/Documents/web/parse/api.php，位于行 207
异常发生！错误属于：2,Undefined array key 1，所在文件 /Users/nohacks/Documents/web/parse/video/class.init.php，位于行 19
异常发生！错误属于：2,Undefined array key "url"，所在文件 /Users/nohacks/Documents/web/parse/api.php，位于行 207
异常发生！错误属于：2,Undefined array key 1，所在文件 /Users/nohacks/Documents/web/parse/video/class.init.php，位于行 19
异常发生！错误属于：2,Undefined array key "url"，所在文件 /Users/nohacks/Documents/web/parse/api.php，位于行 207
异常发生！错误属于：2,Undefined array key 1，所在文件 /Users/nohacks/Documents/web/parse/video/class.init.php，位于行 19
异常发生！错误属于：2,Undefined array key "url"，所在文件 /Users/nohacks/Documents/web/parse/api.php，位于行 207
异常发生！错误属于：2,Undefined array key 1，所在文件 /Users/nohacks/Documents/web/parse/video/class.init.php，位于行 19
异常发生！错误属于：2,Undefined array key "url"，所在文件 /Users/nohacks/Documents/web/parse/api.php，位于行 207
异常发生！错误属于：2,Undefined array key 1，所在文件 /Users/nohacks/Documents/web/parse/video/class.init.php，位于行 19
异常发生！错误属于：2,Undefined array key "url"，所在文件 /Users/nohacks/Documents/web/parse/api.php，位于行 207
异常发生！错误属于：2,Undefined array key 1，所在文件 /Users/nohacks/Documents/web/parse/video/class.init.php，位于行 19
异常发生！错误属于：2,Undefined array key "url"，所在文件 /Users/nohacks/Documents/web/parse/api.php，位于行 207
异常发生！错误属于：2,Undefined array key 1，所在文件 /Users/nohacks/Documents/web/parse/video/class.init.php，位于行 19
异常发生！错误属于：2,Undefined array key "url"，所在文件 /Users/nohacks/Documents/web/parse/api.php，位于行 207
异常发生！错误属于：2,Undefined array key 1，所在文件 /Users/nohacks/Documents/web/parse/video/class.init.php，位于行 19
异常发生！错误属于：2,Undefined array key "url"，所在文件 /Users/nohacks/Documents/web/parse/api.php，位于行 207
异常发生！错误属于：2,Undefined array key 1，所在文件 /Users/nohacks/Documents/web/parse/video/class.init.php，位于行 19
异常发生！错误属于：2,Undefined array key "url"，所在文件 /Users/nohacks/Documents/web/parse/api.php，位于行 207
异常发生！错误属于：2,Undefined array key 1，所在文件 /Users/nohacks/Documents/web/parse/video/class.init.php，位于行 19
