异常发生！错误属于：2,Undefined array key "url"，所在文件 /Users/nohacks/Documents/web/parse/api.php，位于行 207
异常发生！错误属于：2,Undefined array key "url"，所在文件 /Users/nohacks/Documents/web/parse/api.php，位于行 207
异常发生！错误属于：2,Undefined array key 1，所在文件 /Users/nohacks/Documents/web/parse/video/class.init.php，位于行 19
异常发生！错误属于：2,Undefined array key "url"，所在文件 /Users/nohacks/Documents/web/parse/api.php，位于行 207
异常发生！错误属于：2,Undefined array key 1，所在文件 /Users/nohacks/Documents/web/parse/video/class.init.php，位于行 19
异常发生！错误属于：2,Undefined array key "url"，所在文件 /Users/nohacks/Documents/web/parse/api.php，位于行 207
异常发生！错误属于：2,Undefined array key 1，所在文件 /Users/nohacks/Documents/web/parse/video/class.init.php，位于行 19
异常发生！错误属于：2,Undefined array key "url"，所在文件 /Users/nohacks/Documents/web/parse/api.php，位于行 207
异常发生！错误属于：2,Undefined array key 1，所在文件 /Users/nohacks/Documents/web/parse/video/class.init.php，位于行 19
异常发生！错误属于：2,Undefined array key "url"，所在文件 /Users/nohacks/Documents/web/parse/api.php，位于行 207
异常发生！错误属于：2,Undefined array key 1，所在文件 /Users/nohacks/Documents/web/parse/video/class.init.php，位于行 19
异常发生！错误属于：2,Undefined array key "url"，所在文件 /Users/nohacks/Documents/web/parse/api.php，位于行 207
异常发生！错误属于：2,Undefined array key 1，所在文件 /Users/nohacks/Documents/web/parse/video/class.init.php，位于行 19
异常发生！错误属于：2,Undefined array key "url"，所在文件 /Users/nohacks/Documents/web/parse/api.php，位于行 207
异常发生！错误属于：2,Undefined array key 1，所在文件 /Users/nohacks/Documents/web/parse/video/class.init.php，位于行 19
异常发生！错误属于：2,Undefined array key "url"，所在文件 /Users/nohacks/Documents/web/parse/api.php，位于行 207
异常发生！错误属于：2,Undefined array key 1，所在文件 /Users/nohacks/Documents/web/parse/video/class.init.php，位于行 19
异常发生！错误属于：2,Undefined array key "url"，所在文件 /Users/nohacks/Documents/web/parse/api.php，位于行 207
异常发生！错误属于：2,Undefined array key 1，所在文件 /Users/nohacks/Documents/web/parse/video/class.init.php，位于行 19
异常发生！错误属于：2,Undefined array key "url"，所在文件 /Users/nohacks/Documents/web/parse/api.php，位于行 207
异常发生！错误属于：2,Undefined array key 1，所在文件 /Users/nohacks/Documents/web/parse/video/class.init.php，位于行 19
异常发生！错误属于：2,Undefined array key "url"，所在文件 /Users/nohacks/Documents/web/parse/api.php，位于行 207
异常发生！错误属于：2,Undefined array key 1，所在文件 /Users/nohacks/Documents/web/parse/video/class.init.php，位于行 19
异常发生！错误属于：2,Undefined array key "url"，所在文件 /Users/nohacks/Documents/web/parse/api.php，位于行 207
异常发生！错误属于：2,Undefined array key 1，所在文件 /Users/nohacks/Documents/web/parse/video/class.init.php，位于行 19
异常发生！错误属于：2,Undefined array key "url"，所在文件 /Users/nohacks/Documents/web/parse/api.php，位于行 207
异常发生！错误属于：2,Undefined array key 1，所在文件 /Users/nohacks/Documents/web/parse/video/class.init.php，位于行 19
异常发生！错误属于：2,Undefined array key "url"，所在文件 /Users/nohacks/Documents/web/parse/api.php，位于行 207
异常发生！错误属于：2,Undefined array key 1，所在文件 /Users/nohacks/Documents/web/parse/video/class.init.php，位于行 19
异常发生！错误属于：2,Undefined array key "url"，所在文件 /Users/nohacks/Documents/web/parse/api.php，位于行 207
异常发生！错误属于：2,Undefined array key 1，所在文件 /Users/nohacks/Documents/web/parse/video/class.init.php，位于行 19
异常发生！错误属于：2,Undefined array key "url"，所在文件 /Users/nohacks/Documents/web/parse/api.php，位于行 207
异常发生！错误属于：2,Undefined array key 1，所在文件 /Users/nohacks/Documents/web/parse/video/class.init.php，位于行 19
异常发生！错误属于：2,Undefined array key "url"，所在文件 /Users/nohacks/Documents/web/parse/api.php，位于行 207
异常发生！错误属于：2,Undefined array key 1，所在文件 /Users/nohacks/Documents/web/parse/video/class.init.php，位于行 19
异常发生！错误属于：2,Undefined array key "url"，所在文件 /Users/nohacks/Documents/web/parse/api.php，位于行 207
异常发生！错误属于：2,Undefined array key 1，所在文件 /Users/nohacks/Documents/web/parse/video/class.init.php，位于行 19
异常发生！错误属于：2,Undefined array key "url"，所在文件 /Users/nohacks/Documents/web/parse/api.php，位于行 207
异常发生！错误属于：2,Undefined array key 1，所在文件 /Users/nohacks/Documents/web/parse/video/class.init.php，位于行 19
异常发生！错误属于：2,Undefined array key "url"，所在文件 /Users/nohacks/Documents/web/parse/api.php，位于行 207
异常发生！错误属于：2,Undefined array key 1，所在文件 /Users/nohacks/Documents/web/parse/video/class.init.php，位于行 19
异常发生！错误属于：2,Undefined array key "url"，所在文件 /Users/nohacks/Documents/web/parse/api.php，位于行 207
异常发生！错误属于：2,Undefined array key 1，所在文件 /Users/nohacks/Documents/web/parse/video/class.init.php，位于行 19
异常发生！错误属于：2,Undefined array key "url"，所在文件 /Users/nohacks/Documents/web/parse/api.php，位于行 207
异常发生！错误属于：2,Undefined array key 1，所在文件 /Users/nohacks/Documents/web/parse/video/class.init.php，位于行 19
异常发生！错误属于：2,Undefined array key "url"，所在文件 /Users/nohacks/Documents/web/parse/api.php，位于行 207
异常发生！错误属于：2,Undefined array key 1，所在文件 /Users/nohacks/Documents/web/parse/video/class.init.php，位于行 19
异常发生！错误属于：2,Undefined array key "url"，所在文件 /Users/nohacks/Documents/web/parse/api.php，位于行 207
异常发生！错误属于：2,Undefined array key 1，所在文件 /Users/nohacks/Documents/web/parse/video/class.init.php，位于行 19
异常发生！错误属于：2,Undefined array key "url"，所在文件 /Users/nohacks/Documents/web/parse/api.php，位于行 207
异常发生！错误属于：2,Undefined array key 1，所在文件 /Users/nohacks/Documents/web/parse/video/class.init.php，位于行 19
异常发生！错误属于：2,Undefined array key "url"，所在文件 /Users/nohacks/Documents/web/parse/api.php，位于行 207
异常发生！错误属于：2,Undefined array key 1，所在文件 /Users/nohacks/Documents/web/parse/video/class.init.php，位于行 19
异常发生！错误属于：2,Undefined array key "url"，所在文件 /Users/nohacks/Documents/web/parse/api.php，位于行 207
异常发生！错误属于：2,Undefined array key 1，所在文件 /Users/nohacks/Documents/web/parse/video/class.init.php，位于行 19
异常发生！错误属于：2,Undefined array key "url"，所在文件 /Users/nohacks/Documents/web/parse/api.php，位于行 207
异常发生！错误属于：2,Undefined array key 1，所在文件 /Users/nohacks/Documents/web/parse/video/class.init.php，位于行 19
异常发生！错误属于：2,Undefined array key "url"，所在文件 /Users/nohacks/Documents/web/parse/api.php，位于行 207
异常发生！错误属于：2,Undefined array key 1，所在文件 /Users/nohacks/Documents/web/parse/video/class.init.php，位于行 19
异常发生！错误属于：2,Undefined array key "url"，所在文件 /Users/nohacks/Documents/web/parse/api.php，位于行 207
异常发生！错误属于：2,Undefined array key 1，所在文件 /Users/nohacks/Documents/web/parse/video/class.init.php，位于行 19
异常发生！错误属于：2,Undefined array key "url"，所在文件 /Users/nohacks/Documents/web/parse/api.php，位于行 207
异常发生！错误属于：2,Undefined array key 1，所在文件 /Users/nohacks/Documents/web/parse/video/class.init.php，位于行 19
异常发生！错误属于：2,Undefined array key "url"，所在文件 /Users/nohacks/Documents/web/parse/api.php，位于行 207
异常发生！错误属于：2,Undefined array key 1，所在文件 /Users/nohacks/Documents/web/parse/video/class.init.php，位于行 19
异常发生！错误属于：2,Undefined array key "url"，所在文件 /Users/nohacks/Documents/web/parse/api.php，位于行 207
异常发生！错误属于：2,Undefined array key 1，所在文件 /Users/nohacks/Documents/web/parse/video/class.init.php，位于行 19
异常发生！错误属于：2,Undefined array key "url"，所在文件 /Users/nohacks/Documents/web/parse/api.php，位于行 207
异常发生！错误属于：2,Undefined array key 1，所在文件 /Users/nohacks/Documents/web/parse/video/class.init.php，位于行 19
异常发生！错误属于：2,Undefined array key "url"，所在文件 /Users/nohacks/Documents/web/parse/api.php，位于行 207
异常发生！错误属于：2,Undefined array key 1，所在文件 /Users/nohacks/Documents/web/parse/video/class.init.php，位于行 19
异常发生！错误属于：2,Undefined array key "url"，所在文件 /Users/nohacks/Documents/web/parse/api.php，位于行 207
异常发生！错误属于：2,Undefined array key 1，所在文件 /Users/nohacks/Documents/web/parse/video/class.init.php，位于行 19
异常发生！错误属于：2,Undefined array key "url"，所在文件 /Users/nohacks/Documents/web/parse/api.php，位于行 207
异常发生！错误属于：2,Undefined array key 1，所在文件 /Users/nohacks/Documents/web/parse/video/class.init.php，位于行 19
异常发生！错误属于：2,Undefined array key "url"，所在文件 /Users/nohacks/Documents/web/parse/api.php，位于行 207
异常发生！错误属于：2,Undefined array key 1，所在文件 /Users/nohacks/Documents/web/parse/video/class.init.php，位于行 19
异常发生！错误属于：2,Undefined array key "url"，所在文件 /Users/nohacks/Documents/web/parse/api.php，位于行 207
异常发生！错误属于：2,Undefined array key 1，所在文件 /Users/nohacks/Documents/web/parse/video/class.init.php，位于行 19
异常发生！错误属于：2,Undefined array key "url"，所在文件 /Users/nohacks/Documents/web/parse/api.php，位于行 207
异常发生！错误属于：2,Undefined array key 1，所在文件 /Users/nohacks/Documents/web/parse/video/class.init.php，位于行 19
异常发生！错误属于：2,Undefined array key "url"，所在文件 /Users/nohacks/Documents/web/parse/api.php，位于行 207
异常发生！错误属于：2,Undefined array key 1，所在文件 /Users/nohacks/Documents/web/parse/video/class.init.php，位于行 19
异常发生！错误属于：2,Undefined array key "url"，所在文件 /Users/nohacks/Documents/web/parse/api.php，位于行 207
异常发生！错误属于：2,Undefined array key 1，所在文件 /Users/nohacks/Documents/web/parse/video/class.init.php，位于行 19
异常发生！错误属于：2,Undefined array key "url"，所在文件 /Users/nohacks/Documents/web/parse/api.php，位于行 207
异常发生！错误属于：2,Undefined array key 1，所在文件 /Users/nohacks/Documents/web/parse/video/class.init.php，位于行 19
异常发生！错误属于：2,Undefined array key "url"，所在文件 /Users/nohacks/Documents/web/parse/api.php，位于行 207
异常发生！错误属于：2,Undefined array key 1，所在文件 /Users/nohacks/Documents/web/parse/video/class.init.php，位于行 19
异常发生！错误属于：2,Undefined array key "url"，所在文件 /Users/nohacks/Documents/web/parse/api.php，位于行 207
异常发生！错误属于：2,Undefined array key 1，所在文件 /Users/nohacks/Documents/web/parse/video/class.init.php，位于行 19
异常发生！错误属于：2,Undefined array key "url"，所在文件 /Users/nohacks/Documents/web/parse/api.php，位于行 207
异常发生！错误属于：2,Undefined array key 1，所在文件 /Users/nohacks/Documents/web/parse/video/class.init.php，位于行 19
异常发生！错误属于：2,Undefined array key "url"，所在文件 /Users/nohacks/Documents/web/parse/api.php，位于行 207
异常发生！错误属于：2,Undefined array key 1，所在文件 /Users/nohacks/Documents/web/parse/video/class.init.php，位于行 19
异常发生！错误属于：2,Undefined array key "url"，所在文件 /Users/nohacks/Documents/web/parse/api.php，位于行 207
异常发生！错误属于：2,Undefined array key 1，所在文件 /Users/nohacks/Documents/web/parse/video/class.init.php，位于行 19
异常发生！错误属于：2,Undefined array key "banner"，所在文件 /Users/nohacks/Documents/web/parse/admin/html/admin_mov.htm，位于行 183
异常发生！错误属于：2,Undefined array key "banner"，所在文件 /Users/nohacks/Documents/web/parse/admin/html/admin_mov.htm，位于行 183
异常发生！错误属于：2,Undefined array key "state"，所在文件 /Users/nohacks/Documents/web/parse/admin/html/admin_dmku.htm，位于行 289
异常发生！错误属于：2,Undefined array key "state"，所在文件 /Users/nohacks/Documents/web/parse/admin/html/admin_dmku.htm，位于行 337
异常发生！错误属于：2,Undefined variable $lsimit，所在文件 /Users/nohacks/Documents/web/parse/dmku/class/pdo.class.php，位于行 166
异常发生！错误属于：2,Undefined array key "state"，所在文件 /Users/nohacks/Documents/web/parse/admin/html/admin_dmku.htm，位于行 289
异常发生！错误属于：2,Undefined array key "state"，所在文件 /Users/nohacks/Documents/web/parse/admin/html/admin_dmku.htm，位于行 337
异常发生！错误属于：2,Undefined variable $lsimit，所在文件 /Users/nohacks/Documents/web/parse/dmku/class/pdo.class.php，位于行 166
异常发生！错误属于：2,Undefined array key "banner"，所在文件 /Users/nohacks/Documents/web/parse/admin/html/admin_mov.htm，位于行 182
异常发生！错误属于：2,Trying to access array offset on null，所在文件 /Users/nohacks/Documents/web/parse/admin/html/admin_mov.htm，位于行 182
异常发生！错误属于：2,Undefined array key "banner"，所在文件 /Users/nohacks/Documents/web/parse/admin/html/admin_mov.htm，位于行 193
异常发生！错误属于：2,Trying to access array offset on null，所在文件 /Users/nohacks/Documents/web/parse/admin/html/admin_mov.htm，位于行 193
异常发生！错误属于：0,json_decode(): Argument #1 ($json) must be of type string, array given，所在文件 /Users/nohacks/Documents/web/parse/admin/admin_mov_save.php，位于行 9
异常发生！错误属于：2,Undefined array key "banner"，所在文件 /Users/nohacks/Documents/web/parse/admin/html/admin_mov.htm，位于行 182
异常发生！错误属于：2,Trying to access array offset on null，所在文件 /Users/nohacks/Documents/web/parse/admin/html/admin_mov.htm，位于行 182
异常发生！错误属于：2,Undefined array key "banner"，所在文件 /Users/nohacks/Documents/web/parse/admin/html/admin_mov.htm，位于行 193
异常发生！错误属于：2,Trying to access array offset on null，所在文件 /Users/nohacks/Documents/web/parse/admin/html/admin_mov.htm，位于行 193
异常发生！错误属于：0,json_decode(): Argument #1 ($json) must be of type string, array given，所在文件 /Users/nohacks/Documents/web/parse/admin/admin_mov_save.php，位于行 9
异常发生！错误属于：0,Undefined constant "API_PATH"，所在文件 /Users/nohacks/Documents/web/parse/admin/html/admin_app.htm，位于行 224
异常发生！错误属于：2,Undefined array key "state"，所在文件 /Users/nohacks/Documents/web/parse/admin/html/admin_dmku.htm，位于行 289
异常发生！错误属于：2,Undefined array key "state"，所在文件 /Users/nohacks/Documents/web/parse/admin/html/admin_dmku.htm，位于行 337
异常发生！错误属于：2,Undefined variable $lsimit，所在文件 /Users/nohacks/Documents/web/parse/dmku/class/pdo.class.php，位于行 166
异常发生！错误属于：2,Undefined array key "banner"，所在文件 /Users/nohacks/Documents/web/parse/admin/html/admin_mov.htm，位于行 182
异常发生！错误属于：2,Trying to access array offset on null，所在文件 /Users/nohacks/Documents/web/parse/admin/html/admin_mov.htm，位于行 182
异常发生！错误属于：2,Undefined array key "banner"，所在文件 /Users/nohacks/Documents/web/parse/admin/html/admin_mov.htm，位于行 193
异常发生！错误属于：2,Trying to access array offset on null，所在文件 /Users/nohacks/Documents/web/parse/admin/html/admin_mov.htm，位于行 193
异常发生！错误属于：0,json_decode(): Argument #1 ($json) must be of type string, array given，所在文件 /Users/nohacks/Documents/web/parse/admin/admin_mov_save.php，位于行 9
异常发生！错误属于：2,Undefined array key "banner"，所在文件 /Users/nohacks/Documents/web/parse/admin/html/admin_mov.htm，位于行 182
异常发生！错误属于：2,Trying to access array offset on null，所在文件 /Users/nohacks/Documents/web/parse/admin/html/admin_mov.htm，位于行 182
异常发生！错误属于：2,Undefined array key "banner"，所在文件 /Users/nohacks/Documents/web/parse/admin/html/admin_mov.htm，位于行 193
异常发生！错误属于：2,Trying to access array offset on null，所在文件 /Users/nohacks/Documents/web/parse/admin/html/admin_mov.htm，位于行 193
异常发生！错误属于：0,json_decode(): Argument #1 ($json) must be of type string, array given，所在文件 /Users/nohacks/Documents/web/parse/admin/admin_mov_save.php，位于行 9
异常发生！错误属于：2,Undefined array key "banner"，所在文件 /Users/nohacks/Documents/web/parse/admin/html/admin_mov.htm，位于行 182
异常发生！错误属于：2,Undefined array key "banner"，所在文件 /Users/nohacks/Documents/web/parse/admin/html/admin_mov.htm，位于行 182
异常发生！错误属于：0,Undefined constant "API_PATH"，所在文件 /Users/nohacks/Documents/web/parse/admin/html/admin_app.htm，位于行 224
异常发生！错误属于：2,Undefined array key "banner"，所在文件 /Users/nohacks/Documents/web/parse/admin/html/admin_mov.htm，位于行 182
异常发生！错误属于：2,Undefined array key "banner"，所在文件 /Users/nohacks/Documents/web/parse/admin/html/admin_mov.htm，位于行 182
异常发生！错误属于：2,Undefined array key "banner"，所在文件 /Users/nohacks/Documents/web/parse/admin/html/admin_mov.htm，位于行 193
异常发生！错误属于：2,Undefined array key "url"，所在文件 /Users/nohacks/Documents/web/parse/api.php，位于行 207
异常发生！错误属于：2,Undefined array key 1，所在文件 /Users/nohacks/Documents/web/parse/video/class.init.php，位于行 19
异常发生！错误属于：2,Undefined array key "url"，所在文件 /Users/nohacks/Documents/web/parse/api.php，位于行 207
异常发生！错误属于：2,Undefined array key 1，所在文件 /Users/nohacks/Documents/web/parse/video/class.init.php，位于行 19
异常发生！错误属于：2,Undefined array key "type"，所在文件 /Users/nohacks/Documents/web/parse/admin/html/admin_mov.htm，位于行 73
异常发生！错误属于：2,Undefined array key "url"，所在文件 /Users/nohacks/Documents/web/parse/api.php，位于行 207
异常发生！错误属于：2,Undefined array key 1，所在文件 /Users/nohacks/Documents/web/parse/video/class.init.php，位于行 19
异常发生！错误属于：2,Undefined array key "url"，所在文件 /Users/nohacks/Documents/web/parse/api.php，位于行 207
异常发生！错误属于：2,Undefined array key 1，所在文件 /Users/nohacks/Documents/web/parse/video/class.init.php，位于行 19
异常发生！错误属于：2,Undefined array key "url"，所在文件 /Users/nohacks/Documents/web/parse/api.php，位于行 207
异常发生！错误属于：2,Undefined array key 1，所在文件 /Users/nohacks/Documents/web/parse/video/class.init.php，位于行 19
异常发生！错误属于：2,Undefined array key "url"，所在文件 /Users/nohacks/Documents/web/parse/api.php，位于行 207
异常发生！错误属于：2,Undefined array key 1，所在文件 /Users/nohacks/Documents/web/parse/video/class.init.php，位于行 19
异常发生！错误属于：2,Undefined array key "url"，所在文件 /Users/nohacks/Documents/web/parse/api.php，位于行 207
异常发生！错误属于：2,Undefined array key 1，所在文件 /Users/nohacks/Documents/web/parse/video/class.init.php，位于行 19
异常发生！错误属于：2,Undefined array key "url"，所在文件 /Users/nohacks/Documents/web/parse/api.php，位于行 207
异常发生！错误属于：2,Undefined array key 1，所在文件 /Users/nohacks/Documents/web/parse/video/class.init.php，位于行 19
异常发生！错误属于：2,Undefined array key "url"，所在文件 /Users/nohacks/Documents/web/parse/api.php，位于行 207
异常发生！错误属于：2,Undefined array key 1，所在文件 /Users/nohacks/Documents/web/parse/video/class.init.php，位于行 19
异常发生！错误属于：2,Undefined array key "state"，所在文件 /Users/nohacks/Documents/web/parse/admin/html/admin_dmku.htm，位于行 289
异常发生！错误属于：2,Undefined array key "state"，所在文件 /Users/nohacks/Documents/web/parse/admin/html/admin_dmku.htm，位于行 337
异常发生！错误属于：2,Undefined array key "state"，所在文件 /Users/nohacks/Documents/web/parse/admin/html/admin_dmku.htm，位于行 337
异常发生！错误属于：2,Undefined variable $lsimit，所在文件 /Users/nohacks/Documents/web/parse/dmku/class/pdo.class.php，位于行 166
异常发生！错误属于：2,Undefined variable $lsimit，所在文件 /Users/nohacks/Documents/web/parse/dmku/class/pdo.class.php，位于行 166
异常发生！错误属于：2,Undefined variable $lsimit，所在文件 /Users/nohacks/Documents/web/parse/dmku/class/pdo.class.php，位于行 166
异常发生！错误属于：2,Undefined variable $lsimit，所在文件 /Users/nohacks/Documents/web/parse/dmku/class/pdo.class.php，位于行 166
异常发生！错误属于：2,Undefined variable $lsimit，所在文件 /Users/nohacks/Documents/web/parse/dmku/class/pdo.class.php，位于行 166
异常发生！错误属于：2,Undefined variable $lsimit，所在文件 /Users/nohacks/Documents/web/parse/dmku/class/pdo.class.php，位于行 166
异常发生！错误属于：2,Undefined variable $lsimit，所在文件 /Users/nohacks/Documents/web/parse/dmku/class/pdo.class.php，位于行 166
异常发生！错误属于：2,Undefined variable $lsimit，所在文件 /Users/nohacks/Documents/web/parse/dmku/class/pdo.class.php，位于行 166
异常发生！错误属于：2,Undefined variable $lsimit，所在文件 /Users/nohacks/Documents/web/parse/dmku/class/pdo.class.php，位于行 166
异常发生！错误属于：2,Undefined variable $lsimit，所在文件 /Users/nohacks/Documents/web/parse/dmku/class/pdo.class.php，位于行 166
异常发生！错误属于：2,Undefined variable $YUN_MACTH，所在文件 /Users/nohacks/Documents/web/parse/admin/html/admin_yun.htm，位于行 105
异常发生！错误属于：2,Attempt to read property "pagecount" on null，所在文件 /Users/nohacks/Documents/web/parse/video/class.yun.php，位于行 525
异常发生！错误属于：2,Attempt to read property "pagecount" on null，所在文件 /Users/nohacks/Documents/web/parse/video/class.yun.php，位于行 525
异常发生！错误属于：2,Attempt to read property "pagecount" on null，所在文件 /Users/nohacks/Documents/web/parse/video/class.yun.php，位于行 525
异常发生！错误属于：2,Attempt to read property "pagecount" on null，所在文件 /Users/nohacks/Documents/web/parse/video/class.yun.php，位于行 525
异常发生！错误属于：2,Attempt to read property "pagecount" on null，所在文件 /Users/nohacks/Documents/web/parse/video/class.yun.php，位于行 525
异常发生！错误属于：2,Attempt to read property "pagecount" on null，所在文件 /Users/nohacks/Documents/web/parse/video/class.yun.php，位于行 525
异常发生！错误属于：2,Attempt to read property "pagecount" on null，所在文件 /Users/nohacks/Documents/web/parse/video/class.yun.php，位于行 525
异常发生！错误属于：2,Attempt to read property "pagecount" on null，所在文件 /Users/nohacks/Documents/web/parse/video/class.yun.php，位于行 525
异常发生！错误属于：2,Attempt to read property "pagecount" on null，所在文件 /Users/nohacks/Documents/web/parse/video/class.yun.php，位于行 525
异常发生！错误属于：2,Attempt to read property "pagecount" on null，所在文件 /Users/nohacks/Documents/web/parse/video/class.yun.php，位于行 525
异常发生！错误属于：2,Attempt to read property "pagecount" on null，所在文件 /Users/nohacks/Documents/web/parse/video/class.yun.php，位于行 525
异常发生！错误属于：2,Attempt to read property "pagecount" on null，所在文件 /Users/nohacks/Documents/web/parse/video/class.yun.php，位于行 525
异常发生！错误属于：2,Attempt to read property "pagecount" on null，所在文件 /Users/nohacks/Documents/web/parse/video/class.yun.php，位于行 525
异常发生！错误属于：2,Attempt to read property "pagecount" on null，所在文件 /Users/nohacks/Documents/web/parse/video/class.yun.php，位于行 525
异常发生！错误属于：2,Attempt to read property "pagecount" on null，所在文件 /Users/nohacks/Documents/web/parse/video/class.yun.php，位于行 525
异常发生！错误属于：2,Attempt to read property "pagecount" on null，所在文件 /Users/nohacks/Documents/web/parse/video/class.yun.php，位于行 525
异常发生！错误属于：2,Attempt to read property "pagecount" on null，所在文件 /Users/nohacks/Documents/web/parse/video/class.yun.php，位于行 525
异常发生！错误属于：2,Attempt to read property "pagecount" on null，所在文件 /Users/nohacks/Documents/web/parse/video/class.yun.php，位于行 525
异常发生！错误属于：2,Attempt to read property "pagecount" on null，所在文件 /Users/nohacks/Documents/web/parse/video/class.yun.php，位于行 525
异常发生！错误属于：2,Attempt to read property "pagecount" on null，所在文件 /Users/nohacks/Documents/web/parse/video/class.yun.php，位于行 525
异常发生！错误属于：2,Attempt to read property "pagecount" on null，所在文件 /Users/nohacks/Documents/web/parse/video/class.yun.php，位于行 525
异常发生！错误属于：2,Attempt to read property "pagecount" on null，所在文件 /Users/nohacks/Documents/web/parse/video/class.yun.php，位于行 525
异常发生！错误属于：2,Attempt to read property "pagecount" on null，所在文件 /Users/nohacks/Documents/web/parse/video/class.yun.php，位于行 525
异常发生！错误属于：2,Attempt to read property "pagecount" on null，所在文件 /Users/nohacks/Documents/web/parse/video/class.yun.php，位于行 525
异常发生！错误属于：2,Attempt to read property "pagecount" on null，所在文件 /Users/nohacks/Documents/web/parse/video/class.yun.php，位于行 525
异常发生！错误属于：2,Attempt to read property "pagecount" on null，所在文件 /Users/nohacks/Documents/web/parse/video/class.yun.php，位于行 525
异常发生！错误属于：2,Attempt to read property "pagecount" on null，所在文件 /Users/nohacks/Documents/web/parse/video/class.yun.php，位于行 525
