异常发生！错误属于：2,Undefined array key "url"，所在文件 /Users/nohacks/Documents/web/parse/api.php，位于行 207
异常发生！错误属于：2,Undefined array key 1，所在文件 /Users/nohacks/Documents/web/parse/video/class.init.php，位于行 19
异常发生！错误属于：2,Undefined array key "url"，所在文件 /Users/nohacks/Documents/web/parse/api.php，位于行 207
异常发生！错误属于：2,Undefined array key 1，所在文件 /Users/nohacks/Documents/web/parse/video/class.init.php，位于行 19
异常发生！错误属于：2,Undefined array key "url"，所在文件 /Users/nohacks/Documents/web/parse/api.php，位于行 207
异常发生！错误属于：2,Undefined array key 1，所在文件 /Users/nohacks/Documents/web/parse/video/class.init.php，位于行 19
异常发生！错误属于：2,Undefined array key "url"，所在文件 /Users/nohacks/Documents/web/parse/api.php，位于行 207
异常发生！错误属于：2,Undefined array key 1，所在文件 /Users/nohacks/Documents/web/parse/video/class.init.php，位于行 19
异常发生！错误属于：2,Undefined array key "url"，所在文件 /Users/nohacks/Documents/web/parse/api.php，位于行 207
异常发生！错误属于：2,Undefined array key 1，所在文件 /Users/nohacks/Documents/web/parse/video/class.init.php，位于行 19
异常发生！错误属于：2,Undefined array key "url"，所在文件 /Users/nohacks/Documents/web/parse/api.php，位于行 207
异常发生！错误属于：2,Undefined array key 1，所在文件 /Users/nohacks/Documents/web/parse/video/class.init.php，位于行 19
异常发生！错误属于：2,Undefined array key "url"，所在文件 /Users/nohacks/Documents/web/parse/api.php，位于行 207
异常发生！错误属于：2,Undefined array key 1，所在文件 /Users/nohacks/Documents/web/parse/video/class.init.php，位于行 19
异常发生！错误属于：2,Undefined array key "url"，所在文件 /Users/nohacks/Documents/web/parse/api.php，位于行 207
异常发生！错误属于：2,Undefined array key 1，所在文件 /Users/nohacks/Documents/web/parse/video/class.init.php，位于行 19
异常发生！错误属于：2,Undefined array key "url"，所在文件 /Users/nohacks/Documents/web/parse/api.php，位于行 207
异常发生！错误属于：2,Undefined array key 1，所在文件 /Users/nohacks/Documents/web/parse/video/class.init.php，位于行 19
异常发生！错误属于：2,Undefined array key "url"，所在文件 /Users/nohacks/Documents/web/parse/api.php，位于行 207
异常发生！错误属于：2,Undefined array key 1，所在文件 /Users/nohacks/Documents/web/parse/video/class.init.php，位于行 19
异常发生！错误属于：2,Undefined array key "url"，所在文件 /Users/nohacks/Documents/web/parse/api.php，位于行 207
异常发生！错误属于：2,require_once(../.config.php): Failed to open stream: No such file or directory，所在文件 /Users/nohacks/Documents/web/parse/mov/data/index.php，位于行 20
异常发生！错误属于：0,Failed opening required '../.config.php' (include_path='.:/usr/local/Cellar/php/8.3.4/share/php/pear')，所在文件 /Users/nohacks/Documents/web/parse/mov/data/index.php，位于行 20
异常发生！错误属于：2,Undefined array key "url"，所在文件 /Users/nohacks/Documents/web/parse/api.php，位于行 207
异常发生！错误属于：2,require_once(../.config.php): Failed to open stream: No such file or directory，所在文件 /Users/nohacks/Documents/web/parse/mov/data/index.php，位于行 20
异常发生！错误属于：0,Failed opening required '../.config.php' (include_path='.:/usr/local/Cellar/php/8.3.4/share/php/pear')，所在文件 /Users/nohacks/Documents/web/parse/mov/data/index.php，位于行 20
异常发生！错误属于：2,Undefined array key "url"，所在文件 /Users/nohacks/Documents/web/parse/api.php，位于行 207
异常发生！错误属于：2,require_once(../config.php): Failed to open stream: No such file or directory，所在文件 /Users/nohacks/Documents/web/parse/mov/data/index.php，位于行 20
异常发生！错误属于：0,Failed opening required '../config.php' (include_path='.:/usr/local/Cellar/php/8.3.4/share/php/pear')，所在文件 /Users/nohacks/Documents/web/parse/mov/data/index.php，位于行 20
异常发生！错误属于：2,Undefined array key "url"，所在文件 /Users/nohacks/Documents/web/parse/api.php，位于行 207
异常发生！错误属于：2,Undefined array key "url"，所在文件 /Users/nohacks/Documents/web/parse/api.php，位于行 207
异常发生！错误属于：2,require_once(../config.php): Failed to open stream: No such file or directory，所在文件 /Users/nohacks/Documents/web/parse/mov/data/index.php，位于行 20
异常发生！错误属于：0,Failed opening required '../config.php' (include_path='.:/usr/local/Cellar/php/8.3.4/share/php/pear')，所在文件 /Users/nohacks/Documents/web/parse/mov/data/index.php，位于行 20
异常发生！错误属于：2,Undefined array key "url"，所在文件 /Users/nohacks/Documents/web/parse/api.php，位于行 207
异常发生！错误属于：2,require_once(/Users/nohacks/Documents/web/parse/include/../config.php): Failed to open stream: No such file or directory，所在文件 /Users/nohacks/Documents/web/parse/mov/data/index.php，位于行 20
异常发生！错误属于：0,Failed opening required '/Users/nohacks/Documents/web/parse/include/../config.php' (include_path='.:/usr/local/Cellar/php/8.3.4/share/php/pear')，所在文件 /Users/nohacks/Documents/web/parse/mov/data/index.php，位于行 20
异常发生！错误属于：2,require_once(/Users/nohacks/Documents/web/parse/include/../config.php): Failed to open stream: No such file or directory，所在文件 /Users/nohacks/Documents/web/parse/mov/data/index.php，位于行 20
异常发生！错误属于：0,Failed opening required '/Users/nohacks/Documents/web/parse/include/../config.php' (include_path='.:/usr/local/Cellar/php/8.3.4/share/php/pear')，所在文件 /Users/nohacks/Documents/web/parse/mov/data/index.php，位于行 20
异常发生！错误属于：2,Undefined array key "url"，所在文件 /Users/nohacks/Documents/web/parse/api.php，位于行 207
异常发生！错误属于：2,Undefined array key 1，所在文件 /Users/nohacks/Documents/web/parse/video/class.init.php，位于行 19
异常发生！错误属于：2,Undefined array key "url"，所在文件 /Users/nohacks/Documents/web/parse/api.php，位于行 207
异常发生！错误属于：2,Undefined array key 1，所在文件 /Users/nohacks/Documents/web/parse/video/class.init.php，位于行 19
异常发生！错误属于：2,Undefined array key "url"，所在文件 /Users/nohacks/Documents/web/parse/api.php，位于行 207
异常发生！错误属于：2,Undefined array key 1，所在文件 /Users/nohacks/Documents/web/parse/video/class.init.php，位于行 19
异常发生！错误属于：2,Undefined array key "url"，所在文件 /Users/nohacks/Documents/web/parse/api.php，位于行 207
异常发生！错误属于：2,Undefined array key 1，所在文件 /Users/nohacks/Documents/web/parse/video/class.init.php，位于行 19
异常发生！错误属于：2,Undefined array key "url"，所在文件 /Users/nohacks/Documents/web/parse/api.php，位于行 207
异常发生！错误属于：2,Undefined array key 1，所在文件 /Users/nohacks/Documents/web/parse/video/class.init.php，位于行 19
异常发生！错误属于：2,Attempt to read property "pagecount" on null，所在文件 /Users/nohacks/Documents/web/parse/video/class.yun.php，位于行 525
异常发生！错误属于：2,Undefined array key "url"，所在文件 /Users/nohacks/Documents/web/parse/api.php，位于行 207
异常发生！错误属于：2,Undefined array key 1，所在文件 /Users/nohacks/Documents/web/parse/video/class.init.php，位于行 19
异常发生！错误属于：2,Undefined array key "url"，所在文件 /Users/nohacks/Documents/web/parse/api.php，位于行 207
异常发生！错误属于：2,Undefined array key 1，所在文件 /Users/nohacks/Documents/web/parse/video/class.init.php，位于行 19
异常发生！错误属于：2,Undefined array key "url"，所在文件 /Users/nohacks/Documents/web/parse/api.php，位于行 207
异常发生！错误属于：2,Undefined array key 1，所在文件 /Users/nohacks/Documents/web/parse/video/class.init.php，位于行 19
异常发生！错误属于：2,Undefined array key "url"，所在文件 /Users/nohacks/Documents/web/parse/api.php，位于行 207
异常发生！错误属于：2,Undefined array key 1，所在文件 /Users/nohacks/Documents/web/parse/video/class.init.php，位于行 19
异常发生！错误属于：2,Undefined array key "url"，所在文件 /Users/nohacks/Documents/web/parse/api.php，位于行 207
异常发生！错误属于：2,Attempt to read property "pagecount" on null，所在文件 /Users/nohacks/Documents/web/parse/video/class.yun.php，位于行 525
异常发生！错误属于：2,Undefined array key "url"，所在文件 /Users/nohacks/Documents/web/parse/api.php，位于行 207
异常发生！错误属于：2,Undefined array key 1，所在文件 /Users/nohacks/Documents/web/parse/video/class.init.php，位于行 19
异常发生！错误属于：2,Undefined array key "url"，所在文件 /Users/nohacks/Documents/web/parse/api.php，位于行 207
异常发生！错误属于：2,Undefined array key 1，所在文件 /Users/nohacks/Documents/web/parse/video/class.init.php，位于行 19
异常发生！错误属于：2,require_once(/Users/nohacks/Documents/web/parse/include/../config.php): Failed to open stream: No such file or directory，所在文件 /Users/nohacks/Documents/web/parse/mov/data/index.php，位于行 20
异常发生！错误属于：0,Failed opening required '/Users/nohacks/Documents/web/parse/include/../config.php' (include_path='.:/usr/local/Cellar/php/8.3.4/share/php/pear')，所在文件 /Users/nohacks/Documents/web/parse/mov/data/index.php，位于行 20
异常发生！错误属于：2,Undefined array key "url"，所在文件 /Users/nohacks/Documents/web/parse/api.php，位于行 207
异常发生！错误属于：2,Undefined array key 1，所在文件 /Users/nohacks/Documents/web/parse/video/class.init.php，位于行 19
异常发生！错误属于：2,require_once(/Users/nohacks/Documents/web/parse/include/../config.php): Failed to open stream: No such file or directory，所在文件 /Users/nohacks/Documents/web/parse/mov/data/index.php，位于行 20
异常发生！错误属于：0,Failed opening required '/Users/nohacks/Documents/web/parse/include/../config.php' (include_path='.:/usr/local/Cellar/php/8.3.4/share/php/pear')，所在文件 /Users/nohacks/Documents/web/parse/mov/data/index.php，位于行 20
异常发生！错误属于：2,Undefined array key "url"，所在文件 /Users/nohacks/Documents/web/parse/api.php，位于行 207
异常发生！错误属于：2,Undefined array key 1，所在文件 /Users/nohacks/Documents/web/parse/video/class.init.php，位于行 19
异常发生！错误属于：2,require_once(/Users/nohacks/Documents/web/parse/include/../config.php): Failed to open stream: No such file or directory，所在文件 /Users/nohacks/Documents/web/parse/mov/data/index.php，位于行 20
异常发生！错误属于：0,Failed opening required '/Users/nohacks/Documents/web/parse/include/../config.php' (include_path='.:/usr/local/Cellar/php/8.3.4/share/php/pear')，所在文件 /Users/nohacks/Documents/web/parse/mov/data/index.php，位于行 20
异常发生！错误属于：2,Undefined array key "url"，所在文件 /Users/nohacks/Documents/web/parse/api.php，位于行 207
异常发生！错误属于：2,Undefined array key 1，所在文件 /Users/nohacks/Documents/web/parse/video/class.init.php，位于行 19
异常发生！错误属于：2,Undefined array key "url"，所在文件 /Users/nohacks/Documents/web/parse/api.php，位于行 207
异常发生！错误属于：2,Undefined array key "url"，所在文件 /Users/nohacks/Documents/web/parse/api.php，位于行 207
异常发生！错误属于：2,Undefined array key 1，所在文件 /Users/nohacks/Documents/web/parse/video/class.init.php，位于行 19
异常发生！错误属于：2,require_once(/Users/nohacks/Documents/web/parse/include/../config.php): Failed to open stream: No such file or directory，所在文件 /Users/nohacks/Documents/web/parse/mov/data/index.php，位于行 20
异常发生！错误属于：0,Failed opening required '/Users/nohacks/Documents/web/parse/include/../config.php' (include_path='.:/usr/local/Cellar/php/8.3.4/share/php/pear')，所在文件 /Users/nohacks/Documents/web/parse/mov/data/index.php，位于行 20
异常发生！错误属于：2,Undefined array key "url"，所在文件 /Users/nohacks/Documents/web/parse/api.php，位于行 207
异常发生！错误属于：2,Undefined array key 1，所在文件 /Users/nohacks/Documents/web/parse/video/class.init.php，位于行 19
异常发生！错误属于：2,require_once(/Users/nohacks/Documents/web/parse/include/../config.php): Failed to open stream: No such file or directory，所在文件 /Users/nohacks/Documents/web/parse/mov/data/index.php，位于行 20
异常发生！错误属于：0,Failed opening required '/Users/nohacks/Documents/web/parse/include/../config.php' (include_path='.:/usr/local/Cellar/php/8.3.4/share/php/pear')，所在文件 /Users/nohacks/Documents/web/parse/mov/data/index.php，位于行 20
异常发生！错误属于：2,Undefined array key "url"，所在文件 /Users/nohacks/Documents/web/parse/api.php，位于行 207
异常发生！错误属于：2,Undefined array key 1，所在文件 /Users/nohacks/Documents/web/parse/video/class.init.php，位于行 19
异常发生！错误属于：2,require_once(/Users/nohacks/Documents/web/parse/include/../config.php): Failed to open stream: No such file or directory，所在文件 /Users/nohacks/Documents/web/parse/mov/data/index.php，位于行 20
异常发生！错误属于：0,Failed opening required '/Users/nohacks/Documents/web/parse/include/../config.php' (include_path='.:/usr/local/Cellar/php/8.3.4/share/php/pear')，所在文件 /Users/nohacks/Documents/web/parse/mov/data/index.php，位于行 20
异常发生！错误属于：2,Undefined array key "url"，所在文件 /Users/nohacks/Documents/web/parse/api.php，位于行 207
异常发生！错误属于：2,Undefined array key 1，所在文件 /Users/nohacks/Documents/web/parse/video/class.init.php，位于行 19
异常发生！错误属于：2,Undefined array key "url"，所在文件 /Users/nohacks/Documents/web/parse/api.php，位于行 207
异常发生！错误属于：2,Undefined array key 1，所在文件 /Users/nohacks/Documents/web/parse/video/class.init.php，位于行 19
异常发生！错误属于：2,Undefined array key "url"，所在文件 /Users/nohacks/Documents/web/parse/api.php，位于行 207
异常发生！错误属于：2,Undefined array key 1，所在文件 /Users/nohacks/Documents/web/parse/video/class.init.php，位于行 19
异常发生！错误属于：2,Undefined array key "url"，所在文件 /Users/nohacks/Documents/web/parse/api.php，位于行 207
异常发生！错误属于：2,Undefined array key 1，所在文件 /Users/nohacks/Documents/web/parse/video/class.init.php，位于行 19
异常发生！错误属于：2,Undefined array key "url"，所在文件 /Users/nohacks/Documents/web/parse/api.php，位于行 207
异常发生！错误属于：2,Undefined array key 1，所在文件 /Users/nohacks/Documents/web/parse/video/class.init.php，位于行 19
异常发生！错误属于：2,Undefined array key "url"，所在文件 /Users/nohacks/Documents/web/parse/api.php，位于行 207
异常发生！错误属于：2,Undefined array key 1，所在文件 /Users/nohacks/Documents/web/parse/video/class.init.php，位于行 19
异常发生！错误属于：2,Undefined array key "url"，所在文件 /Users/nohacks/Documents/web/parse/api.php，位于行 207
异常发生！错误属于：2,Undefined array key 1，所在文件 /Users/nohacks/Documents/web/parse/video/class.init.php，位于行 19
异常发生！错误属于：2,Undefined array key 2，所在文件 /Users/nohacks/Documents/web/parse/video/class.yun.php，位于行 807
异常发生！错误属于：2,Undefined array key 2，所在文件 /Users/nohacks/Documents/web/parse/video/class.yun.php，位于行 807
异常发生！错误属于：2,Undefined array key 2，所在文件 /Users/nohacks/Documents/web/parse/video/class.yun.php，位于行 807
异常发生！错误属于：2,Undefined array key 2，所在文件 /Users/nohacks/Documents/web/parse/video/class.yun.php，位于行 807
异常发生！错误属于：2,Undefined array key "url"，所在文件 /Users/nohacks/Documents/web/parse/api.php，位于行 207
异常发生！错误属于：2,Undefined array key 1，所在文件 /Users/nohacks/Documents/web/parse/video/class.init.php，位于行 19
异常发生！错误属于：2,Undefined array key "url"，所在文件 /Users/nohacks/Documents/web/parse/api.php，位于行 207
异常发生！错误属于：2,Undefined array key 1，所在文件 /Users/nohacks/Documents/web/parse/video/class.init.php，位于行 19
异常发生！错误属于：2,Undefined array key "url"，所在文件 /Users/nohacks/Documents/web/parse/api.php，位于行 207
异常发生！错误属于：2,Undefined array key 2，所在文件 /Users/nohacks/Documents/web/parse/video/class.yun.php，位于行 807
异常发生！错误属于：2,Undefined array key "url"，所在文件 /Users/nohacks/Documents/web/parse/api.php，位于行 207
异常发生！错误属于：2,Undefined array key 2，所在文件 /Users/nohacks/Documents/web/parse/video/class.yun.php，位于行 807
异常发生！错误属于：2,Undefined array key "url"，所在文件 /Users/nohacks/Documents/web/parse/api.php，位于行 207
异常发生！错误属于：2,Undefined array key 2，所在文件 /Users/nohacks/Documents/web/parse/video/class.yun.php，位于行 807
异常发生！错误属于：2,Undefined array key "url"，所在文件 /Users/nohacks/Documents/web/parse/api.php，位于行 207
异常发生！错误属于：2,Undefined array key "url"，所在文件 /Users/nohacks/Documents/web/parse/api.php，位于行 207
异常发生！错误属于：2,Undefined array key "url"，所在文件 /Users/nohacks/Documents/web/parse/api.php，位于行 207
