异常发生！错误属于：8,Undefined variable: lsimit，所在文件 /Users/nohacks/Documents/web/parse/dmku/class/pdo.class.php，位于行 166
异常发生！错误属于：8,Undefined variable: lsimit，所在文件 /Users/nohacks/Documents/web/parse/dmku/class/pdo.class.php，位于行 166
异常发生！错误属于：8,Undefined variable: lsimit，所在文件 /Users/nohacks/Documents/web/parse/dmku/class/pdo.class.php，位于行 166
异常发生！错误属于：8,Undefined variable: lsimit，所在文件 /Users/nohacks/Documents/web/parse/dmku/class/pdo.class.php，位于行 166
异常发生！错误属于：8,Undefined variable: lsimit，所在文件 /Users/nohacks/Documents/web/parse/dmku/class/pdo.class.php，位于行 166
异常发生！错误属于：8,Undefined variable: lsimit，所在文件 /Users/nohacks/Documents/web/parse/dmku/class/pdo.class.php，位于行 166
异常发生！错误属于：8,Undefined variable: lsimit，所在文件 /Users/nohacks/Documents/web/parse/dmku/class/pdo.class.php，位于行 166
异常发生！错误属于：8,Undefined variable: lsimit，所在文件 /Users/nohacks/Documents/web/parse/dmku/class/pdo.class.php，位于行 166
异常发生！错误属于：2,get_headers(): This function may only be used against URLs，所在文件 /Users/nohacks/Documents/web/parse/api.php，位于行 520
异常发生！错误属于：2,Trying to access array offset on false，所在文件 /Users/nohacks/Documents/web/parse/api.php，位于行 520
异常发生！错误属于：2,Undefined array key "url"，所在文件 /Users/nohacks/Documents/web/parse/api.php，位于行 207
异常发生！错误属于：2,get_headers(): This function may only be used against URLs，所在文件 /Users/nohacks/Documents/web/parse/api.php，位于行 520
异常发生！错误属于：2,Trying to access array offset on false，所在文件 /Users/nohacks/Documents/web/parse/api.php，位于行 520
异常发生！错误属于：2,Undefined array key "url"，所在文件 /Users/nohacks/Documents/web/parse/api.php，位于行 207
异常发生！错误属于：2,get_headers(): This function may only be used against URLs，所在文件 /Users/nohacks/Documents/web/parse/api.php，位于行 520
异常发生！错误属于：2,Trying to access array offset on false，所在文件 /Users/nohacks/Documents/web/parse/api.php，位于行 520
异常发生！错误属于：2,Undefined array key "url"，所在文件 /Users/nohacks/Documents/web/parse/api.php，位于行 207
异常发生！错误属于：2,get_headers(): This function may only be used against URLs，所在文件 /Users/nohacks/Documents/web/parse/api.php，位于行 520
异常发生！错误属于：2,Trying to access array offset on false，所在文件 /Users/nohacks/Documents/web/parse/api.php，位于行 520
异常发生！错误属于：2,Undefined array key "url"，所在文件 /Users/nohacks/Documents/web/parse/api.php，位于行 207
异常发生！错误属于：2,get_headers(): This function may only be used against URLs，所在文件 /Users/nohacks/Documents/web/parse/api.php，位于行 520
异常发生！错误属于：2,Trying to access array offset on false，所在文件 /Users/nohacks/Documents/web/parse/api.php，位于行 520
异常发生！错误属于：2,Undefined array key "url"，所在文件 /Users/nohacks/Documents/web/parse/api.php，位于行 207
异常发生！错误属于：2,get_headers(): This function may only be used against URLs，所在文件 /Users/nohacks/Documents/web/parse/api.php，位于行 520
异常发生！错误属于：2,Trying to access array offset on false，所在文件 /Users/nohacks/Documents/web/parse/api.php，位于行 520
异常发生！错误属于：2,Undefined array key "url"，所在文件 /Users/nohacks/Documents/web/parse/api.php，位于行 207
异常发生！错误属于：2,get_headers(): This function may only be used against URLs，所在文件 /Users/nohacks/Documents/web/parse/api.php，位于行 520
异常发生！错误属于：2,Trying to access array offset on false，所在文件 /Users/nohacks/Documents/web/parse/api.php，位于行 520
异常发生！错误属于：2,Undefined array key "url"，所在文件 /Users/nohacks/Documents/web/parse/api.php，位于行 207
异常发生！错误属于：2,get_headers(): This function may only be used against URLs，所在文件 /Users/nohacks/Documents/web/parse/api.php，位于行 520
异常发生！错误属于：2,Trying to access array offset on false，所在文件 /Users/nohacks/Documents/web/parse/api.php，位于行 520
异常发生！错误属于：2,Undefined array key "url"，所在文件 /Users/nohacks/Documents/web/parse/api.php，位于行 207
异常发生！错误属于：2,Attempt to read property "pagecount" on null，所在文件 /Users/nohacks/Documents/web/parse/video/class.yun.php，位于行 525
异常发生！错误属于：2,Undefined array key "url"，所在文件 /Users/nohacks/Documents/web/parse/api.php，位于行 207
异常发生！错误属于：0,Call to undefined function foobar()，所在文件 /Users/nohacks/Documents/web/parse/include/class.main.php，位于行 51
异常发生！错误属于：0,Call to undefined function foobar()，所在文件 /Users/nohacks/Documents/web/parse/include/class.main.php，位于行 51
异常发生！错误属于：0,Call to undefined function foobar()，所在文件 /Users/nohacks/Documents/web/parse/include/class.main.php，位于行 51
异常发生！错误属于：0,Call to undefined function foobar()，所在文件 /Users/nohacks/Documents/web/parse/include/class.main.php，位于行 51
异常发生！错误属于：0,Call to undefined function foobar()，所在文件 /Users/nohacks/Documents/web/parse/include/class.main.php，位于行 51
异常发生！错误属于：0,Call to undefined function foobar()，所在文件 /Users/nohacks/Documents/web/parse/include/class.main.php，位于行 51
异常发生！错误属于：0,Call to undefined function foobar()，所在文件 /Users/nohacks/Documents/web/parse/include/class.main.php，位于行 51
异常发生！错误属于：0,Call to undefined function foobar()，所在文件 /Users/nohacks/Documents/web/parse/include/class.main.php，位于行 51
异常发生！错误属于：0,Call to undefined function foobar()，所在文件 /Users/nohacks/Documents/web/parse/include/class.main.php，位于行 51
异常发生！错误属于：0,Call to undefined function foobar()，所在文件 /Users/nohacks/Documents/web/parse/include/class.main.php，位于行 51
异常发生！错误属于：2,Undefined variable $foo，所在文件 /Users/nohacks/Documents/web/parse/include/class.main.php，位于行 50
异常发生！错误属于：2,Trying to access array offset on null，所在文件 /Users/nohacks/Documents/web/parse/include/class.main.php，位于行 50
异常发生！错误属于：2,Undefined variable $foo，所在文件 /Users/nohacks/Documents/web/parse/include/class.main.php，位于行 50
异常发生！错误属于：2,Trying to access array offset on null，所在文件 /Users/nohacks/Documents/web/parse/include/class.main.php，位于行 50
异常发生！错误属于：2,Undefined variable $foo，所在文件 /Users/nohacks/Documents/web/parse/include/class.main.php，位于行 50
异常发生！错误属于：2,Trying to access array offset on null，所在文件 /Users/nohacks/Documents/web/parse/include/class.main.php，位于行 50
异常发生！错误属于：2,Undefined variable $foo，所在文件 /Users/nohacks/Documents/web/parse/include/class.main.php，位于行 50
异常发生！错误属于：2,Trying to access array offset on null，所在文件 /Users/nohacks/Documents/web/parse/include/class.main.php，位于行 50
异常发生！错误属于：0,trigger_error(): Argument #2 ($error_level) must be one of E_USER_ERROR, E_USER_WARNING, E_USER_NOTICE, or E_USER_DEPRECATED，所在文件 /Users/nohacks/Documents/web/parse/include/class.main.php，位于行 52
异常发生！错误属于：0,trigger_error(): Argument #2 ($error_level) must be one of E_USER_ERROR, E_USER_WARNING, E_USER_NOTICE, or E_USER_DEPRECATED，所在文件 /Users/nohacks/Documents/web/parse/include/class.main.php，位于行 52
异常发生！错误属于：0,trigger_error(): Argument #2 ($error_level) must be one of E_USER_ERROR, E_USER_WARNING, E_USER_NOTICE, or E_USER_DEPRECATED，所在文件 /Users/nohacks/Documents/web/parse/include/class.main.php，位于行 52
异常发生！错误属于：0,trigger_error(): Argument #2 ($error_level) must be one of E_USER_ERROR, E_USER_WARNING, E_USER_NOTICE, or E_USER_DEPRECATED，所在文件 /Users/nohacks/Documents/web/parse/include/class.main.php，位于行 52
异常发生！错误属于：0,Uncaught Exception occurred，所在文件 /Users/nohacks/Documents/web/parse/include/class.main.php，位于行 53
异常发生！错误属于：2,get_headers(): This function may only be used against URLs，所在文件 /Users/nohacks/Documents/web/parse/api.php，位于行 520
异常发生！错误属于：2,Trying to access array offset on false，所在文件 /Users/nohacks/Documents/web/parse/api.php，位于行 520
异常发生！错误属于：2,Undefined array key "url"，所在文件 /Users/nohacks/Documents/web/parse/api.php，位于行 207
异常发生！错误属于：0,Uncaught Exception occurred，所在文件 /Users/nohacks/Documents/web/parse/include/class.main.php，位于行 53
异常发生！错误属于：2,get_headers(): This function may only be used against URLs，所在文件 /Users/nohacks/Documents/web/parse/api.php，位于行 520
异常发生！错误属于：2,Trying to access array offset on false，所在文件 /Users/nohacks/Documents/web/parse/api.php，位于行 520
异常发生！错误属于：2,Undefined array key "url"，所在文件 /Users/nohacks/Documents/web/parse/api.php，位于行 207
异常发生！错误属于：2,Attempt to read property "pagecount" on null，所在文件 /Users/nohacks/Documents/web/parse/video/class.yun.php，位于行 525
