异常发生！错误属于：2,Undefined array key ""，所在文件 /Users/nohacks/Documents/web/parse/api.php，位于行 425
异常发生！错误属于：2,Undefined array key "url"，所在文件 /Users/nohacks/Documents/web/parse/api.php，位于行 207
异常发生！错误属于：2,Undefined array key ""，所在文件 /Users/nohacks/Documents/web/parse/api.php，位于行 425
异常发生！错误属于：2,Undefined array key "part"，所在文件 /Users/nohacks/Documents/web/parse/video/class.yun.php，位于行 49
异常发生！错误属于：2,Undefined array key "part"，所在文件 /Users/nohacks/Documents/web/parse/video/class.yun.php，位于行 49
异常发生！错误属于：2,Undefined array key "part"，所在文件 /Users/nohacks/Documents/web/parse/video/class.yun.php，位于行 49
异常发生！错误属于：2,Attempt to read property "pagecount" on null，所在文件 /Users/nohacks/Documents/web/parse/video/class.yun.php，位于行 525
异常发生！错误属于：2,Undefined array key "part"，所在文件 /Users/nohacks/Documents/web/parse/video/class.yun.php，位于行 49
异常发生！错误属于：2,Undefined array key ""，所在文件 /Users/nohacks/Documents/web/parse/api.php，位于行 425
异常发生！错误属于：2,Undefined array key "part"，所在文件 /Users/nohacks/Documents/web/parse/video/class.yun.php，位于行 49
异常发生！错误属于：2,Undefined array key ""，所在文件 /Users/nohacks/Documents/web/parse/api.php，位于行 425
异常发生！错误属于：2,Undefined array key ""，所在文件 /Users/nohacks/Documents/web/parse/api.php，位于行 425
异常发生！错误属于：2,Undefined array key ""，所在文件 /Users/nohacks/Documents/web/parse/api.php，位于行 425
异常发生！错误属于：2,Undefined array key ""，所在文件 /Users/nohacks/Documents/web/parse/api.php，位于行 425
异常发生！错误属于：2,Undefined array key ""，所在文件 /Users/nohacks/Documents/web/parse/api.php，位于行 425
异常发生！错误属于：2,Undefined array key "part"，所在文件 /Users/nohacks/Documents/web/parse/video/class.yun.php，位于行 49
异常发生！错误属于：2,Undefined array key "part"，所在文件 /Users/nohacks/Documents/web/parse/video/class.yun.php，位于行 49
异常发生！错误属于：2,Undefined array key ""，所在文件 /Users/nohacks/Documents/web/parse/api.php，位于行 425
异常发生！错误属于：2,Undefined array key "part"，所在文件 /Users/nohacks/Documents/web/parse/video/class.yun.php，位于行 49
异常发生！错误属于：2,Undefined variable $foo，所在文件 /Users/nohacks/Documents/web/parse/include/class.main.php，位于行 69
异常发生！错误属于：2,Trying to access array offset on null，所在文件 /Users/nohacks/Documents/web/parse/include/class.main.php，位于行 69
异常发生！错误属于：2,Undefined variable $foo，所在文件 /Users/nohacks/Documents/web/parse/include/class.main.php，位于行 69
异常发生！错误属于：2,Trying to access array offset on null，所在文件 /Users/nohacks/Documents/web/parse/include/class.main.php，位于行 69
异常发生！错误属于：2,Undefined variable $foo，所在文件 /Users/nohacks/Documents/web/parse/include/class.main.php，位于行 69
异常发生！错误属于：2,Trying to access array offset on null，所在文件 /Users/nohacks/Documents/web/parse/include/class.main.php，位于行 69
异常发生！错误属于：2,Undefined variable $foo，所在文件 /Users/nohacks/Documents/web/parse/include/class.main.php，位于行 69
异常发生！错误属于：2,Trying to access array offset on null，所在文件 /Users/nohacks/Documents/web/parse/include/class.main.php，位于行 69
异常发生！错误属于：2,Undefined variable $foo，所在文件 /Users/nohacks/Documents/web/parse/include/class.main.php，位于行 69
异常发生！错误属于：2,Trying to access array offset on null，所在文件 /Users/nohacks/Documents/web/parse/include/class.main.php，位于行 69
异常发生！错误属于：2,Undefined variable $foo，所在文件 /Users/nohacks/Documents/web/parse/include/class.main.php，位于行 69
异常发生！错误属于：2,Trying to access array offset on null，所在文件 /Users/nohacks/Documents/web/parse/include/class.main.php，位于行 69
异常发生！错误属于：2,Undefined variable $foo，所在文件 /Users/nohacks/Documents/web/parse/include/class.main.php，位于行 69
异常发生！错误属于：2,Trying to access array offset on null，所在文件 /Users/nohacks/Documents/web/parse/include/class.main.php，位于行 69
异常发生！错误属于：2,Undefined variable $foo，所在文件 /Users/nohacks/Documents/web/parse/include/class.main.php，位于行 69
异常发生！错误属于：2,Trying to access array offset on null，所在文件 /Users/nohacks/Documents/web/parse/include/class.main.php，位于行 69
异常发生！错误属于：2,Undefined variable $foo，所在文件 /Users/nohacks/Documents/web/parse/include/class.main.php，位于行 69
异常发生！错误属于：2,Trying to access array offset on null，所在文件 /Users/nohacks/Documents/web/parse/include/class.main.php，位于行 69
异常发生！错误属于：2,Undefined variable $foo，所在文件 /Users/nohacks/Documents/web/parse/include/class.main.php，位于行 69
异常发生！错误属于：2,Trying to access array offset on null，所在文件 /Users/nohacks/Documents/web/parse/include/class.main.php，位于行 69
异常发生！错误属于：0,Call to undefined function foobar()，所在文件 /Users/nohacks/Documents/web/parse/include/class.main.php，位于行 70
异常发生！错误属于：0,Call to undefined function foobar()，所在文件 /Users/nohacks/Documents/web/parse/include/class.main.php，位于行 70
异常发生！错误属于：256,自定义错误，所在文件 /Users/nohacks/Documents/web/parse/include/class.main.php，位于行 71
异常发生！错误属于：256,自定义错误，所在文件 /Users/nohacks/Documents/web/parse/include/class.main.php，位于行 71
异常发生！错误属于：256,自定义错误，所在文件 /Users/nohacks/Documents/web/parse/include/class.main.php，位于行 71
异常发生！错误属于：256,自定义错误，所在文件 /Users/nohacks/Documents/web/parse/include/class.main.php，位于行 71
异常发生！错误属于：0,Uncaught Exception occurred，所在文件 /Users/nohacks/Documents/web/parse/include/class.main.php，位于行 72
异常发生！错误属于：0,trigger_error(): Argument #2 ($error_level) must be one of E_USER_ERROR, E_USER_WARNING, E_USER_NOTICE, or E_USER_DEPRECATED，所在文件 /Users/nohacks/Documents/web/parse/include/class.main.php，位于行 71
异常发生！错误属于：0,trigger_error(): Argument #2 ($error_level) must be one of E_USER_ERROR, E_USER_WARNING, E_USER_NOTICE, or E_USER_DEPRECATED，所在文件 /Users/nohacks/Documents/web/parse/include/class.main.php，位于行 71
异常发生！错误属于：0,trigger_error(): Argument #2 ($error_level) must be one of E_USER_ERROR, E_USER_WARNING, E_USER_NOTICE, or E_USER_DEPRECATED，所在文件 /Users/nohacks/Documents/web/parse/include/class.main.php，位于行 71
异常发生！错误属于：2,Undefined array key "part"，所在文件 /Users/nohacks/Documents/web/parse/video/class.yun.php，位于行 49
异常发生！错误属于：2,Undefined array key ""，所在文件 /Users/nohacks/Documents/web/parse/api.php，位于行 425
