异常发生！错误属于：2,Undefined variable $ret，所在文件 /Users/kaizhang/Documents/web/parse/include/class.main.php，位于行 632
异常发生！错误属于：2,Undefined variable $ret，所在文件 /Users/kaizhang/Documents/web/parse/include/class.main.php，位于行 632
异常发生！错误属于：2,Undefined variable $ret，所在文件 /Users/kaizhang/Documents/web/parse/include/class.main.php，位于行 632
异常发生！错误属于：2,Undefined variable $ret，所在文件 /Users/kaizhang/Documents/web/parse/include/class.main.php，位于行 632
异常发生！错误属于：0,Undefined constant "flag"，所在文件 /Users/kaizhang/Documents/web/parse/video/class.yun.php，位于行 441
异常发生！错误属于：2,Undefined variable $ret，所在文件 /Users/kaizhang/Documents/web/parse/include/class.main.php，位于行 632
异常发生！错误属于：2,Undefined variable $ret，所在文件 /Users/kaizhang/Documents/web/parse/include/class.main.php，位于行 632
异常发生！错误属于：0,Undefined constant "flag"，所在文件 /Users/kaizhang/Documents/web/parse/video/class.yun.php，位于行 441
异常发生！错误属于：2,Undefined variable $ret，所在文件 /Users/kaizhang/Documents/web/parse/include/class.main.php，位于行 632
异常发生！错误属于：2,Undefined variable $ret，所在文件 /Users/kaizhang/Documents/web/parse/include/class.main.php，位于行 632
异常发生！错误属于：0,Undefined constant "flag"，所在文件 /Users/kaizhang/Documents/web/parse/video/class.yun.php，位于行 441
异常发生！错误属于：2,Undefined variable $ret，所在文件 /Users/kaizhang/Documents/web/parse/include/class.main.php，位于行 632
异常发生！错误属于：2,Undefined variable $ret，所在文件 /Users/kaizhang/Documents/web/parse/include/class.main.php，位于行 632
异常发生！错误属于：0,Undefined constant "flag"，所在文件 /Users/kaizhang/Documents/web/parse/video/class.yun.php，位于行 441
异常发生！错误属于：2,Undefined variable $ret，所在文件 /Users/kaizhang/Documents/web/parse/include/class.main.php，位于行 632
异常发生！错误属于：2,Undefined variable $ret，所在文件 /Users/kaizhang/Documents/web/parse/include/class.main.php，位于行 632
异常发生！错误属于：0,Undefined constant "flag"，所在文件 /Users/kaizhang/Documents/web/parse/video/class.yun.php，位于行 441
异常发生！错误属于：2,Undefined variable $ret，所在文件 /Users/kaizhang/Documents/web/parse/include/class.main.php，位于行 632
异常发生！错误属于：2,Undefined variable $ret，所在文件 /Users/kaizhang/Documents/web/parse/include/class.main.php，位于行 632
异常发生！错误属于：0,Undefined constant "flag"，所在文件 /Users/kaizhang/Documents/web/parse/video/class.yun.php，位于行 441
异常发生！错误属于：2,Undefined array key 1，所在文件 /Users/kaizhang/Documents/web/parse/video/class.yun.php，位于行 396
异常发生！错误属于：2,Trying to access array offset on null，所在文件 /Users/kaizhang/Documents/web/parse/video/class.yun.php，位于行 396
异常发生！错误属于：2,Undefined array key 1，所在文件 /Users/kaizhang/Documents/web/parse/video/class.yun.php，位于行 397
异常发生！错误属于：2,Trying to access array offset on null，所在文件 /Users/kaizhang/Documents/web/parse/video/class.yun.php，位于行 397
异常发生！错误属于：2,Undefined array key "host"，所在文件 /Users/kaizhang/Documents/web/parse/include/class.main.php，位于行 74
异常发生！错误属于：2,Undefined array key 1，所在文件 /Users/kaizhang/Documents/web/parse/video/class.yun.php，位于行 396
异常发生！错误属于：2,Trying to access array offset on null，所在文件 /Users/kaizhang/Documents/web/parse/video/class.yun.php，位于行 396
异常发生！错误属于：2,Undefined array key 1，所在文件 /Users/kaizhang/Documents/web/parse/video/class.yun.php，位于行 397
异常发生！错误属于：2,Trying to access array offset on null，所在文件 /Users/kaizhang/Documents/web/parse/video/class.yun.php，位于行 397
异常发生！错误属于：2,Undefined array key "host"，所在文件 /Users/kaizhang/Documents/web/parse/include/class.main.php，位于行 74
异常发生！错误属于：2,Undefined array key 1，所在文件 /Users/kaizhang/Documents/web/parse/video/class.yun.php，位于行 396
异常发生！错误属于：2,Trying to access array offset on null，所在文件 /Users/kaizhang/Documents/web/parse/video/class.yun.php，位于行 396
异常发生！错误属于：2,Undefined array key 1，所在文件 /Users/kaizhang/Documents/web/parse/video/class.yun.php，位于行 397
异常发生！错误属于：2,Trying to access array offset on null，所在文件 /Users/kaizhang/Documents/web/parse/video/class.yun.php，位于行 397
异常发生！错误属于：2,Undefined array key "host"，所在文件 /Users/kaizhang/Documents/web/parse/include/class.main.php，位于行 74
异常发生！错误属于：2,Undefined array key 1，所在文件 /Users/kaizhang/Documents/web/parse/video/class.yun.php，位于行 396
异常发生！错误属于：2,Undefined variable $ret，所在文件 /Users/kaizhang/Documents/web/parse/include/class.main.php，位于行 632
异常发生！错误属于：2,Undefined variable $ret，所在文件 /Users/kaizhang/Documents/web/parse/include/class.main.php，位于行 632
异常发生！错误属于：2,Undefined variable $ret，所在文件 /Users/kaizhang/Documents/web/parse/include/class.main.php，位于行 632
异常发生！错误属于：2,Undefined variable $ret，所在文件 /Users/kaizhang/Documents/web/parse/include/class.main.php，位于行 632
异常发生！错误属于：2,Undefined array key 1，所在文件 /Users/kaizhang/Documents/web/parse/video/class.yun.php，位于行 396
异常发生！错误属于：2,Undefined array key 1，所在文件 /Users/kaizhang/Documents/web/parse/video/class.yun.php，位于行 396
异常发生！错误属于：2,Undefined array key 1，所在文件 /Users/kaizhang/Documents/web/parse/video/class.yun.php，位于行 396
异常发生！错误属于：2,Undefined array key 1，所在文件 /Users/kaizhang/Documents/web/parse/video/class.yun.php，位于行 396
异常发生！错误属于：2,Undefined array key 1，所在文件 /Users/kaizhang/Documents/web/parse/video/class.yun.php，位于行 396
异常发生！错误属于：8192,trim(): Passing null to parameter #1 ($string) of type string is deprecated，所在文件 /Users/kaizhang/Documents/web/parse/include/class.main.php，位于行 491
异常发生！错误属于：8192,trim(): Passing null to parameter #1 ($string) of type string is deprecated，所在文件 /Users/kaizhang/Documents/web/parse/include/class.main.php，位于行 491
异常发生！错误属于：8192,trim(): Passing null to parameter #1 ($string) of type string is deprecated，所在文件 /Users/kaizhang/Documents/web/parse/include/class.main.php，位于行 491
异常发生！错误属于：8192,trim(): Passing null to parameter #1 ($string) of type string is deprecated，所在文件 /Users/kaizhang/Documents/web/parse/include/class.main.php，位于行 551
异常发生！错误属于：8192,trim(): Passing null to parameter #1 ($string) of type string is deprecated，所在文件 /Users/kaizhang/Documents/web/parse/include/class.main.php，位于行 551
异常发生！错误属于：0,Undefined constant "FCPATH"，所在文件 /Users/kaizhang/Documents/web/parse/include/class.main.php，位于行 582
异常发生！错误属于：0,Undefined constant "FCPATH"，所在文件 /Users/kaizhang/Documents/web/parse/include/class.main.php，位于行 582
异常发生！错误属于：0,Undefined constant "FCPATH"，所在文件 /Users/kaizhang/Documents/web/parse/include/class.main.php，位于行 582
异常发生！错误属于：2,Undefined array key 1，所在文件 /Users/kaizhang/Documents/web/parse/video/class.yun.php，位于行 396
异常发生！错误属于：2,Undefined array key 1，所在文件 /Users/kaizhang/Documents/web/parse/video/class.yun.php，位于行 396
异常发生！错误属于：2,Undefined array key 1，所在文件 /Users/kaizhang/Documents/web/parse/video/class.yun.php，位于行 396
异常发生！错误属于：2,Undefined array key 1，所在文件 /Users/kaizhang/Documents/web/parse/video/class.yun.php，位于行 396
异常发生！错误属于：2,Undefined array key 1，所在文件 /Users/kaizhang/Documents/web/parse/video/class.yun.php，位于行 397
异常发生！错误属于：2,Undefined array key 1，所在文件 /Users/kaizhang/Documents/web/parse/video/class.yun.php，位于行 397
异常发生！错误属于：0,Undefined constant "flag"，所在文件 /Users/kaizhang/Documents/web/parse/video/class.yun.php，位于行 441
异常发生！错误属于：0,Undefined constant "flag"，所在文件 /Users/kaizhang/Documents/web/parse/video/class.yun.php，位于行 441
异常发生！错误属于：0,Undefined constant "flag"，所在文件 /Users/kaizhang/Documents/web/parse/video/class.yun.php，位于行 441
异常发生！错误属于：0,Undefined constant "flag"，所在文件 /Users/kaizhang/Documents/web/parse/video/class.yun.php，位于行 441
异常发生！错误属于：2,Undefined array key 1，所在文件 /Users/kaizhang/Documents/web/parse/video/class.yun.php，位于行 396
异常发生！错误属于：0,Undefined constant "flag"，所在文件 /Users/kaizhang/Documents/web/parse/video/class.yun.php，位于行 441
异常发生！错误属于：0,Undefined constant "flag"，所在文件 /Users/kaizhang/Documents/web/parse/video/class.yun.php，位于行 441
异常发生！错误属于：0,Undefined constant "flag"，所在文件 /Users/kaizhang/Documents/web/parse/video/class.yun.php，位于行 441
异常发生！错误属于：0,Undefined constant "flag"，所在文件 /Users/kaizhang/Documents/web/parse/video/class.yun.php，位于行 441
异常发生！错误属于：0,Undefined constant "flag"，所在文件 /Users/kaizhang/Documents/web/parse/video/class.yun.php，位于行 441
异常发生！错误属于：0,Undefined constant "flag"，所在文件 /Users/kaizhang/Documents/web/parse/video/class.yun.php，位于行 448
异常发生！错误属于：0,Undefined constant "flag"，所在文件 /Users/kaizhang/Documents/web/parse/video/class.yun.php，位于行 450
异常发生！错误属于：0,Undefined constant "flag"，所在文件 /Users/kaizhang/Documents/web/parse/video/class.yun.php，位于行 450
异常发生！错误属于：0,trim(): Argument #1 ($string) must be of type string, array given，所在文件 /Users/kaizhang/Documents/web/parse/video/class.yun.php，位于行 419
异常发生！错误属于：0,trim(): Argument #1 ($string) must be of type string, array given，所在文件 /Users/kaizhang/Documents/web/parse/video/class.yun.php，位于行 419
异常发生！错误属于：0,trim(): Argument #1 ($string) must be of type string, array given，所在文件 /Users/kaizhang/Documents/web/parse/video/class.yun.php，位于行 419
异常发生！错误属于：2,file_get_contents(): SSL operation failed with code 1. OpenSSL Error messages:
error:0A000086:SSL routines::certificate verify failed，所在文件 /Users/kaizhang/Documents/web/parse/video/class.yun.php，位于行 406
异常发生！错误属于：2,file_get_contents(): SSL operation failed with code 1. OpenSSL Error messages:
error:0A000086:SSL routines::certificate verify failed，所在文件 /Users/kaizhang/Documents/web/parse/video/class.yun.php，位于行 406
异常发生！错误属于：2,file_get_contents(): SSL operation failed with code 1. OpenSSL Error messages:
error:0A000086:SSL routines::certificate verify failed，所在文件 /Users/kaizhang/Documents/web/parse/video/class.yun.php，位于行 406
异常发生！错误属于：2,file_get_contents(): SSL operation failed with code 1. OpenSSL Error messages:
error:0A000086:SSL routines::certificate verify failed，所在文件 /Users/kaizhang/Documents/web/parse/video/class.yun.php，位于行 406
异常发生！错误属于：2,Undefined variable $data，所在文件 /Users/kaizhang/Documents/web/parse/video/class.yun.php，位于行 417
异常发生！错误属于：2,file_get_contents(): SSL operation failed with code 1. OpenSSL Error messages:
error:0A000086:SSL routines::certificate verify failed，所在文件 /Users/kaizhang/Documents/web/parse/video/class.yun.php，位于行 406
异常发生！错误属于：0,Undefined constant "flag"，所在文件 /Users/kaizhang/Documents/web/parse/video/class.yun.php，位于行 457
异常发生！错误属于：0,trim(): Argument #1 ($string) must be of type string, array given，所在文件 /Users/kaizhang/Documents/web/parse/video/class.yun.php，位于行 419
异常发生！错误属于：0,Undefined constant "flag"，所在文件 /Users/kaizhang/Documents/web/parse/video/class.yun.php，位于行 470
异常发生！错误属于：0,Undefined constant "flag"，所在文件 /Users/kaizhang/Documents/web/parse/video/class.yun.php，位于行 470
异常发生！错误属于：0,Undefined constant "flag"，所在文件 /Users/kaizhang/Documents/web/parse/video/class.yun.php，位于行 473
异常发生！错误属于：0,Undefined constant "flag"，所在文件 /Users/kaizhang/Documents/web/parse/video/class.yun.php，位于行 473
异常发生！错误属于：0,Undefined constant "flag"，所在文件 /Users/kaizhang/Documents/web/parse/video/class.yun.php，位于行 473
异常发生！错误属于：0,Cannot access offset of type string on string，所在文件 /Users/kaizhang/Documents/web/parse/video/class.yun.php，位于行 517
异常发生！错误属于：0,Cannot access offset of type string on string，所在文件 /Users/kaizhang/Documents/web/parse/video/class.yun.php，位于行 517
异常发生！错误属于：0,Cannot access offset of type string on string，所在文件 /Users/kaizhang/Documents/web/parse/video/class.yun.php，位于行 520
异常发生！错误属于：0,Cannot access offset of type string on string，所在文件 /Users/kaizhang/Documents/web/parse/video/class.yun.php，位于行 520
异常发生！错误属于：0,Cannot access offset of type string on string，所在文件 /Users/kaizhang/Documents/web/parse/video/class.yun.php，位于行 522
异常发生！错误属于：0,Cannot access offset of type string on string，所在文件 /Users/kaizhang/Documents/web/parse/video/class.yun.php，位于行 522
异常发生！错误属于：0,Class "YUN" not found，所在文件 /Users/kaizhang/Documents/web/parse/include/ResParse.php，位于行 31
异常发生！错误属于：0,Class "getHtmlException" not found，所在文件 /Users/kaizhang/Documents/web/parse/include/ResParse.php，位于行 110
异常发生！错误属于：2,Undefined variable $html，所在文件 /Users/kaizhang/Documents/web/parse/include/ResParse.php，位于行 192
异常发生！错误属于：2,Undefined variable $html，所在文件 /Users/kaizhang/Documents/web/parse/include/ResParse.php，位于行 192
