异常发生！错误属于：8,Undefined index: type，所在文件 /Users/nohacks/Documents/web/parse/admin/html/admin_resource_edit.htm，位于行 39
异常发生！错误属于：8,Undefined index: type，所在文件 /Users/nohacks/Documents/web/parse/admin/html/admin_resource_edit.htm，位于行 39
异常发生！错误属于：8,Undefined index: type，所在文件 /Users/nohacks/Documents/web/parse/admin/html/admin_resource_edit.htm，位于行 39
异常发生！错误属于：8,session_start(): A session had already been started - ignoring，所在文件 /Users/nohacks/Documents/web/parse/admin/save.php，位于行 4
异常发生！错误属于：8,session_start(): A session had already been started - ignoring，所在文件 /Users/nohacks/Documents/web/parse/admin/save.php，位于行 4
异常发生！错误属于：8,Undefined variable: from_timeout，所在文件 /Users/nohacks/Documents/web/parse/admin/save.php，位于行 5
异常发生！错误属于：2,gzuncompress(): data error，所在文件 /Users/nohacks/Documents/web/parse/include/class.main.php，位于行 1141
异常发生！错误属于：2,gzuncompress(): data error，所在文件 /Users/nohacks/Documents/web/parse/include/class.main.php，位于行 1141
异常发生！错误属于：2,gzuncompress(): data error，所在文件 /Users/nohacks/Documents/web/parse/include/class.main.php，位于行 1141
异常发生！错误属于：2,gzuncompress(): data error，所在文件 /Users/nohacks/Documents/web/parse/include/class.main.php，位于行 1141
异常发生！错误属于：2,gzuncompress(): data error，所在文件 /Users/nohacks/Documents/web/parse/include/class.main.php，位于行 1141
异常发生！错误属于：2,gzuncompress(): data error，所在文件 /Users/nohacks/Documents/web/parse/include/class.main.php，位于行 1141
异常发生！错误属于：2,gzuncompress(): data error，所在文件 /Users/nohacks/Documents/web/parse/include/class.main.php，位于行 1141
异常发生！错误属于：2,gzuncompress(): data error，所在文件 /Users/nohacks/Documents/web/parse/include/class.main.php，位于行 1141
异常发生！错误属于：2,gzuncompress(): data error，所在文件 /Users/nohacks/Documents/web/parse/include/class.main.php，位于行 1141
异常发生！错误属于：8,Trying to get property 'pagecount' of non-object，所在文件 /Users/nohacks/Documents/web/parse/video/class.yun.php，位于行 525
异常发生！错误属于：0,Cannot use object of type stdClass as array，所在文件 /Users/nohacks/Documents/web/parse/video/class.yun.php，位于行 525
异常发生！错误属于：8,Undefined variable: pagecount，所在文件 /Users/nohacks/Documents/web/parse/video/class.yun.php，位于行 530
异常发生！错误属于：8,Undefined index: ，所在文件 /Users/nohacks/Documents/web/parse/api.php，位于行 425
异常发生！错误属于：8,Undefined index: ，所在文件 /Users/nohacks/Documents/web/parse/api.php，位于行 425
异常发生！错误属于：8,Undefined index: ，所在文件 /Users/nohacks/Documents/web/parse/api.php，位于行 425
异常发生！错误属于：8,Undefined index: ，所在文件 /Users/nohacks/Documents/web/parse/api.php，位于行 425
异常发生！错误属于：8,Undefined index: ，所在文件 /Users/nohacks/Documents/web/parse/api.php，位于行 425
异常发生！错误属于：8,Undefined index: ，所在文件 /Users/nohacks/Documents/web/parse/api.php，位于行 425
异常发生！错误属于：8,Undefined index: ，所在文件 /Users/nohacks/Documents/web/parse/api.php，位于行 425
异常发生！错误属于：8,Undefined index: ，所在文件 /Users/nohacks/Documents/web/parse/api.php，位于行 425
异常发生！错误属于：8,Undefined index: ，所在文件 /Users/nohacks/Documents/web/parse/api.php，位于行 425
异常发生！错误属于：8,Undefined index: ，所在文件 /Users/nohacks/Documents/web/parse/api.php，位于行 425
异常发生！错误属于：8,Undefined index: ，所在文件 /Users/nohacks/Documents/web/parse/api.php，位于行 425
异常发生！错误属于：8,Undefined index: ，所在文件 /Users/nohacks/Documents/web/parse/api.php，位于行 425
异常发生！错误属于：8,Undefined index: ，所在文件 /Users/nohacks/Documents/web/parse/api.php，位于行 425
异常发生！错误属于：8,Undefined index: ，所在文件 /Users/nohacks/Documents/web/parse/api.php，位于行 425
异常发生！错误属于：8,Undefined variable: YUN_MACTH，所在文件 /Users/nohacks/Documents/web/parse/admin/html/admin_yun.htm，位于行 105
异常发生！错误属于：8,Undefined offset: 3，所在文件 /Users/nohacks/Documents/web/parse/include/class.db.php，位于行 45
异常发生！错误属于：8,Undefined offset: 3，所在文件 /Users/nohacks/Documents/web/parse/include/class.db.php，位于行 45
异常发生！错误属于：8,Undefined offset: 3，所在文件 /Users/nohacks/Documents/web/parse/include/class.db.php，位于行 45
异常发生！错误属于：8,Undefined offset: 3，所在文件 /Users/nohacks/Documents/web/parse/include/class.db.php，位于行 45
异常发生！错误属于：8,Undefined offset: 3，所在文件 /Users/nohacks/Documents/web/parse/include/class.db.php，位于行 45
异常发生！错误属于：8,Undefined offset: 3，所在文件 /Users/nohacks/Documents/web/parse/include/class.db.php，位于行 45
异常发生！错误属于：8,Undefined offset: 3，所在文件 /Users/nohacks/Documents/web/parse/include/class.db.php，位于行 45
异常发生！错误属于：8,Undefined index: title，所在文件 /Users/nohacks/Documents/web/parse/admin/html/admin_dmku.htm，位于行 124
异常发生！错误属于：8,Undefined index: title，所在文件 /Users/nohacks/Documents/web/parse/admin/html/admin_dmku.htm，位于行 124
异常发生！错误属于：8,Undefined index: title，所在文件 /Users/nohacks/Documents/web/parse/admin/html/admin_dmku.htm，位于行 124
异常发生！错误属于：8,Undefined index: title，所在文件 /Users/nohacks/Documents/web/parse/admin/html/admin_dmku.htm，位于行 124
异常发生！错误属于：2,Use of undefined constant API_PATH - assumed 'API_PATH' (this will throw an Error in a future version of PHP)，所在文件 /Users/nohacks/Documents/web/parse/admin/html/admin_app.htm，位于行 224
异常发生！错误属于：8,Undefined index: state，所在文件 /Users/nohacks/Documents/web/parse/admin/html/admin_dmku.htm，位于行 289
异常发生！错误属于：8,Undefined index: state，所在文件 /Users/nohacks/Documents/web/parse/admin/html/admin_dmku.htm，位于行 289
异常发生！错误属于：8,Undefined index: state，所在文件 /Users/nohacks/Documents/web/parse/admin/html/admin_dmku.htm，位于行 289
异常发生！错误属于：8,Undefined index: state，所在文件 /Users/nohacks/Documents/web/parse/admin/html/admin_dmku.htm，位于行 289
异常发生！错误属于：8,Undefined index: state，所在文件 /Users/nohacks/Documents/web/parse/admin/html/admin_dmku.htm，位于行 289
异常发生！错误属于：8,Undefined index: state，所在文件 /Users/nohacks/Documents/web/parse/admin/html/admin_dmku.htm，位于行 289
异常发生！错误属于：8,Undefined index: state，所在文件 /Users/nohacks/Documents/web/parse/admin/html/admin_dmku.htm，位于行 289
异常发生！错误属于：8,Undefined index: state，所在文件 /Users/nohacks/Documents/web/parse/admin/html/admin_dmku.htm，位于行 289
异常发生！错误属于：8,Undefined index: state，所在文件 /Users/nohacks/Documents/web/parse/admin/html/admin_dmku.htm，位于行 289
异常发生！错误属于：8,Undefined index: state，所在文件 /Users/nohacks/Documents/web/parse/admin/html/admin_dmku.htm，位于行 289
异常发生！错误属于：8,Undefined index: state，所在文件 /Users/nohacks/Documents/web/parse/admin/html/admin_dmku.htm，位于行 289
异常发生！错误属于：8,Undefined index: state，所在文件 /Users/nohacks/Documents/web/parse/admin/html/admin_dmku.htm，位于行 289
异常发生！错误属于：8,Undefined index: state，所在文件 /Users/nohacks/Documents/web/parse/admin/html/admin_dmku.htm，位于行 289
异常发生！错误属于：8,Undefined index: state，所在文件 /Users/nohacks/Documents/web/parse/admin/html/admin_dmku.htm，位于行 289
异常发生！错误属于：8,Undefined index: state，所在文件 /Users/nohacks/Documents/web/parse/admin/html/admin_dmku.htm，位于行 289
异常发生！错误属于：8,Undefined index: state，所在文件 /Users/nohacks/Documents/web/parse/admin/html/admin_dmku.htm，位于行 337
异常发生！错误属于：8,Undefined index: state，所在文件 /Users/nohacks/Documents/web/parse/admin/html/admin_dmku.htm，位于行 289
异常发生！错误属于：8,Undefined index: state，所在文件 /Users/nohacks/Documents/web/parse/admin/html/admin_dmku.htm，位于行 337
异常发生！错误属于：8,Undefined index: state，所在文件 /Users/nohacks/Documents/web/parse/admin/html/admin_dmku.htm，位于行 289
异常发生！错误属于：8,Undefined index: state，所在文件 /Users/nohacks/Documents/web/parse/admin/html/admin_dmku.htm，位于行 337
异常发生！错误属于：8,Undefined index: state，所在文件 /Users/nohacks/Documents/web/parse/admin/html/admin_dmku.htm，位于行 289
异常发生！错误属于：8,Undefined index: state，所在文件 /Users/nohacks/Documents/web/parse/admin/html/admin_dmku.htm，位于行 337
异常发生！错误属于：8,Undefined offset: 3，所在文件 /Users/nohacks/Documents/web/parse/include/class.db.php，位于行 45
异常发生！错误属于：8,Undefined index: state，所在文件 /Users/nohacks/Documents/web/parse/admin/html/admin_dmku.htm，位于行 289
异常发生！错误属于：8,Undefined index: state，所在文件 /Users/nohacks/Documents/web/parse/admin/html/admin_dmku.htm，位于行 337
异常发生！错误属于：8,Undefined variable: YUN_MACTH，所在文件 /Users/nohacks/Documents/web/parse/admin/html/admin_yun.htm，位于行 105
异常发生！错误属于：8,Undefined variable: YUN_MACTH，所在文件 /Users/nohacks/Documents/web/parse/admin/html/admin_yun.htm，位于行 105
异常发生！错误属于：8,Undefined offset: 3，所在文件 /Users/nohacks/Documents/web/parse/include/class.db.php，位于行 45
异常发生！错误属于：8,Undefined offset: 3，所在文件 /Users/nohacks/Documents/web/parse/admin/html/admin_vod_edit.htm，位于行 12
异常发生！错误属于：8,Undefined offset: 3，所在文件 /Users/nohacks/Documents/web/parse/admin/html/admin_vod_edit.htm，位于行 24
异常发生！错误属于：8,Undefined offset: 3，所在文件 /Users/nohacks/Documents/web/parse/admin/html/admin_vod_edit.htm，位于行 24
异常发生！错误属于：8,Undefined offset: 3，所在文件 /Users/nohacks/Documents/web/parse/admin/html/admin_vod_edit.htm，位于行 38
异常发生！错误属于：8,Undefined offset: 3，所在文件 /Users/nohacks/Documents/web/parse/admin/html/admin_vod_edit.htm，位于行 55
异常发生！错误属于：8,Undefined offset: 3，所在文件 /Users/nohacks/Documents/web/parse/include/class.db.php，位于行 45
异常发生！错误属于：8,Undefined offset: 3，所在文件 /Users/nohacks/Documents/web/parse/include/class.db.php，位于行 45
异常发生！错误属于：8,Undefined variable: YUN_MACTH，所在文件 /Users/nohacks/Documents/web/parse/admin/html/admin_yun.htm，位于行 105
