异常发生！错误属于：2,Undefined variable $YUN_MACTH，所在文件 /Users/nohacks/Documents/web/parse/admin/html/admin_yun.htm，位于行 105
异常发生！错误属于：2,Trying to access array offset on null，所在文件 /Users/nohacks/Documents/web/parse/admin/html/admin_yun.htm，位于行 105
异常发生！错误属于：2,foreach() argument must be of type array|object, false given，所在文件 /Users/nohacks/Documents/web/parse/video/class.yun.php，位于行 206
异常发生！错误属于：2,Undefined variable $vodurl，所在文件 /Users/nohacks/Documents/web/parse/video/class.yun.php，位于行 298
异常发生！错误属于：8192,preg_match(): Passing null to parameter #2 ($subject) of type string is deprecated，所在文件 /Users/nohacks/Documents/web/parse/video/class.yun.php，位于行 298
异常发生！错误属于：2,Undefined variable $info，所在文件 /Users/nohacks/Documents/web/parse/video/class.yun.php，位于行 305
异常发生！错误属于：2,Trying to access array offset on null，所在文件 /Users/nohacks/Documents/web/parse/video/class.yun.php，位于行 305
异常发生！错误属于：2,Trying to access array offset on null，所在文件 /Users/nohacks/Documents/web/parse/video/class.yun.php，位于行 305
异常发生！错误属于：0,sizeof(): Argument #1 ($value) must be of type Countable|array, null given，所在文件 /Users/nohacks/Documents/web/parse/video/class.yun.php，位于行 305
异常发生！错误属于：2,foreach() argument must be of type array|object, false given，所在文件 /Users/nohacks/Documents/web/parse/video/class.yun.php，位于行 206
异常发生！错误属于：2,Undefined variable $vodurl，所在文件 /Users/nohacks/Documents/web/parse/video/class.yun.php，位于行 298
异常发生！错误属于：8192,preg_match(): Passing null to parameter #2 ($subject) of type string is deprecated，所在文件 /Users/nohacks/Documents/web/parse/video/class.yun.php，位于行 298
异常发生！错误属于：2,Undefined variable $info，所在文件 /Users/nohacks/Documents/web/parse/video/class.yun.php，位于行 305
异常发生！错误属于：2,Trying to access array offset on null，所在文件 /Users/nohacks/Documents/web/parse/video/class.yun.php，位于行 305
异常发生！错误属于：2,Trying to access array offset on null，所在文件 /Users/nohacks/Documents/web/parse/video/class.yun.php，位于行 305
异常发生！错误属于：0,sizeof(): Argument #1 ($value) must be of type Countable|array, null given，所在文件 /Users/nohacks/Documents/web/parse/video/class.yun.php，位于行 305
异常发生！错误属于：2,foreach() argument must be of type array|object, false given，所在文件 /Users/nohacks/Documents/web/parse/video/class.yun.php，位于行 206
异常发生！错误属于：2,foreach() argument must be of type array|object, false given，所在文件 /Users/nohacks/Documents/web/parse/video/class.yun.php，位于行 206
异常发生！错误属于：2,foreach() argument must be of type array|object, false given，所在文件 /Users/nohacks/Documents/web/parse/video/class.yun.php，位于行 206
异常发生！错误属于：2,foreach() argument must be of type array|object, false given，所在文件 /Users/nohacks/Documents/web/parse/video/class.yun.php，位于行 206
异常发生！错误属于：2,foreach() argument must be of type array|object, false given，所在文件 /Users/nohacks/Documents/web/parse/video/class.yun.php，位于行 206
异常发生！错误属于：2,foreach() argument must be of type array|object, false given，所在文件 /Users/nohacks/Documents/web/parse/video/class.yun.php，位于行 206
异常发生！错误属于：2,foreach() argument must be of type array|object, false given，所在文件 /Users/nohacks/Documents/web/parse/video/class.yun.php，位于行 206
异常发生！错误属于：2,foreach() argument must be of type array|object, false given，所在文件 /Users/nohacks/Documents/web/parse/video/class.yun.php，位于行 208
异常发生！错误属于：2,foreach() argument must be of type array|object, false given，所在文件 /Users/nohacks/Documents/web/parse/video/class.yun.php，位于行 208
异常发生！错误属于：2,Undefined array key 2，所在文件 /Users/nohacks/Documents/web/parse/video/class.yun.php，位于行 809
异常发生！错误属于：2,foreach() argument must be of type array|object, false given，所在文件 /Users/nohacks/Documents/web/parse/video/class.yun.php，位于行 208
异常发生！错误属于：2,foreach() argument must be of type array|object, false given，所在文件 /Users/nohacks/Documents/web/parse/video/class.yun.php，位于行 216
异常发生！错误属于：2,foreach() argument must be of type array|object, false given，所在文件 /Users/nohacks/Documents/web/parse/video/class.yun.php，位于行 216
