异常发生！错误属于：2,Undefined variable $id，所在文件 /Users/kaizhang/Documents/web/parse/admin/html/admin_resource_add.htm，位于行 37
异常发生！错误属于：2,Undefined variable $id，所在文件 /Users/kaizhang/Documents/web/parse/admin/html/admin_resource_add.htm，位于行 37
异常发生！错误属于：2,Undefined variable $id，所在文件 /Users/kaizhang/Documents/web/parse/admin/html/admin_resource_add.htm，位于行 37
异常发生！错误属于：2,Undefined variable $id，所在文件 /Users/kaizhang/Documents/web/parse/admin/html/admin_resource_add.htm，位于行 37
异常发生！错误属于：2,Undefined variable $id，所在文件 /Users/kaizhang/Documents/web/parse/admin/html/admin_resource_add.htm，位于行 37
异常发生！错误属于：0,Unsupported operand types: string - int，所在文件 /Users/kaizhang/Documents/web/parse/video/class.yun.php，位于行 337
异常发生！错误属于：0,Call to undefined function int()，所在文件 /Users/kaizhang/Documents/web/parse/video/class.yun.php，位于行 337
异常发生！错误属于：2,Undefined array key -1，所在文件 /Users/kaizhang/Documents/web/parse/video/class.yun.php，位于行 337
异常发生！错误属于：2,Undefined array key -1，所在文件 /Users/kaizhang/Documents/web/parse/video/class.yun.php，位于行 337
异常发生！错误属于：8192,Decrement on empty string is deprecated as non-numeric，所在文件 /Users/kaizhang/Documents/web/parse/video/class.yun.php，位于行 338
异常发生！错误属于：0,Unsupported operand types: string - int，所在文件 /Users/kaizhang/Documents/web/parse/video/class.yun.php，位于行 338
异常发生！错误属于：0,Call to undefined function int()，所在文件 /Users/kaizhang/Documents/web/parse/video/class.yun.php，位于行 338
异常发生！错误属于：2,Undefined array key -1，所在文件 /Users/kaizhang/Documents/web/parse/video/class.yun.php，位于行 338
异常发生！错误属于：2,Undefined array key -1，所在文件 /Users/kaizhang/Documents/web/parse/video/class.yun.php，位于行 338
异常发生！错误属于：2,Undefined array key "url"，所在文件 /Users/kaizhang/Documents/web/parse/api.php，位于行 207
异常发生！错误属于：2,Undefined array key "url"，所在文件 /Users/kaizhang/Documents/web/parse/api.php，位于行 207
异常发生！错误属于：2,Attempt to read property "pagecount" on null，所在文件 /Users/kaizhang/Documents/web/parse/video/class.yun.php，位于行 543
异常发生！错误属于：2,Attempt to read property "pagecount" on null，所在文件 /Users/kaizhang/Documents/web/parse/video/class.yun.php，位于行 543
异常发生！错误属于：2,Attempt to read property "pagecount" on null，所在文件 /Users/kaizhang/Documents/web/parse/video/class.yun.php，位于行 543
异常发生！错误属于：2,Attempt to read property "pagecount" on null，所在文件 /Users/kaizhang/Documents/web/parse/video/class.yun.php，位于行 543
异常发生！错误属于：2,Attempt to read property "pagecount" on null，所在文件 /Users/kaizhang/Documents/web/parse/video/class.yun.php，位于行 543
异常发生！错误属于：2,Attempt to read property "pagecount" on null，所在文件 /Users/kaizhang/Documents/web/parse/video/class.yun.php，位于行 543
异常发生！错误属于：2,Attempt to read property "pagecount" on null，所在文件 /Users/kaizhang/Documents/web/parse/video/class.yun.php，位于行 543
异常发生！错误属于：2,Attempt to read property "pagecount" on null，所在文件 /Users/kaizhang/Documents/web/parse/video/class.yun.php，位于行 543
异常发生！错误属于：2,Attempt to read property "pagecount" on null，所在文件 /Users/kaizhang/Documents/web/parse/video/class.yun.php，位于行 543
异常发生！错误属于：2,Attempt to read property "pagecount" on null，所在文件 /Users/kaizhang/Documents/web/parse/video/class.yun.php，位于行 543
异常发生！错误属于：2,Attempt to read property "pagecount" on null，所在文件 /Users/kaizhang/Documents/web/parse/video/class.yun.php，位于行 543
异常发生！错误属于：2,Attempt to read property "pagecount" on null，所在文件 /Users/kaizhang/Documents/web/parse/video/class.yun.php，位于行 543
异常发生！错误属于：2,Attempt to read property "pagecount" on null，所在文件 /Users/kaizhang/Documents/web/parse/video/class.yun.php，位于行 543
异常发生！错误属于：2,Attempt to read property "pagecount" on null，所在文件 /Users/kaizhang/Documents/web/parse/video/class.yun.php，位于行 543
异常发生！错误属于：2,Attempt to read property "pagecount" on null，所在文件 /Users/kaizhang/Documents/web/parse/video/class.yun.php，位于行 543
异常发生！错误属于：2,Attempt to read property "pagecount" on null，所在文件 /Users/kaizhang/Documents/web/parse/video/class.yun.php，位于行 543
异常发生！错误属于：2,Attempt to read property "pagecount" on null，所在文件 /Users/kaizhang/Documents/web/parse/video/class.yun.php，位于行 543
异常发生！错误属于：2,Attempt to read property "pagecount" on null，所在文件 /Users/kaizhang/Documents/web/parse/video/class.yun.php，位于行 543
异常发生！错误属于：2,Attempt to read property "pagecount" on null，所在文件 /Users/kaizhang/Documents/web/parse/video/class.yun.php，位于行 543
异常发生！错误属于：2,Attempt to read property "pagecount" on null，所在文件 /Users/kaizhang/Documents/web/parse/video/class.yun.php，位于行 543
异常发生！错误属于：2,Undefined variable $YUN_MACTH，所在文件 /Users/kaizhang/Documents/web/parse/admin/html/admin_yun.htm，位于行 105
异常发生！错误属于：2,Attempt to read property "pagecount" on null，所在文件 /Users/kaizhang/Documents/web/parse/video/class.yun.php，位于行 543
异常发生！错误属于：2,Attempt to read property "pagecount" on null，所在文件 /Users/kaizhang/Documents/web/parse/video/class.yun.php，位于行 543
异常发生！错误属于：2,Attempt to read property "pagecount" on null，所在文件 /Users/kaizhang/Documents/web/parse/video/class.yun.php，位于行 543
异常发生！错误属于：2,Attempt to read property "pagecount" on null，所在文件 /Users/kaizhang/Documents/web/parse/video/class.yun.php，位于行 543
异常发生！错误属于：2,Attempt to read property "pagecount" on null，所在文件 /Users/kaizhang/Documents/web/parse/video/class.yun.php，位于行 543
异常发生！错误属于：2,Attempt to read property "pagecount" on null，所在文件 /Users/kaizhang/Documents/web/parse/video/class.yun.php，位于行 543
异常发生！错误属于：2,Attempt to read property "pagecount" on null，所在文件 /Users/kaizhang/Documents/web/parse/video/class.yun.php，位于行 543
异常发生！错误属于：2,Attempt to read property "pagecount" on null，所在文件 /Users/kaizhang/Documents/web/parse/video/class.yun.php，位于行 543
异常发生！错误属于：2,Attempt to read property "pagecount" on null，所在文件 /Users/kaizhang/Documents/web/parse/video/class.yun.php，位于行 543
异常发生！错误属于：2,Attempt to read property "pagecount" on null，所在文件 /Users/kaizhang/Documents/web/parse/video/class.yun.php，位于行 543
异常发生！错误属于：2,Attempt to read property "pagecount" on null，所在文件 /Users/kaizhang/Documents/web/parse/video/class.yun.php，位于行 543
异常发生！错误属于：2,Attempt to read property "pagecount" on null，所在文件 /Users/kaizhang/Documents/web/parse/video/class.yun.php，位于行 543
异常发生！错误属于：2,Attempt to read property "pagecount" on null，所在文件 /Users/kaizhang/Documents/web/parse/video/class.yun.php，位于行 543
异常发生！错误属于：2,Attempt to read property "pagecount" on null，所在文件 /Users/kaizhang/Documents/web/parse/video/class.yun.php，位于行 543
异常发生！错误属于：2,Attempt to read property "pagecount" on null，所在文件 /Users/kaizhang/Documents/web/parse/video/class.yun.php，位于行 543
异常发生！错误属于：2,Attempt to read property "pagecount" on null，所在文件 /Users/kaizhang/Documents/web/parse/video/class.yun.php，位于行 543
异常发生！错误属于：2,Attempt to read property "pagecount" on null，所在文件 /Users/kaizhang/Documents/web/parse/video/class.yun.php，位于行 543
异常发生！错误属于：2,Attempt to read property "pagecount" on null，所在文件 /Users/kaizhang/Documents/web/parse/video/class.yun.php，位于行 543
异常发生！错误属于：2,Attempt to read property "pagecount" on null，所在文件 /Users/kaizhang/Documents/web/parse/video/class.yun.php，位于行 543
异常发生！错误属于：2,Attempt to read property "pagecount" on null，所在文件 /Users/kaizhang/Documents/web/parse/video/class.yun.php，位于行 543
异常发生！错误属于：2,Attempt to read property "pagecount" on null，所在文件 /Users/kaizhang/Documents/web/parse/video/class.yun.php，位于行 543
异常发生！错误属于：2,Attempt to read property "pagecount" on null，所在文件 /Users/kaizhang/Documents/web/parse/video/class.yun.php，位于行 543
异常发生！错误属于：2,Attempt to read property "pagecount" on null，所在文件 /Users/kaizhang/Documents/web/parse/video/class.yun.php，位于行 543
异常发生！错误属于：2,Attempt to read property "pagecount" on null，所在文件 /Users/kaizhang/Documents/web/parse/video/class.yun.php，位于行 543
异常发生！错误属于：2,Attempt to read property "pagecount" on null，所在文件 /Users/kaizhang/Documents/web/parse/video/class.yun.php，位于行 543
异常发生！错误属于：2,Attempt to read property "pagecount" on null，所在文件 /Users/kaizhang/Documents/web/parse/video/class.yun.php，位于行 543
异常发生！错误属于：2,Undefined variable $YUN_MACTH，所在文件 /Users/kaizhang/Documents/web/parse/admin/html/admin_yun.htm，位于行 105
异常发生！错误属于：2,Attempt to read property "pagecount" on null，所在文件 /Users/kaizhang/Documents/web/parse/video/class.yun.php，位于行 543
异常发生！错误属于：2,Attempt to read property "pagecount" on null，所在文件 /Users/kaizhang/Documents/web/parse/video/class.yun.php，位于行 543
异常发生！错误属于：2,Attempt to read property "pagecount" on null，所在文件 /Users/kaizhang/Documents/web/parse/video/class.yun.php，位于行 543
异常发生！错误属于：2,Attempt to read property "pagecount" on null，所在文件 /Users/kaizhang/Documents/web/parse/video/class.yun.php，位于行 543
异常发生！错误属于：2,Attempt to read property "pagecount" on null，所在文件 /Users/kaizhang/Documents/web/parse/video/class.yun.php，位于行 543
异常发生！错误属于：2,Attempt to read property "pagecount" on null，所在文件 /Users/kaizhang/Documents/web/parse/video/class.yun.php，位于行 543
异常发生！错误属于：2,Attempt to read property "pagecount" on null，所在文件 /Users/kaizhang/Documents/web/parse/video/class.yun.php，位于行 543
异常发生！错误属于：2,Attempt to read property "pagecount" on null，所在文件 /Users/kaizhang/Documents/web/parse/video/class.yun.php，位于行 543
异常发生！错误属于：2,Attempt to read property "pagecount" on null，所在文件 /Users/kaizhang/Documents/web/parse/video/class.yun.php，位于行 543
异常发生！错误属于：2,Attempt to read property "pagecount" on null，所在文件 /Users/kaizhang/Documents/web/parse/video/class.yun.php，位于行 543
异常发生！错误属于：2,Attempt to read property "pagecount" on null，所在文件 /Users/kaizhang/Documents/web/parse/video/class.yun.php，位于行 543
异常发生！错误属于：2,Attempt to read property "pagecount" on null，所在文件 /Users/kaizhang/Documents/web/parse/video/class.yun.php，位于行 543
异常发生！错误属于：2,Attempt to read property "pagecount" on null，所在文件 /Users/kaizhang/Documents/web/parse/video/class.yun.php，位于行 543
异常发生！错误属于：2,Attempt to read property "pagecount" on null，所在文件 /Users/kaizhang/Documents/web/parse/video/class.yun.php，位于行 543
异常发生！错误属于：2,Attempt to read property "pagecount" on null，所在文件 /Users/kaizhang/Documents/web/parse/video/class.yun.php，位于行 543
异常发生！错误属于：2,Attempt to read property "pagecount" on null，所在文件 /Users/kaizhang/Documents/web/parse/video/class.yun.php，位于行 543
异常发生！错误属于：2,Attempt to read property "pagecount" on null，所在文件 /Users/kaizhang/Documents/web/parse/video/class.yun.php，位于行 543
异常发生！错误属于：2,Attempt to read property "pagecount" on null，所在文件 /Users/kaizhang/Documents/web/parse/video/class.yun.php，位于行 543
异常发生！错误属于：2,Attempt to read property "pagecount" on null，所在文件 /Users/kaizhang/Documents/web/parse/video/class.yun.php，位于行 543
异常发生！错误属于：2,Attempt to read property "list" on null，所在文件 /Users/kaizhang/Documents/web/parse/video/class.yun.php，位于行 581
异常发生！错误属于：0,syntax error, unexpected token "public"，所在文件 /Users/kaizhang/Documents/web/parse/video/class.yun.php，位于行 629
异常发生！错误属于：0,syntax error, unexpected token "public"，所在文件 /Users/kaizhang/Documents/web/parse/video/class.yun.php，位于行 629
异常发生！错误属于：2,simplexml_load_string(): Entity: line 17: parser error : xmlParseEntityRef: no name，所在文件 /Users/kaizhang/Documents/web/parse/video/class.yun.php，位于行 596
异常发生！错误属于：2,simplexml_load_string(): Entity: line 17: parser error : xmlParseEntityRef: no name，所在文件 /Users/kaizhang/Documents/web/parse/video/class.yun.php，位于行 596
异常发生！错误属于：2,simplexml_load_string(): Entity: line 17: parser error : xmlParseEntityRef: no name，所在文件 /Users/kaizhang/Documents/web/parse/video/class.yun.php，位于行 544
异常发生！错误属于：2,simplexml_load_string(): Entity: line 17: parser error : xmlParseEntityRef: no name，所在文件 /Users/kaizhang/Documents/web/parse/video/class.yun.php，位于行 544
异常发生！错误属于：2,simplexml_load_string(): Entity: line 17: parser error : xmlParseEntityRef: no name，所在文件 /Users/kaizhang/Documents/web/parse/video/class.yun.php，位于行 544
异常发生！错误属于：2,simplexml_load_string(): Entity: line 17: parser error : xmlParseEntityRef: no name，所在文件 /Users/kaizhang/Documents/web/parse/video/class.yun.php，位于行 544
异常发生！错误属于：2,simplexml_load_string(): Entity: line 17: parser error : xmlParseEntityRef: no name，所在文件 /Users/kaizhang/Documents/web/parse/video/class.yun.php，位于行 544
异常发生！错误属于：2,simplexml_load_string(): Entity: line 17: parser error : xmlParseEntityRef: no name，所在文件 /Users/kaizhang/Documents/web/parse/video/class.yun.php，位于行 596
异常发生！错误属于：2,simplexml_load_string(): Entity: line 17: parser error : xmlParseEntityRef: no name，所在文件 /Users/kaizhang/Documents/web/parse/video/class.yun.php，位于行 596
异常发生！错误属于：2,simplexml_load_string(): Entity: line 17: parser error : xmlParseEntityRef: no name，所在文件 /Users/kaizhang/Documents/web/parse/video/class.yun.php，位于行 544
异常发生！错误属于：2,simplexml_load_string(): Entity: line 17: parser error : xmlParseEntityRef: no name，所在文件 /Users/kaizhang/Documents/web/parse/video/class.yun.php，位于行 544
异常发生！错误属于：2,simplexml_load_string(): Entity: line 17: parser error : xmlParseEntityRef: no name，所在文件 /Users/kaizhang/Documents/web/parse/video/class.yun.php，位于行 596
异常发生！错误属于：2,simplexml_load_string(): Entity: line 17: parser error : xmlParseEntityRef: no name，所在文件 /Users/kaizhang/Documents/web/parse/video/class.yun.php，位于行 596
异常发生！错误属于：2,simplexml_load_string(): Entity: line 17: parser error : xmlParseEntityRef: no name，所在文件 /Users/kaizhang/Documents/web/parse/video/class.yun.php，位于行 544
异常发生！错误属于：2,simplexml_load_string(): Entity: line 17: parser error : xmlParseEntityRef: no name，所在文件 /Users/kaizhang/Documents/web/parse/video/class.yun.php，位于行 596
异常发生！错误属于：2,simplexml_load_string(): Entity: line 17: parser error : xmlParseEntityRef: no name，所在文件 /Users/kaizhang/Documents/web/parse/video/class.yun.php，位于行 596
异常发生！错误属于：2,simplexml_load_string(): Entity: line 17: parser error : xmlParseEntityRef: no name，所在文件 /Users/kaizhang/Documents/web/parse/video/class.yun.php，位于行 596
异常发生！错误属于：2,simplexml_load_string(): Entity: line 17: parser error : xmlParseEntityRef: no name，所在文件 /Users/kaizhang/Documents/web/parse/video/class.yun.php，位于行 596
异常发生！错误属于：2,simplexml_load_string(): Entity: line 17: parser error : xmlParseEntityRef: no name，所在文件 /Users/kaizhang/Documents/web/parse/video/class.yun.php，位于行 596
异常发生！错误属于：2,Undefined variable $pagecount，所在文件 /Users/kaizhang/Documents/web/parse/video/class.yun.php，位于行 566
异常发生！错误属于：2,Undefined variable $response，所在文件 /Users/kaizhang/Documents/web/parse/video/class.yun.php，位于行 534
异常发生！错误属于：2,simplexml_load_string(): Entity: line 17: parser error : xmlParseEntityRef: no name，所在文件 /Users/kaizhang/Documents/web/parse/video/class.yun.php，位于行 435
异常发生！错误属于：2,simplexml_load_string(): Entity: line 17: parser error : xmlParseEntityRef: no name，所在文件 /Users/kaizhang/Documents/web/parse/video/class.yun.php，位于行 435
异常发生！错误属于：2,simplexml_load_string(): Entity: line 17: parser error : xmlParseEntityRef: no name，所在文件 /Users/kaizhang/Documents/web/parse/video/class.yun.php，位于行 435
异常发生！错误属于：2,simplexml_load_string(): Entity: line 17: parser error : xmlParseEntityRef: no name，所在文件 /Users/kaizhang/Documents/web/parse/video/class.yun.php，位于行 435
异常发生！错误属于：2,simplexml_load_string(): Entity: line 28: parser error : EntityRef: expecting ';'，所在文件 /Users/kaizhang/Documents/web/parse/video/class.yun.php，位于行 435
异常发生！错误属于：2,simplexml_load_string(): Entity: line 28: parser error : EntityRef: expecting ';'，所在文件 /Users/kaizhang/Documents/web/parse/video/class.yun.php，位于行 435
异常发生！错误属于：2,Undefined variable $YUN_MACTH，所在文件 /Users/kaizhang/Documents/web/parse/admin/html/admin_yun.htm，位于行 105
